Archive member included because of file (symbol)

stm32f10x_lib/libstm32.a(stm32f10x_flash.o)
                              APP/src/main.o (FLASH_SetLatency)
stm32f10x_lib/libstm32.a(stm32f10x_gpio.o)
                              APP/src/main.o (GPIO_Init)
stm32f10x_lib/libstm32.a(stm32f10x_nvic.o)
                              APP/src/main.o (NVIC_PriorityGroupConfig)
stm32f10x_lib/libstm32.a(stm32f10x_pwr.o)
                              APP/src/main.o (PWR_BackupAccessCmd)
stm32f10x_lib/libstm32.a(stm32f10x_rcc.o)
                              APP/src/main.o (RCC_DeInit)
stm32f10x_lib/libstm32.a(stm32f10x_systick.o)
                              APP/src/main.o (SysTick_SetReload)
stm32f10x_lib/libstm32.a(stm32f10x_tim.o)
                              APP/src/main.o (TIM_DeInit)
stm32f10x_lib/libstm32.a(stm32f10x_usart.o)
                              APP/src/main.o (USART_DeInit)
stm32f10x_lib/libstm32.a(cortexm3_macro.o)
                              stm32f10x_lib/libstm32.a(stm32f10x_pwr.o) (__WFI)
stm32f10x_lib/libstm32.a(stm32f10x_vector.o)
                              (Reset_Handler)
/home/clement/tools/gcc-arm-none-eabi-4_9-2015q3/bin/../lib/gcc/arm-none-eabi/4.9.3/../../../../arm-none-eabi/lib/libc.a(lib_a-exit.o)
                              /home/clement/tools/gcc-arm-none-eabi-4_9-2015q3/bin/../lib/gcc/arm-none-eabi/4.9.3/../../../../arm-none-eabi/lib/crt0.o (exit)
/home/clement/tools/gcc-arm-none-eabi-4_9-2015q3/bin/../lib/gcc/arm-none-eabi/4.9.3/../../../../arm-none-eabi/lib/libc.a(lib_a-impure.o)
                              /home/clement/tools/gcc-arm-none-eabi-4_9-2015q3/bin/../lib/gcc/arm-none-eabi/4.9.3/../../../../arm-none-eabi/lib/libc.a(lib_a-exit.o) (_global_impure_ptr)
/home/clement/tools/gcc-arm-none-eabi-4_9-2015q3/bin/../lib/gcc/arm-none-eabi/4.9.3/../../../../arm-none-eabi/lib/libc.a(lib_a-init.o)
                              /home/clement/tools/gcc-arm-none-eabi-4_9-2015q3/bin/../lib/gcc/arm-none-eabi/4.9.3/../../../../arm-none-eabi/lib/crt0.o (__libc_init_array)
/home/clement/tools/gcc-arm-none-eabi-4_9-2015q3/bin/../lib/gcc/arm-none-eabi/4.9.3/../../../../arm-none-eabi/lib/libc.a(lib_a-memset.o)
                              /home/clement/tools/gcc-arm-none-eabi-4_9-2015q3/bin/../lib/gcc/arm-none-eabi/4.9.3/../../../../arm-none-eabi/lib/crt0.o (memset)
/home/clement/tools/gcc-arm-none-eabi-4_9-2015q3/bin/../lib/gcc/arm-none-eabi/4.9.3/../../../../arm-none-eabi/lib/libc.a(lib_a-__call_atexit.o)
                              /home/clement/tools/gcc-arm-none-eabi-4_9-2015q3/bin/../lib/gcc/arm-none-eabi/4.9.3/../../../../arm-none-eabi/lib/libc.a(lib_a-exit.o) (__call_exitprocs)
/home/clement/tools/gcc-arm-none-eabi-4_9-2015q3/bin/../lib/gcc/arm-none-eabi/4.9.3/../../../../arm-none-eabi/lib/libc.a(lib_a-atexit.o)
                              /home/clement/tools/gcc-arm-none-eabi-4_9-2015q3/bin/../lib/gcc/arm-none-eabi/4.9.3/../../../../arm-none-eabi/lib/libc.a(lib_a-__call_atexit.o) (atexit)
/home/clement/tools/gcc-arm-none-eabi-4_9-2015q3/bin/../lib/gcc/arm-none-eabi/4.9.3/../../../../arm-none-eabi/lib/libc.a(lib_a-fini.o)
                              /home/clement/tools/gcc-arm-none-eabi-4_9-2015q3/bin/../lib/gcc/arm-none-eabi/4.9.3/../../../../arm-none-eabi/lib/libc.a(lib_a-__call_atexit.o) (__libc_fini_array)
/home/clement/tools/gcc-arm-none-eabi-4_9-2015q3/bin/../lib/gcc/arm-none-eabi/4.9.3/../../../../arm-none-eabi/lib/libc.a(lib_a-__atexit.o)
                              /home/clement/tools/gcc-arm-none-eabi-4_9-2015q3/bin/../lib/gcc/arm-none-eabi/4.9.3/../../../../arm-none-eabi/lib/libc.a(lib_a-atexit.o) (__register_exitproc)

Discarded input sections

 .text          0x00000000        0x0 /home/clement/tools/gcc-arm-none-eabi-4_9-2015q3/bin/../lib/gcc/arm-none-eabi/4.9.3/crti.o
 .data          0x00000000        0x0 /home/clement/tools/gcc-arm-none-eabi-4_9-2015q3/bin/../lib/gcc/arm-none-eabi/4.9.3/crti.o
 .bss           0x00000000        0x0 /home/clement/tools/gcc-arm-none-eabi-4_9-2015q3/bin/../lib/gcc/arm-none-eabi/4.9.3/crti.o
 .init          0x00000000        0xc /home/clement/tools/gcc-arm-none-eabi-4_9-2015q3/bin/../lib/gcc/arm-none-eabi/4.9.3/crti.o
 .fini          0x00000000        0xc /home/clement/tools/gcc-arm-none-eabi-4_9-2015q3/bin/../lib/gcc/arm-none-eabi/4.9.3/crti.o
 .ARM.attributes
                0x00000000       0x16 /home/clement/tools/gcc-arm-none-eabi-4_9-2015q3/bin/../lib/gcc/arm-none-eabi/4.9.3/crti.o
 .text          0x00000000       0x98 /home/clement/tools/gcc-arm-none-eabi-4_9-2015q3/bin/../lib/gcc/arm-none-eabi/4.9.3/crtbegin.o
 .data          0x00000000        0x4 /home/clement/tools/gcc-arm-none-eabi-4_9-2015q3/bin/../lib/gcc/arm-none-eabi/4.9.3/crtbegin.o
 .bss           0x00000000       0x1c /home/clement/tools/gcc-arm-none-eabi-4_9-2015q3/bin/../lib/gcc/arm-none-eabi/4.9.3/crtbegin.o
 .init_array    0x00000000        0x4 /home/clement/tools/gcc-arm-none-eabi-4_9-2015q3/bin/../lib/gcc/arm-none-eabi/4.9.3/crtbegin.o
[...]
Memory Configuration

Name             Origin             Length             Attributes
RAM              0x20000000         0x00010000         xrw
FLASH            0x08003000         0x0007d000         xr
FLASHB1          0x00000000         0x00000000         xr
EXTMEMB0         0x00000000         0x00000000         xr
EXTMEMB1         0x00000000         0x00000000         xr
EXTMEMB2         0x00000000         0x00000000         xr
EXTMEMB3         0x00000000         0x00000000         xr
*default*        0x00000000         0xffffffff

Linker script and memory map

LOAD /home/clement/tools/gcc-arm-none-eabi-4_9-2015q3/bin/../lib/gcc/arm-none-eabi/4.9.3/crti.o
LOAD /home/clement/tools/gcc-arm-none-eabi-4_9-2015q3/bin/../lib/gcc/arm-none-eabi/4.9.3/crtbegin.o
LOAD /home/clement/tools/gcc-arm-none-eabi-4_9-2015q3/bin/../lib/gcc/arm-none-eabi/4.9.3/../../../../arm-none-eabi/lib/crt0.o
LOAD APP/src/main.o
LOAD APP/src/stm32f10x_it.o
LOAD APP/src/dxl_hal.o
LOAD APP/src/dynamixel.o
LOAD stm32f10x_lib/libstm32.a
START GROUP
LOAD /home/clement/tools/gcc-arm-none-eabi-4_9-2015q3/bin/../lib/gcc/arm-none-eabi/4.9.3/libgcc.a
LOAD /home/clement/tools/gcc-arm-none-eabi-4_9-2015q3/bin/../lib/gcc/arm-none-eabi/4.9.3/../../../../arm-none-eabi/lib/libc.a
END GROUP
LOAD /home/clement/tools/gcc-arm-none-eabi-4_9-2015q3/bin/../lib/gcc/arm-none-eabi/4.9.3/crtend.o
LOAD /home/clement/tools/gcc-arm-none-eabi-4_9-2015q3/bin/../lib/gcc/arm-none-eabi/4.9.3/crtn.o
                0x00000400                __Stack_Size = 0x400
                0x00000400                PROVIDE (_Stack_Size, __Stack_Size)
                0x2000fc00                __Stack_Init = (_estack - __Stack_Size)
                0x2000fc00                PROVIDE (_Stack_Init, __Stack_Init)
                0x00000100                _Minimum_Stack_Size = 0x100
                0x00000000                PROVIDE (Undefined_Handler, 0x0)
                0x00000000                PROVIDE (SWI_Handler, 0x0)
                0x00000000                PROVIDE (IRQ_Handler, 0x0)
                0x00000000                PROVIDE (Prefetch_Handler, 0x0)
                0x00000000                PROVIDE (Abort_Handler, 0x0)
                0x00000000                PROVIDE (FIQ_Handler, 0x0)
                0x00000000                PROVIDE (NMIException, 0x0)
                0x00000000                PROVIDE (HardFaultException, 0x0)
                0x00000000                PROVIDE (MemManageException, 0x0)
                0x00000000                PROVIDE (BusFaultException, 0x0)
                0x00000000                PROVIDE (UsageFaultException, 0x0)
                0x00000000                PROVIDE (SVCHandler, 0x0)
                0x00000000                PROVIDE (DebugMonitor, 0x0)
                0x00000000                PROVIDE (PendSVC, 0x0)
                0x00000000                PROVIDE (SysTickHandler, 0x0)
                0x00000000                PROVIDE (WWDG_IRQHandler, 0x0)
                0x00000000                PROVIDE (PVD_IRQHandler, 0x0)
                0x00000000                PROVIDE (TAMPER_IRQHandler, 0x0)
                0x00000000                PROVIDE (RTC_IRQHandler, 0x0)
                0x00000000                PROVIDE (FLASH_IRQHandler, 0x0)
                0x00000000                PROVIDE (RCC_IRQHandler, 0x0)
                0x00000000                PROVIDE (EXTI0_IRQHandler, 0x0)
                0x00000000                PROVIDE (EXTI1_IRQHandler, 0x0)
                0x00000000                PROVIDE (EXTI2_IRQHandler, 0x0)
                0x00000000                PROVIDE (EXTI3_IRQHandler, 0x0)
                0x00000000                PROVIDE (EXTI4_IRQHandler, 0x0)
                0x00000000                PROVIDE (DMAChannel1_IRQHandler, 0x0)
                0x00000000                PROVIDE (DMAChannel2_IRQHandler, 0x0)
                0x00000000                PROVIDE (DMAChannel3_IRQHandler, 0x0)
                0x00000000                PROVIDE (DMAChannel4_IRQHandler, 0x0)
                0x00000000                PROVIDE (DMAChannel5_IRQHandler, 0x0)
                0x00000000                PROVIDE (DMAChannel6_IRQHandler, 0x0)
                0x00000000                PROVIDE (DMAChannel7_IRQHandler, 0x0)
                0x00000000                PROVIDE (ADC_IRQHandler, 0x0)
                0x00000000                PROVIDE (USB_HP_CAN_TX_IRQHandler, 0x0)
                0x00000000                PROVIDE (USB_LP_CAN_RX0_IRQHandler, 0x0)
                0x00000000                PROVIDE (CAN_RX1_IRQHandler, 0x0)
                0x00000000                PROVIDE (CAN_SCE_IRQHandler, 0x0)
                0x00000000                PROVIDE (EXTI9_5_IRQHandler, 0x0)
                0x00000000                PROVIDE (TIM1_BRK_IRQHandler, 0x0)
                0x00000000                PROVIDE (TIM1_UP_IRQHandler, 0x0)
                0x00000000                PROVIDE (TIM1_TRG_COM_IRQHandler, 0x0)
                0x00000000                PROVIDE (TIM1_CC_IRQHandler, 0x0)
                0x00000000                PROVIDE (TIM2_IRQHandler, 0x0)
                0x00000000                PROVIDE (TIM3_IRQHandler, 0x0)
                0x00000000                PROVIDE (TIM4_IRQHandler, 0x0)
                0x00000000                PROVIDE (I2C1_EV_IRQHandler, 0x0)
                0x00000000                PROVIDE (I2C1_ER_IRQHandler, 0x0)
                0x00000000                PROVIDE (I2C2_EV_IRQHandler, 0x0)
                0x00000000                PROVIDE (I2C2_ER_IRQHandler, 0x0)
                0x00000000                PROVIDE (SPI1_IRQHandler, 0x0)
                0x00000000                PROVIDE (SPI2_IRQHandler, 0x0)
                0x00000000                PROVIDE (USART1_IRQHandler, 0x0)
                0x00000000                PROVIDE (USART2_IRQHandler, 0x0)
                0x00000000                PROVIDE (USART3_IRQHandler, 0x0)
                0x00000000                PROVIDE (EXTI15_10_IRQHandler, 0x0)
                0x00000000                PROVIDE (RTCAlarm_IRQHandler, 0x0)
                0x00000000                PROVIDE (USBWakeUp_IRQHandler, 0x0)
                0x42000000                PERIPH_BB_BASE = 0x42000000
                0x22000000                SRAM_BB_BASE = 0x22000000
                0x20000000                SRAM_BASE = 0x20000000
                0x40000000                PERIPH_BASE = 0x40000000
                0x40022000                PROVIDE (FLASH_BASE, 0x40022000)
                0x1ffff800                PROVIDE (OB_BASE, 0x1ffff800)
                0x40000000                APB1PERIPH_BASE = PERIPH_BASE
                0x40010000                APB2PERIPH_BASE = (PERIPH_BASE + 0x10000)
                0x40020000                AHBPERIPH_BASE = (PERIPH_BASE + 0x20000)
                0x40000000                PROVIDE (TIM2, (APB1PERIPH_BASE + 0x0))
                0x40000400                PROVIDE (TIM3, (APB1PERIPH_BASE + 0x400))
                0x40000800                PROVIDE (TIM4, (APB1PERIPH_BASE + 0x800))
                0x40002800                PROVIDE (RTC, (APB1PERIPH_BASE + 0x2800))
                0x40002c00                PROVIDE (WWDG, (APB1PERIPH_BASE + 0x2c00))
                0x40003000                PROVIDE (IWDG, (APB1PERIPH_BASE + 0x3000))
                0x40003800                PROVIDE (SPI2, (APB1PERIPH_BASE + 0x3800))
                0x40004400                PROVIDE (USART2, (APB1PERIPH_BASE + 0x4400))
                0x40004800                PROVIDE (USART3, (APB1PERIPH_BASE + 0x4800))
                0x40005400                PROVIDE (I2C1, (APB1PERIPH_BASE + 0x5400))
                0x40005800                PROVIDE (I2C2, (APB1PERIPH_BASE + 0x5800))
                0x40006400                PROVIDE (CAN, (APB1PERIPH_BASE + 0x6400))
                0x40006c00                PROVIDE (BKP, (APB1PERIPH_BASE + 0x6c00))
                0x40007000                PROVIDE (PWR, (APB1PERIPH_BASE + 0x7000))
                0x40010000                PROVIDE (AFIO, (APB2PERIPH_BASE + 0x0))
                0x40010400                PROVIDE (EXTI, (APB2PERIPH_BASE + 0x400))
                0x40010800                PROVIDE (GPIOA, (APB2PERIPH_BASE + 0x800))
                0x40010c00                PROVIDE (GPIOB, (APB2PERIPH_BASE + 0xc00))
                0x40011000                PROVIDE (GPIOC, (APB2PERIPH_BASE + 0x1000))
                0x40011400                PROVIDE (GPIOD, (APB2PERIPH_BASE + 0x1400))
                0x40011800                PROVIDE (GPIOE, (APB2PERIPH_BASE + 0x1800))
                0x40012400                PROVIDE (ADC1, (APB2PERIPH_BASE + 0x2400))
                0x40012800                PROVIDE (ADC2, (APB2PERIPH_BASE + 0x2800))
                0x40012c00                PROVIDE (TIM1, (APB2PERIPH_BASE + 0x2c00))
                0x40013000                PROVIDE (SPI1, (APB2PERIPH_BASE + 0x3000))
                0x40013800                PROVIDE (USART1, (APB2PERIPH_BASE + 0x3800))
                0x40020000                PROVIDE (DMA, (AHBPERIPH_BASE + 0x0))
                0x40020008                PROVIDE (DMA_Channel1, (AHBPERIPH_BASE + 0x8))
                0x4002001c                PROVIDE (DMA_Channel2, (AHBPERIPH_BASE + 0x1c))
                0x40020030                PROVIDE (DMA_Channel3, (AHBPERIPH_BASE + 0x30))
                0x40020044                PROVIDE (DMA_Channel4, (AHBPERIPH_BASE + 0x44))
                0x40020058                PROVIDE (DMA_Channel5, (AHBPERIPH_BASE + 0x58))
                0x4002006c                PROVIDE (DMA_Channel6, (AHBPERIPH_BASE + 0x6c))
                0x40020080                PROVIDE (DMA_Channel7, (AHBPERIPH_BASE + 0x80))
                0x40021000                PROVIDE (RCC, (AHBPERIPH_BASE + 0x1000))
                0xe000e000                SCS_BASE = 0xe000e000
                0xe000e010                PROVIDE (SysTick, (SCS_BASE + 0x10))
                0xe000e100                PROVIDE (NVIC, (SCS_BASE + 0x100))
                0xe000ed00                PROVIDE (SCB, (SCS_BASE + 0xd00))
                0x20010000                _estack = 0x20010000

.isr_vector     0x08003000      0x134
                0x08003000                . = ALIGN (0x4)
 *(.isr_vector)
 .isr_vector    0x08003000      0x134 stm32f10x_lib/libstm32.a(stm32f10x_vector.o)
                0x08003000                g_pfnVectors
                0x08003134                . = ALIGN (0x4)

.flashtext      0x08003134        0x0
                0x08003134                . = ALIGN (0x4)
 *(.flashtext)
                0x08003134                . = ALIGN (0x4)

.text           0x08003134     0x3040
                0x08003134                . = ALIGN (0x4)
 *(.text)
 .text          0x08003134      0xb30 APP/src/main.o
                0x08003134                RCC_Configuration
                0x080031b8                NVIC_Configuration
                0x08003206                GPIO_Configuration
                0x0800328c                DisableUSART1
                0x08003298                ClearBuffer256
                0x080032a8                CheckNewArrive
                0x080032bc                TxDByte_DXL
                0x08003300                RxDByte_DXL
                0x08003320                TxDByte_PC
                0x0800333c                TxDString
                0x0800334e                infiniteTurn
                0x0800337c                normalTurn
                0x080033ac                PrintCommStatus
                0x080033f8                PrintErrorCode
                0x0800348c                TxDByte16
                0x080034ba                TxDWord16
                0x080034ce                setSpeed
                0x08003508                setAngle
                0x08003550                lightOn
                0x08003584                lightOff
                0x080035b8                getSpeed
                0x080035f0                getAngle
                0x08003628                checkObstacle
                0x08003660                checkLuminosity
                0x08003698                leftInfraRed
                0x080036d0                centerInfraRed
                0x08003708                rightInfraRed
                0x08003740                leftLuminosity
                0x08003778                centerLuminosity
                0x080037b0                rightLuminosity
                0x080037e8                dataSound
                0x08003820                noteBuzz
                0x08003854                timeBuzz
                0x0800386e                Timer_Configuration
                0x080038fc                TimerInterrupt_1ms
                0x08003950                RxD0Interrupt
                0x08003980                SysTick_Configuration
                0x08003994                __ISR_DELAY
                0x080039ac                mDelay
                0x080039dc                buzzWithDelay
                0x08003a0e                init_music
                0x08003a90                init_lights
                0x08003b90                USART_Configuration
                0x08003c0c                init_config
                0x08003c3c                USART1_Configuration
                0x08003c44                StartDiscount
                0x08003c50                CheckTimeOut
 .text          0x08003c64       0x90 APP/src/stm32f10x_it.o
                0x08003c64                NMIException
                0x08003c66                HardFaultException
                0x08003c68                MemManageException
                0x08003c6a                BusFaultException
                0x08003c6c                UsageFaultException
                0x08003c6e                DebugMonitor
                0x08003c70                SVCHandler
                0x08003c72                PendSVC
                0x08003c74                SysTickHandler
                0x08003c78                WWDG_IRQHandler
                0x08003c7a                PVD_IRQHandler
                0x08003c7c                TAMPER_IRQHandler
                0x08003c7e                RTC_IRQHandler
                0x08003c80                FLASH_IRQHandler
                0x08003c82                RCC_IRQHandler
                0x08003c84                EXTI0_IRQHandler
                0x08003c86                EXTI1_IRQHandler
                0x08003c88                EXTI2_IRQHandler
                0x08003c8a                EXTI3_IRQHandler
                0x08003c8c                EXTI4_IRQHandler
                0x08003c8e                DMA1_Channel1_IRQHandler
                0x08003c90                DMA1_Channel2_IRQHandler
                0x08003c92                DMA1_Channel3_IRQHandler
                0x08003c94                DMA1_Channel4_IRQHandler
                0x08003c96                DMA1_Channel5_IRQHandler
                0x08003c98                DMA1_Channel6_IRQHandler
                0x08003c9a                DMA1_Channel7_IRQHandler
                0x08003c9c                ADC1_2_IRQHandler
                0x08003c9e                USB_HP_CAN_TX_IRQHandler
                0x08003ca0                USB_LP_CAN_RX0_IRQHandler
                0x08003ca2                CAN_RX1_IRQHandler
                0x08003ca4                CAN_SCE_IRQHandler
                0x08003ca6                EXTI9_5_IRQHandler
                0x08003ca8                TIM1_BRK_IRQHandler
                0x08003caa                TIM1_UP_IRQHandler
                0x08003cac                TIM1_TRG_COM_IRQHandler
                0x08003cae                TIM1_CC_IRQHandler
                0x08003cb0                TIM2_IRQHandler
                0x08003cb4                TIM3_IRQHandler
                0x08003cb6                TIM4_IRQHandler
                0x08003cb8                I2C1_EV_IRQHandler
                0x08003cba                I2C1_ER_IRQHandler
                0x08003cbc                I2C2_EV_IRQHandler
                0x08003cbe                I2C2_ER_IRQHandler
                0x08003cc0                SPI1_IRQHandler
                0x08003cc2                SPI2_IRQHandler
                0x08003cc4                USART1_IRQHandler
                0x08003cc8                USART2_IRQHandler
                0x08003cca                USART3_IRQHandler
                0x08003ccc                EXTI15_10_IRQHandler
                0x08003cce                RTCAlarm_IRQHandler
                0x08003cd0                USBWakeUp_IRQHandler
                0x08003cd2                TIM8_BRK_IRQHandler
                0x08003cd4                TIM8_UP_IRQHandler
                0x08003cd6                TIM8_TRG_COM_IRQHandler
                0x08003cd8                TIM8_CC_IRQHandler
                0x08003cda                ADC3_IRQHandler
                0x08003cdc                FSMC_IRQHandler
                0x08003cde                SDIO_IRQHandler
                0x08003ce0                TIM5_IRQHandler
                0x08003ce2                SPI3_IRQHandler
                0x08003ce4                UART4_IRQHandler
                0x08003ce6                UART5_IRQHandler
                0x08003ce8                TIM6_IRQHandler
                0x08003cea                TIM7_IRQHandler
                0x08003cec                DMA2_Channel1_IRQHandler
                0x08003cee                DMA2_Channel2_IRQHandler
                0x08003cf0                DMA2_Channel3_IRQHandler
                0x08003cf2                DMA2_Channel4_5_IRQHandler
 .text          0x08003cf4       0x62 APP/src/dxl_hal.o
                0x08003cf4                dxl_hal_open
                0x08003d00                dxl_hal_close
                0x08003d04                dxl_hal_clear
                0x08003d08                dxl_hal_tx
                0x08003d26                dxl_hal_rx
                0x08003d4a                dxl_hal_set_timeout
                0x08003d52                dxl_hal_timeout
 *fill*         0x08003d56        0x2 
 .text          0x08003d58      0x37c APP/src/dynamixel.o
                0x08003d58                dxl_initialize
                0x08003d84                dxl_terminate
                0x08003d88                dxl_tx_packet
                0x08003e24                dxl_rx_packet
                0x08003f74                dxl_txrx_packet
                0x08003f94                dxl_get_result
                0x08003fa0                dxl_set_txpacket_id
                0x08003fac                dxl_set_txpacket_instruction
                0x08003fb8                dxl_set_txpacket_parameter
                0x08003fc4                dxl_set_txpacket_length
                0x08003fd0                dxl_get_rxpacket_error
                0x08003fe4                dxl_get_rxpacket_length
                0x08003ff0                dxl_get_rxpacket_parameter
                0x08004000                dxl_makeword
                0x08004008                dxl_get_lowbyte
                0x0800400c                dxl_get_highbyte
                0x08004012                dxl_ping
                0x0800402c                dxl_read_byte
                0x08004054                dxl_write_byte
                0x08004078                dxl_read_word
                0x080040a8                dxl_write_word
 .text          0x080040d4      0x480 stm32f10x_lib/libstm32.a(stm32f10x_flash.o)
                0x080040d4                FLASH_SetLatency
                0x080040ec                FLASH_HalfCycleAccessCmd
                0x08004104                FLASH_PrefetchBufferCmd
                0x0800411c                FLASH_Unlock
                0x08004134                FLASH_Lock
                0x08004144                FLASH_GetUserOptionByte
                0x08004150                FLASH_GetWriteProtectionOptionByte
                0x0800415c                FLASH_GetReadOutProtectionStatus
                0x0800416c                FLASH_GetPrefetchBufferStatus
                0x0800417c                FLASH_ITConfig
                0x08004194                FLASH_GetFlagStatus
                0x080041b4                FLASH_ClearFlag
                0x080041c0                FLASH_GetStatus
                0x080041e8                FLASH_WaitForLastOperation
                0x0800421e                FLASH_ErasePage
                0x08004260                FLASH_EraseAllPages
                0x0800429c                FLASH_EraseOptionBytes
                0x0800430c                FLASH_ProgramWord
                0x08004354                FLASH_ProgramHalfWord
                0x0800438c                FLASH_ProgramOptionByteData
                0x080043d4                FLASH_EnableWriteProtection
                0x08004474                FLASH_ReadOutProtection
                0x08004500                FLASH_UserOptionByteConfig
 .text          0x08004554      0x258 stm32f10x_lib/libstm32.a(stm32f10x_gpio.o)
                0x08004554                GPIO_DeInit
                0x080045f8                GPIO_AFIODeInit
                0x0800460e                GPIO_Init
                0x080046aa                GPIO_StructInit
                0x080046ba                GPIO_ReadInputDataBit
                0x080046c6                GPIO_ReadInputData
                0x080046cc                GPIO_ReadOutputDataBit
                0x080046d8                GPIO_ReadOutputData
                0x080046de                GPIO_SetBits
                0x080046e2                GPIO_ResetBits
                0x080046e6                GPIO_WriteBit
                0x080046f0                GPIO_Write
                0x080046f4                GPIO_PinLockConfig
                0x08004704                GPIO_EventOutputConfig
                0x08004720                GPIO_EventOutputCmd
                0x0800472c                GPIO_PinRemapConfig
                0x08004780                GPIO_EXTILineConfig
 .text          0x080047ac      0x314 stm32f10x_lib/libstm32.a(stm32f10x_nvic.o)
                0x080047ac                NVIC_DeInit
                0x080047e0                NVIC_SCBDeInit
                0x08004810                NVIC_PriorityGroupConfig
                0x08004824                NVIC_Init
                0x080048a8                NVIC_StructInit
                0x080048b4                NVIC_SETPRIMASK
                0x080048b8                NVIC_RESETPRIMASK
                0x080048bc                NVIC_SETFAULTMASK
                0x080048c0                NVIC_RESETFAULTMASK
                0x080048c4                NVIC_BASEPRICONFIG
                0x080048ca                NVIC_GetBASEPRI
                0x080048ce                NVIC_GetCurrentPendingIRQChannel
                0x080048dc                NVIC_GetIRQChannelPendingBitStatus
                0x080048fc                NVIC_SetIRQChannelPendingBit
                0x08004908                NVIC_ClearIRQChannelPendingBit
                0x08004920                NVIC_GetCurrentActiveHandler
                0x08004930                NVIC_GetIRQChannelActiveBitStatus
                0x08004950                NVIC_GetCPUID
                0x0800495c                NVIC_SetVectorTable
                0x08004970                NVIC_GenerateSystemReset
                0x08004980                NVIC_GenerateCoreReset
                0x08004990                NVIC_SystemLPConfig
                0x080049a8                NVIC_SystemHandlerConfig
                0x080049c8                NVIC_SystemHandlerPriorityConfig
                0x08004a14                NVIC_GetSystemHandlerPendingBitStatus
                0x08004a30                NVIC_SetSystemHandlerPendingBit
                0x08004a48                NVIC_ClearSystemHandlerPendingBit
                0x08004a60                NVIC_GetSystemHandlerActiveBitStatus
                0x08004a7c                NVIC_GetFaultHandlerSources
                0x08004aac                NVIC_GetFaultAddress
 .text          0x08004ac0       0xc8 stm32f10x_lib/libstm32.a(stm32f10x_pwr.o)
                0x08004ac0                PWR_DeInit
                0x08004ada                PWR_BackupAccessCmd
                0x08004ae4                PWR_PVDCmd
                0x08004af0                PWR_PVDLevelConfig
                0x08004b04                PWR_WakeUpPinCmd
                0x08004b10                PWR_EnterSTOPMode
                0x08004b3c                PWR_EnterSTANDBYMode
                0x08004b64                PWR_GetFlagStatus
                0x08004b78                PWR_ClearFlag
 .text          0x08004b88      0x33c stm32f10x_lib/libstm32.a(stm32f10x_rcc.o)
                0x08004b88                RCC_DeInit
                0x08004bc4                RCC_HSEConfig
                0x08004bfc                RCC_AdjustHSICalibrationValue
                0x08004c10                RCC_HSICmd
                0x08004c1c                RCC_PLLConfig
                0x08004c30                RCC_PLLCmd
                0x08004c3c                RCC_SYSCLKConfig
                0x08004c50                RCC_GetSYSCLKSource
                0x08004c60                RCC_HCLKConfig
                0x08004c74                RCC_PCLK1Config
                0x08004c88                RCC_PCLK2Config
                0x08004c9c                RCC_ITConfig
                0x08004cb4                RCC_USBCLKConfig
                0x08004cc0                RCC_ADCCLKConfig
                0x08004cd4                RCC_LSEConfig
                0x08004cf4                RCC_LSICmd
                0x08004d00                RCC_RTCCLKConfig
                0x08004d10                RCC_RTCCLKCmd
                0x08004d1c                RCC_GetClocksFreq
                0x08004da0                RCC_AHBPeriphClockCmd
                0x08004db8                RCC_APB2PeriphClockCmd
                0x08004dd0                RCC_APB1PeriphClockCmd
                0x08004de8                RCC_APB2PeriphResetCmd
                0x08004e00                RCC_APB1PeriphResetCmd
                0x08004e18                RCC_BackupResetCmd
                0x08004e24                RCC_ClockSecuritySystemCmd
                0x08004e30                RCC_MCOConfig
                0x08004e3c                RCC_GetFlagStatus
                0x08004e64                RCC_WaitForHSEStartUp
                0x08004e92                RCC_ClearFlag
                0x08004ea4                RCC_GetITStatus
                0x08004eb8                RCC_ClearITPendingBit
 .text          0x08004ec4       0x8c stm32f10x_lib/libstm32.a(stm32f10x_systick.o)
                0x08004ec4                SysTick_CLKSourceConfig
                0x08004edc                SysTick_SetReload
                0x08004ee8                SysTick_CounterCmd
                0x08004f10                SysTick_ITConfig
                0x08004f28                SysTick_GetCounter
                0x08004f34                SysTick_GetFlagStatus
 .text          0x08004f50      0xa44 stm32f10x_lib/libstm32.a(stm32f10x_tim.o)
                0x08004fbc                TIM_DeInit
                0x08005084                TIM_TimeBaseInit
                0x080050c0                TIM_OC1Init
                0x08005134                TIM_OC2Init
                0x080051bc                TIM_OC3Init
                0x08005240                TIM_OC4Init
                0x080052a8                TIM_BDTRConfig
                0x080052ca                TIM_TimeBaseStructInit
                0x080052dc                TIM_OCStructInit
                0x080052f0                TIM_ICStructInit
                0x08005300                TIM_BDTRStructInit
                0x08005312                TIM_Cmd
                0x0800532a                TIM_CtrlPWMOutputs
                0x08005346                TIM_ITConfig
                0x08005358                TIM_GenerateEvent
                0x0800535c                TIM_DMAConfig
                0x08005364                TIM_DMACmd
                0x08005376                TIM_InternalClockConfig
                0x08005384                TIM_ITRxExternalClockConfig
                0x0800539e                TIM_TIxExternalClockConfig
                0x080053d2                TIM_ETRConfig
                0x080053e6                TIM_ETRClockMode1Config
                0x08005400                TIM_ETRClockMode2Config
                0x08005414                TIM_PrescalerConfig
                0x0800541a                TIM_CounterModeConfig
                0x0800542a                TIM_SelectInputTrigger
                0x0800543a                TIM_EncoderInterfaceConfig
                0x08005476                TIM_ForcedOC1Config
                0x08005486                TIM_ForcedOC2Config
                0x0800549a                TIM_ForcedOC3Config
                0x080054aa                TIM_ForcedOC4Config
                0x080054be                TIM_ARRPreloadConfig
                0x080054d6                TIM_SelectCOM
                0x080054ee                TIM_SelectCCDMA
                0x08005506                TIM_CCPreloadControl
                0x0800551e                TIM_OC1PreloadConfig
                0x0800552e                TIM_OC2PreloadConfig
                0x08005542                TIM_OC3PreloadConfig
                0x08005552                TIM_OC4PreloadConfig
                0x08005566                TIM_OC1FastConfig
                0x08005576                TIM_OC2FastConfig
                0x0800558a                TIM_OC3FastConfig
                0x0800559a                TIM_OC4FastConfig
                0x080055ae                TIM_ClearOC1Ref
                0x080055be                TIM_ClearOC2Ref
                0x080055ce                TIM_ClearOC3Ref
                0x080055de                TIM_ClearOC4Ref
                0x080055ee                TIM_OC1PolarityConfig
                0x080055fe                TIM_OC1NPolarityConfig
                0x0800560e                TIM_OC2PolarityConfig
                0x08005622                TIM_OC2NPolarityConfig
                0x08005636                TIM_OC3PolarityConfig
                0x0800564a                TIM_OC3NPolarityConfig
                0x0800565e                TIM_OC4PolarityConfig
                0x08005672                TIM_CCxCmd
                0x0800568e                TIM_CCxNCmd
                0x080056aa                TIM_SelectOCxM
                0x080056ee                TIM_UpdateDisableConfig
                0x08005706                TIM_UpdateRequestConfig
                0x0800571e                TIM_SelectHallSensor
                0x08005736                TIM_SelectOnePulseMode
                0x0800574c                TIM_SelectOutputTrigger
                0x08005762                TIM_SelectSlaveMode
                0x08005778                TIM_SelectMasterSlaveMode
                0x0800578e                TIM_SetCounter
                0x08005792                TIM_SetAutoreload
                0x08005796                TIM_SetCompare1
                0x0800579a                TIM_SetCompare2
                0x0800579e                TIM_SetCompare3
                0x080057a2                TIM_SetCompare4
                0x080057a8                TIM_SetIC1Prescaler
                0x080057be                TIM_SetIC2Prescaler
                0x080057d8                TIM_PWMIConfig
                0x08005846                TIM_SetIC3Prescaler
                0x0800585c                TIM_SetIC4Prescaler
                0x08005876                TIM_ICInit
                0x0800592c                TIM_SetClockDivision
                0x0800593c                TIM_GetCapture1
                0x08005942                TIM_GetCapture2
                0x08005948                TIM_GetCapture3
                0x0800594e                TIM_GetCapture4
                0x08005956                TIM_GetCounter
                0x0800595c                TIM_GetPrescaler
                0x08005962                TIM_GetFlagStatus
                0x0800596e                TIM_ClearFlag
                0x08005976                TIM_GetITStatus
                0x0800598c                TIM_ClearITPendingBit
 .text          0x08005994      0x344 stm32f10x_lib/libstm32.a(stm32f10x_usart.o)
                0x08005994                USART_DeInit
                0x08005a28                USART_Init
                0x08005ab0                USART_StructInit
                0x08005ac6                USART_ClockInit
                0x08005ae6                USART_ClockStructInit
                0x08005af2                USART_Cmd
                0x08005b0a                USART_ITConfig
                0x08005b3c                USART_DMACmd
                0x08005b4e                USART_SetAddress
                0x08005b64                USART_WakeUpConfig
                0x08005b7a                USART_ReceiverWakeUpCmd
                0x08005b92                USART_LINBreakDetectLengthConfig
                0x08005ba8                USART_LINCmd
                0x08005bc0                USART_SendData
                0x08005bc8                USART_ReceiveData
                0x08005bd0                USART_SendBreak
                0x08005bdc                USART_SetGuardTime
                0x08005bee                USART_SetPrescaler
                0x08005c00                USART_SmartCardCmd
                0x08005c18                USART_SmartCardNACKCmd
                0x08005c30                USART_HalfDuplexCmd
                0x08005c48                USART_IrDAConfig
                0x08005c5e                USART_IrDACmd
                0x08005c76                USART_GetFlagStatus
                0x08005c82                USART_ClearFlag
                0x08005c8a                USART_GetITStatus
                0x08005cc8                USART_ClearITPendingBit
 .text          0x08005cd8       0x6e stm32f10x_lib/libstm32.a(cortexm3_macro.o)
                0x08005cd8                __WFI
                0x08005cdc                __WFE
                0x08005ce0                __SEV
                0x08005ce4                __ISB
                0x08005cea                __DSB
                0x08005cf0                __DMB
                0x08005cf6                __SVC
                0x08005cfa                __MRS_CONTROL
                0x08005d00                __MSR_CONTROL
                0x08005d0a                __MRS_PSP
                0x08005d10                __MSR_PSP
                0x08005d16                __MRS_MSP
                0x08005d1c                __MSR_MSP
                0x08005d22                __SETPRIMASK
                0x08005d26                __RESETPRIMASK
                0x08005d2a                __SETFAULTMASK
                0x08005d2e                __RESETFAULTMASK
                0x08005d32                __BASEPRICONFIG
                0x08005d38                __GetBASEPRI
                0x08005d3e                __REV_HalfWord
                0x08005d42                __REV_Word
 *fill*         0x08005d46        0x2 
 .text          0x08005d48       0x50 stm32f10x_lib/libstm32.a(stm32f10x_vector.o)
                0x08005d48                Reset_Handler
 *(.text.*)
 .text.startup  0x08005d98      0x134 APP/src/main.o
                0x08005d98                main
 *(.rodata)
 .rodata        0x08005ecc       0x14 stm32f10x_lib/libstm32.a(stm32f10x_rcc.o)
 *(.rodata*)
 .rodata.str1.1
                0x08005ee0      0x292 APP/src/main.o
                                0x2a3 (size before relaxing)
 *(.glue_7)
 .glue_7        0x00000000        0x0 linker stubs
 *(.glue_7t)
 .glue_7t       0x00000000        0x0 linker stubs
                0x08006174                . = ALIGN (0x4)
 *fill*         0x08006172        0x2 
                0x08006174                _etext = .
                0x08006174                _sidata = _etext

.vfp11_veneer   0x08006174        0x0
 .vfp11_veneer  0x00000000        0x0 linker stubs

.v4_bx          0x08006174        0x0
 .v4_bx         0x00000000        0x0 linker stubs

.iplt           0x08006174        0x0
 .iplt          0x00000000        0x0 /home/clement/tools/gcc-arm-none-eabi-4_9-2015q3/bin/../lib/gcc/arm-none-eabi/4.9.3/crtbegin.o

.rel.dyn        0x08006174        0x0
 .rel.iplt      0x00000000        0x0 /home/clement/tools/gcc-arm-none-eabi-4_9-2015q3/bin/../lib/gcc/arm-none-eabi/4.9.3/crtbegin.o

.data           0x20000000       0x18 load address 0x08006174
                0x20000000                . = ALIGN (0x4)
                0x20000000                _sdata = .
 *(.data)
 .data          0x20000000       0x14 APP/src/main.o
                0x20000000                CCR1_Val
                0x20000004                Baudrate_PC
                0x20000008                id
                0x2000000a                GoalPos
                0x20000010                Baudrate_DXL
 .data          0x20000014        0x4 APP/src/dynamixel.o
                0x20000014                gbCommStatus
 *(.data.*)
                0x20000018                . = ALIGN (0x4)
                0x20000018                _edata = .

.igot.plt       0x20000018        0x0 load address 0x0800618c
 .igot.plt      0x00000000        0x0 /home/clement/tools/gcc-arm-none-eabi-4_9-2015q3/bin/../lib/gcc/arm-none-eabi/4.9.3/crtbegin.o

.bss            0x20000018      0x204 load address 0x0800618c
                0x20000018                . = ALIGN (0x4)
                0x20000018                _sbss = .
 *(.bss)
 .bss           0x20000018      0x118 APP/src/main.o
                0x20000018                gbRxBufferWritePointer
                0x20000019                gbRxBufferReadPointer
                0x2000001a                gbpRxInterruptBuffer
                0x2000011c                capture
                0x20000120                gw1msCounter
                0x20000124                gwTimingDelay
                0x20000128                CommStatus
                0x20000129                bMoving
                0x2000012a                Voltage
                0x2000012b                INDEX
                0x2000012c                wPresentPos
                0x2000012e                Position
 .bss           0x20000130       0xec APP/src/dynamixel.o
                0x20000130                giBusUsing
                0x20000134                gbInstructionPacket
                0x200001d4                gbRxGetLength
                0x200001d5                gbRxPacketLength
                0x200001d6                gbStatusPacket
 *(COMMON)
                0x2000021c                . = ALIGN (0x4)
                0x2000021c                _ebss = .
                0x2000021c                PROVIDE (end, _ebss)
                0x2000021c                PROVIDE (_end, _ebss)

._usrstack      0x2000021c      0x100 load address 0x08006390
                0x2000021c                . = ALIGN (0x4)
                0x2000021c                _susrstack = .
                0x2000031c                . = (. + _Minimum_Stack_Size)
 *fill*         0x2000021c      0x100 
                0x2000031c                . = ALIGN (0x4)
                0x2000031c                _eusrstack = .

.b1text
 *(.b1text)
 *(.b1rodata)
 *(.b1rodata*)

.eb0text
 *(.eb0text)
 *(.eb0rodata)
 *(.eb0rodata*)

.eb1text
 *(.eb1text)
 *(.eb1rodata)
 *(.eb1rodata*)

.eb2text
 *(.eb2text)
 *(.eb2rodata)
 *(.eb2rodata*)

.eb3text
 *(.eb3text)
 *(.eb3rodata)
 *(.eb3rodata*)
                0x2000031c                __exidx_start = .
                0x2000031c                __exidx_end = .

/DISCARD/
 libc.a(*)
 libm.a(*)
 libgcc.a(*)

.stab
 *(.stab)

.stabstr
 *(.stabstr)

.stab.excl
 *(.stab.excl)

.stab.exclstr
 *(.stab.exclstr)

.stab.index
 *(.stab.index)

.stab.indexstr
 *(.stab.indexstr)

.comment        0x00000000       0x70
 *(.comment)
 .comment       0x00000000       0x70 APP/src/main.o
                                 0x71 (size before relaxing)
 .comment       0x00000000       0x71 APP/src/stm32f10x_it.o
 .comment       0x00000000       0x71 APP/src/dxl_hal.o
 .comment       0x00000000       0x71 APP/src/dynamixel.o
 .comment       0x00000000       0x71 stm32f10x_lib/libstm32.a(stm32f10x_flash.o)
 .comment       0x00000000       0x71 stm32f10x_lib/libstm32.a(stm32f10x_gpio.o)
 .comment       0x00000000       0x71 stm32f10x_lib/libstm32.a(stm32f10x_nvic.o)
 .comment       0x00000000       0x71 stm32f10x_lib/libstm32.a(stm32f10x_pwr.o)
 .comment       0x00000000       0x71 stm32f10x_lib/libstm32.a(stm32f10x_rcc.o)
 .comment       0x00000000       0x71 stm32f10x_lib/libstm32.a(stm32f10x_systick.o)
 .comment       0x00000000       0x71 stm32f10x_lib/libstm32.a(stm32f10x_tim.o)
 .comment       0x00000000       0x71 stm32f10x_lib/libstm32.a(stm32f10x_usart.o)
 .comment       0x00000000       0x71 stm32f10x_lib/libstm32.a(stm32f10x_vector.o)

.ARM.attributes
                0x00000000       0x31
 .ARM.attributes
                0x00000000       0x33 APP/src/main.o
 .ARM.attributes
                0x00000033       0x33 APP/src/stm32f10x_it.o
 .ARM.attributes
                0x00000066       0x33 APP/src/dxl_hal.o
 .ARM.attributes
                0x00000099       0x33 APP/src/dynamixel.o
 .ARM.attributes
                0x000000cc       0x33 stm32f10x_lib/libstm32.a(stm32f10x_flash.o)
 .ARM.attributes
                0x000000ff       0x33 stm32f10x_lib/libstm32.a(stm32f10x_gpio.o)
 .ARM.attributes
                0x00000132       0x33 stm32f10x_lib/libstm32.a(stm32f10x_nvic.o)
 .ARM.attributes
                0x00000165       0x33 stm32f10x_lib/libstm32.a(stm32f10x_pwr.o)
 .ARM.attributes
                0x00000198       0x33 stm32f10x_lib/libstm32.a(stm32f10x_rcc.o)
 .ARM.attributes
                0x000001cb       0x33 stm32f10x_lib/libstm32.a(stm32f10x_systick.o)
 .ARM.attributes
                0x000001fe       0x33 stm32f10x_lib/libstm32.a(stm32f10x_tim.o)
 .ARM.attributes
                0x00000231       0x33 stm32f10x_lib/libstm32.a(stm32f10x_usart.o)
 .ARM.attributes
                0x00000264       0x21 stm32f10x_lib/libstm32.a(cortexm3_macro.o)
 .ARM.attributes
                0x00000285       0x33 stm32f10x_lib/libstm32.a(stm32f10x_vector.o)

.debug
 *(.debug)

.line
 *(.line)

.debug_srcinfo
 *(.debug_srcinfo)

.debug_sfnames
 *(.debug_sfnames)

.debug_aranges  0x00000000      0x1c8
 *(.debug_aranges)
 .debug_aranges
                0x00000000       0x28 APP/src/main.o
 .debug_aranges
                0x00000028       0x20 APP/src/stm32f10x_it.o
 .debug_aranges
                0x00000048       0x20 APP/src/dxl_hal.o
 .debug_aranges
                0x00000068       0x20 APP/src/dynamixel.o
 .debug_aranges
                0x00000088       0x20 stm32f10x_lib/libstm32.a(stm32f10x_flash.o)
 .debug_aranges
                0x000000a8       0x20 stm32f10x_lib/libstm32.a(stm32f10x_gpio.o)
 .debug_aranges
                0x000000c8       0x20 stm32f10x_lib/libstm32.a(stm32f10x_nvic.o)
 .debug_aranges
                0x000000e8       0x20 stm32f10x_lib/libstm32.a(stm32f10x_pwr.o)
 .debug_aranges
                0x00000108       0x20 stm32f10x_lib/libstm32.a(stm32f10x_rcc.o)
 .debug_aranges
                0x00000128       0x20 stm32f10x_lib/libstm32.a(stm32f10x_systick.o)
 .debug_aranges
                0x00000148       0x20 stm32f10x_lib/libstm32.a(stm32f10x_tim.o)
 .debug_aranges
                0x00000168       0x20 stm32f10x_lib/libstm32.a(stm32f10x_usart.o)
 .debug_aranges
                0x00000188       0x20 stm32f10x_lib/libstm32.a(cortexm3_macro.o)
 .debug_aranges
                0x000001a8       0x20 stm32f10x_lib/libstm32.a(stm32f10x_vector.o)

.debug_pubnames
 *(.debug_pubnames)

.debug_info     0x00000000     0x8cfb
 *(.debug_info .gnu.linkonce.wi.*)
 .debug_info    0x00000000     0x2bd9 APP/src/main.o
 .debug_info    0x00002bd9      0x584 APP/src/stm32f10x_it.o
 .debug_info    0x0000315d      0x2d8 APP/src/dxl_hal.o
 .debug_info    0x00003435      0x734 APP/src/dynamixel.o
 .debug_info    0x00003b69      0x8bb stm32f10x_lib/libstm32.a(stm32f10x_flash.o)
 .debug_info    0x00004424      0x747 stm32f10x_lib/libstm32.a(stm32f10x_gpio.o)
 .debug_info    0x00004b6b      0x968 stm32f10x_lib/libstm32.a(stm32f10x_nvic.o)
 .debug_info    0x000054d3      0x2c6 stm32f10x_lib/libstm32.a(stm32f10x_pwr.o)
 .debug_info    0x00005799      0x871 stm32f10x_lib/libstm32.a(stm32f10x_rcc.o)
 .debug_info    0x0000600a      0x20b stm32f10x_lib/libstm32.a(stm32f10x_systick.o)
 .debug_info    0x00006215     0x1f42 stm32f10x_lib/libstm32.a(stm32f10x_tim.o)
 .debug_info    0x00008157      0xa2c stm32f10x_lib/libstm32.a(stm32f10x_usart.o)
 .debug_info    0x00008b83       0x65 stm32f10x_lib/libstm32.a(cortexm3_macro.o)
 .debug_info    0x00008be8      0x113 stm32f10x_lib/libstm32.a(stm32f10x_vector.o)

.debug_abbrev   0x00000000     0x18c8
 *(.debug_abbrev)
 .debug_abbrev  0x00000000      0x348 APP/src/main.o
 .debug_abbrev  0x00000348       0xcd APP/src/stm32f10x_it.o
 .debug_abbrev  0x00000415       0xf7 APP/src/dxl_hal.o
 .debug_abbrev  0x0000050c      0x2bf APP/src/dynamixel.o
 .debug_abbrev  0x000007cb      0x24e stm32f10x_lib/libstm32.a(stm32f10x_flash.o)
 .debug_abbrev  0x00000a19      0x1e8 stm32f10x_lib/libstm32.a(stm32f10x_gpio.o)
 .debug_abbrev  0x00000c01      0x26d stm32f10x_lib/libstm32.a(stm32f10x_nvic.o)
 .debug_abbrev  0x00000e6e      0x174 stm32f10x_lib/libstm32.a(stm32f10x_pwr.o)
 .debug_abbrev  0x00000fe2      0x227 stm32f10x_lib/libstm32.a(stm32f10x_rcc.o)
 .debug_abbrev  0x00001209      0x128 stm32f10x_lib/libstm32.a(stm32f10x_systick.o)
 .debug_abbrev  0x00001331      0x2be stm32f10x_lib/libstm32.a(stm32f10x_tim.o)
 .debug_abbrev  0x000015ef      0x1ed stm32f10x_lib/libstm32.a(stm32f10x_usart.o)
 .debug_abbrev  0x000017dc       0x14 stm32f10x_lib/libstm32.a(cortexm3_macro.o)
 .debug_abbrev  0x000017f0       0xd8 stm32f10x_lib/libstm32.a(stm32f10x_vector.o)

.debug_line     0x00000000     0x177a
 *(.debug_line)
 .debug_line    0x00000000      0x439 APP/src/main.o
 .debug_line    0x00000439      0x129 APP/src/stm32f10x_it.o
 .debug_line    0x00000562       0x66 APP/src/dxl_hal.o
 .debug_line    0x000005c8      0x158 APP/src/dynamixel.o
 .debug_line    0x00000720      0x20a stm32f10x_lib/libstm32.a(stm32f10x_flash.o)
 .debug_line    0x0000092a      0x182 stm32f10x_lib/libstm32.a(stm32f10x_gpio.o)
 .debug_line    0x00000aac      0x1d2 stm32f10x_lib/libstm32.a(stm32f10x_nvic.o)
 .debug_line    0x00000c7e       0xeb stm32f10x_lib/libstm32.a(stm32f10x_pwr.o)
 .debug_line    0x00000d69      0x1a0 stm32f10x_lib/libstm32.a(stm32f10x_rcc.o)
 .debug_line    0x00000f09       0xb5 stm32f10x_lib/libstm32.a(stm32f10x_systick.o)
 .debug_line    0x00000fbe      0x4db stm32f10x_lib/libstm32.a(stm32f10x_tim.o)
 .debug_line    0x00001499      0x1da stm32f10x_lib/libstm32.a(stm32f10x_usart.o)
 .debug_line    0x00001673       0xa4 stm32f10x_lib/libstm32.a(cortexm3_macro.o)
 .debug_line    0x00001717       0x63 stm32f10x_lib/libstm32.a(stm32f10x_vector.o)

.debug_frame    0x00000000     0x1d54
 *(.debug_frame)
 .debug_frame   0x00000000      0x534 APP/src/main.o
 .debug_frame   0x00000534      0x460 APP/src/stm32f10x_it.o
 .debug_frame   0x00000994       0xa4 APP/src/dxl_hal.o
 .debug_frame   0x00000a38      0x1b4 APP/src/dynamixel.o
 .debug_frame   0x00000bec      0x1f0 stm32f10x_lib/libstm32.a(stm32f10x_flash.o)
 .debug_frame   0x00000ddc      0x160 stm32f10x_lib/libstm32.a(stm32f10x_gpio.o)
 .debug_frame   0x00000f3c      0x204 stm32f10x_lib/libstm32.a(stm32f10x_nvic.o)
 .debug_frame   0x00001140       0xac stm32f10x_lib/libstm32.a(stm32f10x_pwr.o)
 .debug_frame   0x000011ec      0x220 stm32f10x_lib/libstm32.a(stm32f10x_rcc.o)
 .debug_frame   0x0000140c       0x70 stm32f10x_lib/libstm32.a(stm32f10x_systick.o)
 .debug_frame   0x0000147c      0x6a8 stm32f10x_lib/libstm32.a(stm32f10x_tim.o)
 .debug_frame   0x00001b24      0x200 stm32f10x_lib/libstm32.a(stm32f10x_usart.o)
 .debug_frame   0x00001d24       0x30 stm32f10x_lib/libstm32.a(stm32f10x_vector.o)

.debug_str      0x00000000     0x2fb7
 *(.debug_str)
 .debug_str     0x00000000      0xd4b APP/src/main.o
                                0xd90 (size before relaxing)
 .debug_str     0x00000d4b      0x52d APP/src/stm32f10x_it.o
                                0x5e8 (size before relaxing)
 .debug_str     0x00001278       0x9b APP/src/dxl_hal.o
                                0x1b4 (size before relaxing)
 .debug_str     0x00001313      0x1b3 APP/src/dynamixel.o
                                0x38a (size before relaxing)
 .debug_str     0x000014c6      0x385 stm32f10x_lib/libstm32.a(stm32f10x_flash.o)
                                0x4ea (size before relaxing)
 .debug_str     0x0000184b      0x1d8 stm32f10x_lib/libstm32.a(stm32f10x_gpio.o)
                                0x45f (size before relaxing)
 .debug_str     0x00001a23      0x49a stm32f10x_lib/libstm32.a(stm32f10x_nvic.o)
                                0x6b9 (size before relaxing)
 .debug_str     0x00001ebd      0x104 stm32f10x_lib/libstm32.a(stm32f10x_pwr.o)
                                0x250 (size before relaxing)
 .debug_str     0x00001fc1      0x30f stm32f10x_lib/libstm32.a(stm32f10x_rcc.o)
                                0x58f (size before relaxing)
 .debug_str     0x000022d0       0xb6 stm32f10x_lib/libstm32.a(stm32f10x_systick.o)
                                0x234 (size before relaxing)
 .debug_str     0x00002386      0x8e4 stm32f10x_lib/libstm32.a(stm32f10x_tim.o)
                                0xd80 (size before relaxing)
 .debug_str     0x00002c6a      0x2d4 stm32f10x_lib/libstm32.a(stm32f10x_usart.o)
                                0x62a (size before relaxing)
 .debug_str     0x00002f3e       0x79 stm32f10x_lib/libstm32.a(stm32f10x_vector.o)
                                0x167 (size before relaxing)

.debug_loc      0x00000000     0x51de
 *(.debug_loc)
 .debug_loc     0x00000000      0xb23 APP/src/main.o
 .debug_loc     0x00000b23      0x150 APP/src/dxl_hal.o
 .debug_loc     0x00000c73      0x5a2 APP/src/dynamixel.o
 .debug_loc     0x00001215      0x6ad stm32f10x_lib/libstm32.a(stm32f10x_flash.o)
 .debug_loc     0x000018c2      0x527 stm32f10x_lib/libstm32.a(stm32f10x_gpio.o)
 .debug_loc     0x00001de9      0x91a stm32f10x_lib/libstm32.a(stm32f10x_nvic.o)
 .debug_loc     0x00002703      0x156 stm32f10x_lib/libstm32.a(stm32f10x_pwr.o)
 .debug_loc     0x00002859      0x69d stm32f10x_lib/libstm32.a(stm32f10x_rcc.o)
 .debug_loc     0x00002ef6       0xe7 stm32f10x_lib/libstm32.a(stm32f10x_systick.o)
 .debug_loc     0x00002fdd     0x1962 stm32f10x_lib/libstm32.a(stm32f10x_tim.o)
 .debug_loc     0x0000493f      0x85c stm32f10x_lib/libstm32.a(stm32f10x_usart.o)
 .debug_loc     0x0000519b       0x43 stm32f10x_lib/libstm32.a(stm32f10x_vector.o)

.debug_macinfo
 *(.debug_macinfo)

.debug_weaknames
 *(.debug_weaknames)

.debug_funcnames
 *(.debug_funcnames)

.debug_typenames
 *(.debug_typenames)

.debug_varnames
 *(.debug_varnames)
OUTPUT(CM530.elf elf32-littlearm)

.debug_ranges   0x00000000       0x68
 .debug_ranges  0x00000000       0x18 APP/src/main.o
 .debug_ranges  0x00000018       0x18 APP/src/dynamixel.o
 .debug_ranges  0x00000030       0x38 stm32f10x_lib/libstm32.a(stm32f10x_tim.o)

Cross Reference Table

Symbol                                            File
ADC1_2_IRQHandler                                 APP/src/stm32f10x_it.o
                                                  stm32f10x_lib/libstm32.a(stm32f10x_vector.o)
ADC3_IRQHandler                                   APP/src/stm32f10x_it.o
                                                  stm32f10x_lib/libstm32.a(stm32f10x_vector.o)
Baudrate_DXL                                      APP/src/main.o
Baudrate_PC                                       APP/src/main.o
BusFaultException                                 APP/src/stm32f10x_it.o
                                                  stm32f10x_lib/libstm32.a(stm32f10x_vector.o)
CAN_RX1_IRQHandler                                APP/src/stm32f10x_it.o
                                                  stm32f10x_lib/libstm32.a(stm32f10x_vector.o)
CAN_SCE_IRQHandler                                APP/src/stm32f10x_it.o
                                                  stm32f10x_lib/libstm32.a(stm32f10x_vector.o)
CCR1_Val                                          APP/src/main.o
CheckNewArrive                                    APP/src/main.o
                                                  APP/src/dxl_hal.o
CheckTimeOut                                      APP/src/main.o
                                                  APP/src/dxl_hal.o
ClearBuffer256                                    APP/src/main.o
                                                  APP/src/dxl_hal.o
CommStatus                                        APP/src/main.o
DMA1_Channel1_IRQHandler                          APP/src/stm32f10x_it.o
DMA1_Channel2_IRQHandler                          APP/src/stm32f10x_it.o
DMA1_Channel3_IRQHandler                          APP/src/stm32f10x_it.o
DMA1_Channel4_IRQHandler                          APP/src/stm32f10x_it.o
DMA1_Channel5_IRQHandler                          APP/src/stm32f10x_it.o
DMA1_Channel6_IRQHandler                          APP/src/stm32f10x_it.o
DMA1_Channel7_IRQHandler                          APP/src/stm32f10x_it.o
DMA2_Channel1_IRQHandler                          APP/src/stm32f10x_it.o
                                                  stm32f10x_lib/libstm32.a(stm32f10x_vector.o)
DMA2_Channel2_IRQHandler                          APP/src/stm32f10x_it.o
                                                  stm32f10x_lib/libstm32.a(stm32f10x_vector.o)
DMA2_Channel3_IRQHandler                          APP/src/stm32f10x_it.o
                                                  stm32f10x_lib/libstm32.a(stm32f10x_vector.o)
DMA2_Channel4_5_IRQHandler                        APP/src/stm32f10x_it.o
                                                  stm32f10x_lib/libstm32.a(stm32f10x_vector.o)
DebugMonitor                                      APP/src/stm32f10x_it.o
                                                  stm32f10x_lib/libstm32.a(stm32f10x_vector.o)
DisableUSART1                                     APP/src/main.o
                                                  APP/src/dxl_hal.o
EXTI0_IRQHandler                                  APP/src/stm32f10x_it.o
                                                  stm32f10x_lib/libstm32.a(stm32f10x_vector.o)
EXTI15_10_IRQHandler                              APP/src/stm32f10x_it.o
                                                  stm32f10x_lib/libstm32.a(stm32f10x_vector.o)
EXTI1_IRQHandler                                  APP/src/stm32f10x_it.o
                                                  stm32f10x_lib/libstm32.a(stm32f10x_vector.o)
EXTI2_IRQHandler                                  APP/src/stm32f10x_it.o
                                                  stm32f10x_lib/libstm32.a(stm32f10x_vector.o)
EXTI3_IRQHandler                                  APP/src/stm32f10x_it.o
                                                  stm32f10x_lib/libstm32.a(stm32f10x_vector.o)
EXTI4_IRQHandler                                  APP/src/stm32f10x_it.o
                                                  stm32f10x_lib/libstm32.a(stm32f10x_vector.o)
EXTI9_5_IRQHandler                                APP/src/stm32f10x_it.o
                                                  stm32f10x_lib/libstm32.a(stm32f10x_vector.o)
FLASH_ClearFlag                                   stm32f10x_lib/libstm32.a(stm32f10x_flash.o)
FLASH_EnableWriteProtection                       stm32f10x_lib/libstm32.a(stm32f10x_flash.o)
FLASH_EraseAllPages                               stm32f10x_lib/libstm32.a(stm32f10x_flash.o)
FLASH_EraseOptionBytes                            stm32f10x_lib/libstm32.a(stm32f10x_flash.o)
FLASH_ErasePage                                   stm32f10x_lib/libstm32.a(stm32f10x_flash.o)
FLASH_GetFlagStatus                               stm32f10x_lib/libstm32.a(stm32f10x_flash.o)
FLASH_GetPrefetchBufferStatus                     stm32f10x_lib/libstm32.a(stm32f10x_flash.o)
FLASH_GetReadOutProtectionStatus                  stm32f10x_lib/libstm32.a(stm32f10x_flash.o)
FLASH_GetStatus                                   stm32f10x_lib/libstm32.a(stm32f10x_flash.o)
FLASH_GetUserOptionByte                           stm32f10x_lib/libstm32.a(stm32f10x_flash.o)
FLASH_GetWriteProtectionOptionByte                stm32f10x_lib/libstm32.a(stm32f10x_flash.o)
FLASH_HalfCycleAccessCmd                          stm32f10x_lib/libstm32.a(stm32f10x_flash.o)
FLASH_IRQHandler                                  APP/src/stm32f10x_it.o
                                                  stm32f10x_lib/libstm32.a(stm32f10x_vector.o)
FLASH_ITConfig                                    stm32f10x_lib/libstm32.a(stm32f10x_flash.o)
FLASH_Lock                                        stm32f10x_lib/libstm32.a(stm32f10x_flash.o)
FLASH_PrefetchBufferCmd                           stm32f10x_lib/libstm32.a(stm32f10x_flash.o)
                                                  APP/src/main.o
FLASH_ProgramHalfWord                             stm32f10x_lib/libstm32.a(stm32f10x_flash.o)
FLASH_ProgramOptionByteData                       stm32f10x_lib/libstm32.a(stm32f10x_flash.o)
FLASH_ProgramWord                                 stm32f10x_lib/libstm32.a(stm32f10x_flash.o)
FLASH_ReadOutProtection                           stm32f10x_lib/libstm32.a(stm32f10x_flash.o)
FLASH_SetLatency                                  stm32f10x_lib/libstm32.a(stm32f10x_flash.o)
                                                  APP/src/main.o
FLASH_Unlock                                      stm32f10x_lib/libstm32.a(stm32f10x_flash.o)
FLASH_UserOptionByteConfig                        stm32f10x_lib/libstm32.a(stm32f10x_flash.o)
FLASH_WaitForLastOperation                        stm32f10x_lib/libstm32.a(stm32f10x_flash.o)
FSMC_IRQHandler                                   APP/src/stm32f10x_it.o
                                                  stm32f10x_lib/libstm32.a(stm32f10x_vector.o)
GPIO_AFIODeInit                                   stm32f10x_lib/libstm32.a(stm32f10x_gpio.o)
GPIO_Configuration                                APP/src/main.o
GPIO_DeInit                                       stm32f10x_lib/libstm32.a(stm32f10x_gpio.o)
GPIO_EXTILineConfig                               stm32f10x_lib/libstm32.a(stm32f10x_gpio.o)
GPIO_EventOutputCmd                               stm32f10x_lib/libstm32.a(stm32f10x_gpio.o)
GPIO_EventOutputConfig                            stm32f10x_lib/libstm32.a(stm32f10x_gpio.o)
GPIO_Init                                         stm32f10x_lib/libstm32.a(stm32f10x_gpio.o)
                                                  APP/src/main.o
GPIO_PinLockConfig                                stm32f10x_lib/libstm32.a(stm32f10x_gpio.o)
GPIO_PinRemapConfig                               stm32f10x_lib/libstm32.a(stm32f10x_gpio.o)
                                                  APP/src/main.o
GPIO_ReadInputData                                stm32f10x_lib/libstm32.a(stm32f10x_gpio.o)
GPIO_ReadInputDataBit                             stm32f10x_lib/libstm32.a(stm32f10x_gpio.o)
GPIO_ReadOutputData                               stm32f10x_lib/libstm32.a(stm32f10x_gpio.o)
GPIO_ReadOutputDataBit                            stm32f10x_lib/libstm32.a(stm32f10x_gpio.o)
GPIO_ResetBits                                    stm32f10x_lib/libstm32.a(stm32f10x_gpio.o)
                                                  APP/src/main.o
GPIO_SetBits                                      stm32f10x_lib/libstm32.a(stm32f10x_gpio.o)
                                                  APP/src/main.o
GPIO_StructInit                                   stm32f10x_lib/libstm32.a(stm32f10x_gpio.o)
                                                  APP/src/main.o
GPIO_Write                                        stm32f10x_lib/libstm32.a(stm32f10x_gpio.o)
GPIO_WriteBit                                     stm32f10x_lib/libstm32.a(stm32f10x_gpio.o)
GoalPos                                           APP/src/main.o
HardFaultException                                APP/src/stm32f10x_it.o
                                                  stm32f10x_lib/libstm32.a(stm32f10x_vector.o)
I2C1_ER_IRQHandler                                APP/src/stm32f10x_it.o
                                                  stm32f10x_lib/libstm32.a(stm32f10x_vector.o)
I2C1_EV_IRQHandler                                APP/src/stm32f10x_it.o
                                                  stm32f10x_lib/libstm32.a(stm32f10x_vector.o)
I2C2_ER_IRQHandler                                APP/src/stm32f10x_it.o
                                                  stm32f10x_lib/libstm32.a(stm32f10x_vector.o)
I2C2_EV_IRQHandler                                APP/src/stm32f10x_it.o
                                                  stm32f10x_lib/libstm32.a(stm32f10x_vector.o)
INDEX                                             APP/src/main.o
MemManageException                                APP/src/stm32f10x_it.o
                                                  stm32f10x_lib/libstm32.a(stm32f10x_vector.o)
NMIException                                      APP/src/stm32f10x_it.o
                                                  stm32f10x_lib/libstm32.a(stm32f10x_vector.o)
NVIC_BASEPRICONFIG                                stm32f10x_lib/libstm32.a(stm32f10x_nvic.o)
NVIC_ClearIRQChannelPendingBit                    stm32f10x_lib/libstm32.a(stm32f10x_nvic.o)
NVIC_ClearSystemHandlerPendingBit                 stm32f10x_lib/libstm32.a(stm32f10x_nvic.o)
NVIC_Configuration                                APP/src/main.o
NVIC_DeInit                                       stm32f10x_lib/libstm32.a(stm32f10x_nvic.o)
NVIC_GenerateCoreReset                            stm32f10x_lib/libstm32.a(stm32f10x_nvic.o)
NVIC_GenerateSystemReset                          stm32f10x_lib/libstm32.a(stm32f10x_nvic.o)
NVIC_GetBASEPRI                                   stm32f10x_lib/libstm32.a(stm32f10x_nvic.o)
NVIC_GetCPUID                                     stm32f10x_lib/libstm32.a(stm32f10x_nvic.o)
NVIC_GetCurrentActiveHandler                      stm32f10x_lib/libstm32.a(stm32f10x_nvic.o)
NVIC_GetCurrentPendingIRQChannel                  stm32f10x_lib/libstm32.a(stm32f10x_nvic.o)
NVIC_GetFaultAddress                              stm32f10x_lib/libstm32.a(stm32f10x_nvic.o)
NVIC_GetFaultHandlerSources                       stm32f10x_lib/libstm32.a(stm32f10x_nvic.o)
NVIC_GetIRQChannelActiveBitStatus                 stm32f10x_lib/libstm32.a(stm32f10x_nvic.o)
NVIC_GetIRQChannelPendingBitStatus                stm32f10x_lib/libstm32.a(stm32f10x_nvic.o)
NVIC_GetSystemHandlerActiveBitStatus              stm32f10x_lib/libstm32.a(stm32f10x_nvic.o)
NVIC_GetSystemHandlerPendingBitStatus             stm32f10x_lib/libstm32.a(stm32f10x_nvic.o)
NVIC_Init                                         stm32f10x_lib/libstm32.a(stm32f10x_nvic.o)
                                                  APP/src/main.o
NVIC_PriorityGroupConfig                          stm32f10x_lib/libstm32.a(stm32f10x_nvic.o)
                                                  APP/src/main.o
NVIC_RESETFAULTMASK                               stm32f10x_lib/libstm32.a(stm32f10x_nvic.o)
NVIC_RESETPRIMASK                                 stm32f10x_lib/libstm32.a(stm32f10x_nvic.o)
NVIC_SCBDeInit                                    stm32f10x_lib/libstm32.a(stm32f10x_nvic.o)
NVIC_SETFAULTMASK                                 stm32f10x_lib/libstm32.a(stm32f10x_nvic.o)
NVIC_SETPRIMASK                                   stm32f10x_lib/libstm32.a(stm32f10x_nvic.o)
NVIC_SetIRQChannelPendingBit                      stm32f10x_lib/libstm32.a(stm32f10x_nvic.o)
NVIC_SetSystemHandlerPendingBit                   stm32f10x_lib/libstm32.a(stm32f10x_nvic.o)
NVIC_SetVectorTable                               stm32f10x_lib/libstm32.a(stm32f10x_nvic.o)
                                                  APP/src/main.o
NVIC_StructInit                                   stm32f10x_lib/libstm32.a(stm32f10x_nvic.o)
NVIC_SystemHandlerConfig                          stm32f10x_lib/libstm32.a(stm32f10x_nvic.o)
NVIC_SystemHandlerPriorityConfig                  stm32f10x_lib/libstm32.a(stm32f10x_nvic.o)
NVIC_SystemLPConfig                               stm32f10x_lib/libstm32.a(stm32f10x_nvic.o)
PVD_IRQHandler                                    APP/src/stm32f10x_it.o
                                                  stm32f10x_lib/libstm32.a(stm32f10x_vector.o)
PWR_BackupAccessCmd                               stm32f10x_lib/libstm32.a(stm32f10x_pwr.o)
                                                  APP/src/main.o
PWR_ClearFlag                                     stm32f10x_lib/libstm32.a(stm32f10x_pwr.o)
PWR_DeInit                                        stm32f10x_lib/libstm32.a(stm32f10x_pwr.o)
PWR_EnterSTANDBYMode                              stm32f10x_lib/libstm32.a(stm32f10x_pwr.o)
PWR_EnterSTOPMode                                 stm32f10x_lib/libstm32.a(stm32f10x_pwr.o)
PWR_GetFlagStatus                                 stm32f10x_lib/libstm32.a(stm32f10x_pwr.o)
PWR_PVDCmd                                        stm32f10x_lib/libstm32.a(stm32f10x_pwr.o)
PWR_PVDLevelConfig                                stm32f10x_lib/libstm32.a(stm32f10x_pwr.o)
PWR_WakeUpPinCmd                                  stm32f10x_lib/libstm32.a(stm32f10x_pwr.o)
PendSVC                                           APP/src/stm32f10x_it.o
                                                  stm32f10x_lib/libstm32.a(stm32f10x_vector.o)
Position                                          APP/src/main.o
PrintCommStatus                                   APP/src/main.o
PrintErrorCode                                    APP/src/main.o
RCC_ADCCLKConfig                                  stm32f10x_lib/libstm32.a(stm32f10x_rcc.o)
RCC_AHBPeriphClockCmd                             stm32f10x_lib/libstm32.a(stm32f10x_rcc.o)
RCC_APB1PeriphClockCmd                            stm32f10x_lib/libstm32.a(stm32f10x_rcc.o)
                                                  APP/src/main.o
RCC_APB1PeriphResetCmd                            stm32f10x_lib/libstm32.a(stm32f10x_rcc.o)
                                                  stm32f10x_lib/libstm32.a(stm32f10x_usart.o)
                                                  stm32f10x_lib/libstm32.a(stm32f10x_tim.o)
                                                  stm32f10x_lib/libstm32.a(stm32f10x_pwr.o)
RCC_APB2PeriphClockCmd                            stm32f10x_lib/libstm32.a(stm32f10x_rcc.o)
                                                  APP/src/main.o
RCC_APB2PeriphResetCmd                            stm32f10x_lib/libstm32.a(stm32f10x_rcc.o)
                                                  stm32f10x_lib/libstm32.a(stm32f10x_usart.o)
                                                  stm32f10x_lib/libstm32.a(stm32f10x_tim.o)
                                                  stm32f10x_lib/libstm32.a(stm32f10x_gpio.o)
RCC_AdjustHSICalibrationValue                     stm32f10x_lib/libstm32.a(stm32f10x_rcc.o)
RCC_BackupResetCmd                                stm32f10x_lib/libstm32.a(stm32f10x_rcc.o)
RCC_ClearFlag                                     stm32f10x_lib/libstm32.a(stm32f10x_rcc.o)
RCC_ClearITPendingBit                             stm32f10x_lib/libstm32.a(stm32f10x_rcc.o)
RCC_ClockSecuritySystemCmd                        stm32f10x_lib/libstm32.a(stm32f10x_rcc.o)
RCC_Configuration                                 APP/src/main.o
RCC_DeInit                                        stm32f10x_lib/libstm32.a(stm32f10x_rcc.o)
                                                  APP/src/main.o
RCC_GetClocksFreq                                 stm32f10x_lib/libstm32.a(stm32f10x_rcc.o)
                                                  stm32f10x_lib/libstm32.a(stm32f10x_usart.o)
RCC_GetFlagStatus                                 stm32f10x_lib/libstm32.a(stm32f10x_rcc.o)
                                                  APP/src/main.o
RCC_GetITStatus                                   stm32f10x_lib/libstm32.a(stm32f10x_rcc.o)
RCC_GetSYSCLKSource                               stm32f10x_lib/libstm32.a(stm32f10x_rcc.o)
                                                  APP/src/main.o
RCC_HCLKConfig                                    stm32f10x_lib/libstm32.a(stm32f10x_rcc.o)
                                                  APP/src/main.o
RCC_HSEConfig                                     stm32f10x_lib/libstm32.a(stm32f10x_rcc.o)
                                                  APP/src/main.o
RCC_HSICmd                                        stm32f10x_lib/libstm32.a(stm32f10x_rcc.o)
RCC_IRQHandler                                    APP/src/stm32f10x_it.o
                                                  stm32f10x_lib/libstm32.a(stm32f10x_vector.o)
RCC_ITConfig                                      stm32f10x_lib/libstm32.a(stm32f10x_rcc.o)
RCC_LSEConfig                                     stm32f10x_lib/libstm32.a(stm32f10x_rcc.o)
RCC_LSICmd                                        stm32f10x_lib/libstm32.a(stm32f10x_rcc.o)
RCC_MCOConfig                                     stm32f10x_lib/libstm32.a(stm32f10x_rcc.o)
RCC_PCLK1Config                                   stm32f10x_lib/libstm32.a(stm32f10x_rcc.o)
                                                  APP/src/main.o
RCC_PCLK2Config                                   stm32f10x_lib/libstm32.a(stm32f10x_rcc.o)
                                                  APP/src/main.o
RCC_PLLCmd                                        stm32f10x_lib/libstm32.a(stm32f10x_rcc.o)
                                                  APP/src/main.o
RCC_PLLConfig                                     stm32f10x_lib/libstm32.a(stm32f10x_rcc.o)
                                                  APP/src/main.o
RCC_RTCCLKCmd                                     stm32f10x_lib/libstm32.a(stm32f10x_rcc.o)
RCC_RTCCLKConfig                                  stm32f10x_lib/libstm32.a(stm32f10x_rcc.o)
RCC_SYSCLKConfig                                  stm32f10x_lib/libstm32.a(stm32f10x_rcc.o)
                                                  APP/src/main.o
RCC_USBCLKConfig                                  stm32f10x_lib/libstm32.a(stm32f10x_rcc.o)
RCC_WaitForHSEStartUp                             stm32f10x_lib/libstm32.a(stm32f10x_rcc.o)
                                                  APP/src/main.o
RTCAlarm_IRQHandler                               APP/src/stm32f10x_it.o
                                                  stm32f10x_lib/libstm32.a(stm32f10x_vector.o)
RTC_IRQHandler                                    APP/src/stm32f10x_it.o
                                                  stm32f10x_lib/libstm32.a(stm32f10x_vector.o)
Reset_Handler                                     stm32f10x_lib/libstm32.a(stm32f10x_vector.o)
RxD0Interrupt                                     APP/src/main.o
                                                  APP/src/stm32f10x_it.o
RxDByte_DXL                                       APP/src/main.o
                                                  APP/src/dxl_hal.o
SDIO_IRQHandler                                   APP/src/stm32f10x_it.o
                                                  stm32f10x_lib/libstm32.a(stm32f10x_vector.o)
SPI1_IRQHandler                                   APP/src/stm32f10x_it.o
                                                  stm32f10x_lib/libstm32.a(stm32f10x_vector.o)
SPI2_IRQHandler                                   APP/src/stm32f10x_it.o
                                                  stm32f10x_lib/libstm32.a(stm32f10x_vector.o)
SPI3_IRQHandler                                   APP/src/stm32f10x_it.o
                                                  stm32f10x_lib/libstm32.a(stm32f10x_vector.o)
SVCHandler                                        APP/src/stm32f10x_it.o
                                                  stm32f10x_lib/libstm32.a(stm32f10x_vector.o)
StartDiscount                                     APP/src/main.o
                                                  APP/src/dxl_hal.o
SysTickHandler                                    APP/src/stm32f10x_it.o
                                                  stm32f10x_lib/libstm32.a(stm32f10x_vector.o)
SysTick_CLKSourceConfig                           stm32f10x_lib/libstm32.a(stm32f10x_systick.o)
SysTick_Configuration                             APP/src/main.o
SysTick_CounterCmd                                stm32f10x_lib/libstm32.a(stm32f10x_systick.o)
                                                  APP/src/main.o
SysTick_GetCounter                                stm32f10x_lib/libstm32.a(stm32f10x_systick.o)
SysTick_GetFlagStatus                             stm32f10x_lib/libstm32.a(stm32f10x_systick.o)
SysTick_ITConfig                                  stm32f10x_lib/libstm32.a(stm32f10x_systick.o)
                                                  APP/src/main.o
SysTick_SetReload                                 stm32f10x_lib/libstm32.a(stm32f10x_systick.o)
                                                  APP/src/main.o
TAMPER_IRQHandler                                 APP/src/stm32f10x_it.o
                                                  stm32f10x_lib/libstm32.a(stm32f10x_vector.o)
TIM1_BRK_IRQHandler                               APP/src/stm32f10x_it.o
                                                  stm32f10x_lib/libstm32.a(stm32f10x_vector.o)
TIM1_CC_IRQHandler                                APP/src/stm32f10x_it.o
                                                  stm32f10x_lib/libstm32.a(stm32f10x_vector.o)
TIM1_TRG_COM_IRQHandler                           APP/src/stm32f10x_it.o
                                                  stm32f10x_lib/libstm32.a(stm32f10x_vector.o)
TIM1_UP_IRQHandler                                APP/src/stm32f10x_it.o
                                                  stm32f10x_lib/libstm32.a(stm32f10x_vector.o)
TIM2_IRQHandler                                   APP/src/stm32f10x_it.o
                                                  stm32f10x_lib/libstm32.a(stm32f10x_vector.o)
TIM3_IRQHandler                                   APP/src/stm32f10x_it.o
                                                  stm32f10x_lib/libstm32.a(stm32f10x_vector.o)
TIM4_IRQHandler                                   APP/src/stm32f10x_it.o
                                                  stm32f10x_lib/libstm32.a(stm32f10x_vector.o)
TIM5_IRQHandler                                   APP/src/stm32f10x_it.o
                                                  stm32f10x_lib/libstm32.a(stm32f10x_vector.o)
TIM6_IRQHandler                                   APP/src/stm32f10x_it.o
                                                  stm32f10x_lib/libstm32.a(stm32f10x_vector.o)
TIM7_IRQHandler                                   APP/src/stm32f10x_it.o
                                                  stm32f10x_lib/libstm32.a(stm32f10x_vector.o)
TIM8_BRK_IRQHandler                               APP/src/stm32f10x_it.o
                                                  stm32f10x_lib/libstm32.a(stm32f10x_vector.o)
TIM8_CC_IRQHandler                                APP/src/stm32f10x_it.o
                                                  stm32f10x_lib/libstm32.a(stm32f10x_vector.o)
TIM8_TRG_COM_IRQHandler                           APP/src/stm32f10x_it.o
                                                  stm32f10x_lib/libstm32.a(stm32f10x_vector.o)
TIM8_UP_IRQHandler                                APP/src/stm32f10x_it.o
                                                  stm32f10x_lib/libstm32.a(stm32f10x_vector.o)
TIM_ARRPreloadConfig                              stm32f10x_lib/libstm32.a(stm32f10x_tim.o)
TIM_BDTRConfig                                    stm32f10x_lib/libstm32.a(stm32f10x_tim.o)
TIM_BDTRStructInit                                stm32f10x_lib/libstm32.a(stm32f10x_tim.o)
TIM_CCPreloadControl                              stm32f10x_lib/libstm32.a(stm32f10x_tim.o)
TIM_CCxCmd                                        stm32f10x_lib/libstm32.a(stm32f10x_tim.o)
TIM_CCxNCmd                                       stm32f10x_lib/libstm32.a(stm32f10x_tim.o)
TIM_ClearFlag                                     stm32f10x_lib/libstm32.a(stm32f10x_tim.o)
TIM_ClearITPendingBit                             stm32f10x_lib/libstm32.a(stm32f10x_tim.o)
                                                  APP/src/main.o
TIM_ClearOC1Ref                                   stm32f10x_lib/libstm32.a(stm32f10x_tim.o)
TIM_ClearOC2Ref                                   stm32f10x_lib/libstm32.a(stm32f10x_tim.o)
TIM_ClearOC3Ref                                   stm32f10x_lib/libstm32.a(stm32f10x_tim.o)
TIM_ClearOC4Ref                                   stm32f10x_lib/libstm32.a(stm32f10x_tim.o)
TIM_Cmd                                           stm32f10x_lib/libstm32.a(stm32f10x_tim.o)
                                                  APP/src/main.o
TIM_CounterModeConfig                             stm32f10x_lib/libstm32.a(stm32f10x_tim.o)
TIM_CtrlPWMOutputs                                stm32f10x_lib/libstm32.a(stm32f10x_tim.o)
TIM_DMACmd                                        stm32f10x_lib/libstm32.a(stm32f10x_tim.o)
TIM_DMAConfig                                     stm32f10x_lib/libstm32.a(stm32f10x_tim.o)
TIM_DeInit                                        stm32f10x_lib/libstm32.a(stm32f10x_tim.o)
                                                  APP/src/main.o
TIM_ETRClockMode1Config                           stm32f10x_lib/libstm32.a(stm32f10x_tim.o)
TIM_ETRClockMode2Config                           stm32f10x_lib/libstm32.a(stm32f10x_tim.o)
TIM_ETRConfig                                     stm32f10x_lib/libstm32.a(stm32f10x_tim.o)
TIM_EncoderInterfaceConfig                        stm32f10x_lib/libstm32.a(stm32f10x_tim.o)
TIM_ForcedOC1Config                               stm32f10x_lib/libstm32.a(stm32f10x_tim.o)
TIM_ForcedOC2Config                               stm32f10x_lib/libstm32.a(stm32f10x_tim.o)
TIM_ForcedOC3Config                               stm32f10x_lib/libstm32.a(stm32f10x_tim.o)
TIM_ForcedOC4Config                               stm32f10x_lib/libstm32.a(stm32f10x_tim.o)
TIM_GenerateEvent                                 stm32f10x_lib/libstm32.a(stm32f10x_tim.o)
TIM_GetCapture1                                   stm32f10x_lib/libstm32.a(stm32f10x_tim.o)
                                                  APP/src/main.o
TIM_GetCapture2                                   stm32f10x_lib/libstm32.a(stm32f10x_tim.o)
TIM_GetCapture3                                   stm32f10x_lib/libstm32.a(stm32f10x_tim.o)
TIM_GetCapture4                                   stm32f10x_lib/libstm32.a(stm32f10x_tim.o)
TIM_GetCounter                                    stm32f10x_lib/libstm32.a(stm32f10x_tim.o)
TIM_GetFlagStatus                                 stm32f10x_lib/libstm32.a(stm32f10x_tim.o)
TIM_GetITStatus                                   stm32f10x_lib/libstm32.a(stm32f10x_tim.o)
                                                  APP/src/main.o
TIM_GetPrescaler                                  stm32f10x_lib/libstm32.a(stm32f10x_tim.o)
TIM_ICInit                                        stm32f10x_lib/libstm32.a(stm32f10x_tim.o)
TIM_ICStructInit                                  stm32f10x_lib/libstm32.a(stm32f10x_tim.o)
TIM_ITConfig                                      stm32f10x_lib/libstm32.a(stm32f10x_tim.o)
                                                  APP/src/main.o
TIM_ITRxExternalClockConfig                       stm32f10x_lib/libstm32.a(stm32f10x_tim.o)
TIM_InternalClockConfig                           stm32f10x_lib/libstm32.a(stm32f10x_tim.o)
TIM_OC1FastConfig                                 stm32f10x_lib/libstm32.a(stm32f10x_tim.o)
TIM_OC1Init                                       stm32f10x_lib/libstm32.a(stm32f10x_tim.o)
                                                  APP/src/main.o
TIM_OC1NPolarityConfig                            stm32f10x_lib/libstm32.a(stm32f10x_tim.o)
TIM_OC1PolarityConfig                             stm32f10x_lib/libstm32.a(stm32f10x_tim.o)
TIM_OC1PreloadConfig                              stm32f10x_lib/libstm32.a(stm32f10x_tim.o)
                                                  APP/src/main.o
TIM_OC2FastConfig                                 stm32f10x_lib/libstm32.a(stm32f10x_tim.o)
TIM_OC2Init                                       stm32f10x_lib/libstm32.a(stm32f10x_tim.o)
TIM_OC2NPolarityConfig                            stm32f10x_lib/libstm32.a(stm32f10x_tim.o)
TIM_OC2PolarityConfig                             stm32f10x_lib/libstm32.a(stm32f10x_tim.o)
TIM_OC2PreloadConfig                              stm32f10x_lib/libstm32.a(stm32f10x_tim.o)
TIM_OC3FastConfig                                 stm32f10x_lib/libstm32.a(stm32f10x_tim.o)
TIM_OC3Init                                       stm32f10x_lib/libstm32.a(stm32f10x_tim.o)
TIM_OC3NPolarityConfig                            stm32f10x_lib/libstm32.a(stm32f10x_tim.o)
TIM_OC3PolarityConfig                             stm32f10x_lib/libstm32.a(stm32f10x_tim.o)
TIM_OC3PreloadConfig                              stm32f10x_lib/libstm32.a(stm32f10x_tim.o)
TIM_OC4FastConfig                                 stm32f10x_lib/libstm32.a(stm32f10x_tim.o)
TIM_OC4Init                                       stm32f10x_lib/libstm32.a(stm32f10x_tim.o)
TIM_OC4PolarityConfig                             stm32f10x_lib/libstm32.a(stm32f10x_tim.o)
TIM_OC4PreloadConfig                              stm32f10x_lib/libstm32.a(stm32f10x_tim.o)
TIM_OCStructInit                                  stm32f10x_lib/libstm32.a(stm32f10x_tim.o)
                                                  APP/src/main.o
TIM_PWMIConfig                                    stm32f10x_lib/libstm32.a(stm32f10x_tim.o)
TIM_PrescalerConfig                               stm32f10x_lib/libstm32.a(stm32f10x_tim.o)
                                                  APP/src/main.o
TIM_SelectCCDMA                                   stm32f10x_lib/libstm32.a(stm32f10x_tim.o)
TIM_SelectCOM                                     stm32f10x_lib/libstm32.a(stm32f10x_tim.o)
TIM_SelectHallSensor                              stm32f10x_lib/libstm32.a(stm32f10x_tim.o)
TIM_SelectInputTrigger                            stm32f10x_lib/libstm32.a(stm32f10x_tim.o)
TIM_SelectMasterSlaveMode                         stm32f10x_lib/libstm32.a(stm32f10x_tim.o)
TIM_SelectOCxM                                    stm32f10x_lib/libstm32.a(stm32f10x_tim.o)
TIM_SelectOnePulseMode                            stm32f10x_lib/libstm32.a(stm32f10x_tim.o)
TIM_SelectOutputTrigger                           stm32f10x_lib/libstm32.a(stm32f10x_tim.o)
TIM_SelectSlaveMode                               stm32f10x_lib/libstm32.a(stm32f10x_tim.o)
TIM_SetAutoreload                                 stm32f10x_lib/libstm32.a(stm32f10x_tim.o)
TIM_SetClockDivision                              stm32f10x_lib/libstm32.a(stm32f10x_tim.o)
TIM_SetCompare1                                   stm32f10x_lib/libstm32.a(stm32f10x_tim.o)
                                                  APP/src/main.o
TIM_SetCompare2                                   stm32f10x_lib/libstm32.a(stm32f10x_tim.o)
TIM_SetCompare3                                   stm32f10x_lib/libstm32.a(stm32f10x_tim.o)
TIM_SetCompare4                                   stm32f10x_lib/libstm32.a(stm32f10x_tim.o)
TIM_SetCounter                                    stm32f10x_lib/libstm32.a(stm32f10x_tim.o)
TIM_SetIC1Prescaler                               stm32f10x_lib/libstm32.a(stm32f10x_tim.o)
TIM_SetIC2Prescaler                               stm32f10x_lib/libstm32.a(stm32f10x_tim.o)
TIM_SetIC3Prescaler                               stm32f10x_lib/libstm32.a(stm32f10x_tim.o)
TIM_SetIC4Prescaler                               stm32f10x_lib/libstm32.a(stm32f10x_tim.o)
TIM_TIxExternalClockConfig                        stm32f10x_lib/libstm32.a(stm32f10x_tim.o)
TIM_TimeBaseInit                                  stm32f10x_lib/libstm32.a(stm32f10x_tim.o)
                                                  APP/src/main.o
TIM_TimeBaseStructInit                            stm32f10x_lib/libstm32.a(stm32f10x_tim.o)
                                                  APP/src/main.o
TIM_UpdateDisableConfig                           stm32f10x_lib/libstm32.a(stm32f10x_tim.o)
TIM_UpdateRequestConfig                           stm32f10x_lib/libstm32.a(stm32f10x_tim.o)
TimerInterrupt_1ms                                APP/src/main.o
                                                  APP/src/stm32f10x_it.o
Timer_Configuration                               APP/src/main.o
TxDByte16                                         APP/src/main.o
TxDByte_DXL                                       APP/src/main.o
                                                  APP/src/dxl_hal.o
TxDByte_PC                                        APP/src/main.o
TxDString                                         APP/src/main.o
TxDWord16                                         APP/src/main.o
UART4_IRQHandler                                  APP/src/stm32f10x_it.o
                                                  stm32f10x_lib/libstm32.a(stm32f10x_vector.o)
UART5_IRQHandler                                  APP/src/stm32f10x_it.o
                                                  stm32f10x_lib/libstm32.a(stm32f10x_vector.o)
USART1_Configuration                              APP/src/main.o
                                                  APP/src/dxl_hal.o
USART1_IRQHandler                                 APP/src/stm32f10x_it.o
                                                  stm32f10x_lib/libstm32.a(stm32f10x_vector.o)
USART2_IRQHandler                                 APP/src/stm32f10x_it.o
                                                  stm32f10x_lib/libstm32.a(stm32f10x_vector.o)
USART3_IRQHandler                                 APP/src/stm32f10x_it.o
                                                  stm32f10x_lib/libstm32.a(stm32f10x_vector.o)
USART_ClearFlag                                   stm32f10x_lib/libstm32.a(stm32f10x_usart.o)
USART_ClearITPendingBit                           stm32f10x_lib/libstm32.a(stm32f10x_usart.o)
USART_ClockInit                                   stm32f10x_lib/libstm32.a(stm32f10x_usart.o)
USART_ClockStructInit                             stm32f10x_lib/libstm32.a(stm32f10x_usart.o)
USART_Cmd                                         stm32f10x_lib/libstm32.a(stm32f10x_usart.o)
                                                  APP/src/main.o
USART_Configuration                               APP/src/main.o
USART_DMACmd                                      stm32f10x_lib/libstm32.a(stm32f10x_usart.o)
USART_DeInit                                      stm32f10x_lib/libstm32.a(stm32f10x_usart.o)
                                                  APP/src/main.o
USART_GetFlagStatus                               stm32f10x_lib/libstm32.a(stm32f10x_usart.o)
                                                  APP/src/main.o
USART_GetITStatus                                 stm32f10x_lib/libstm32.a(stm32f10x_usart.o)
                                                  APP/src/main.o
USART_HalfDuplexCmd                               stm32f10x_lib/libstm32.a(stm32f10x_usart.o)
USART_ITConfig                                    stm32f10x_lib/libstm32.a(stm32f10x_usart.o)
                                                  APP/src/main.o
USART_Init                                        stm32f10x_lib/libstm32.a(stm32f10x_usart.o)
                                                  APP/src/main.o
USART_IrDACmd                                     stm32f10x_lib/libstm32.a(stm32f10x_usart.o)
USART_IrDAConfig                                  stm32f10x_lib/libstm32.a(stm32f10x_usart.o)
USART_LINBreakDetectLengthConfig                  stm32f10x_lib/libstm32.a(stm32f10x_usart.o)
USART_LINCmd                                      stm32f10x_lib/libstm32.a(stm32f10x_usart.o)
USART_ReceiveData                                 stm32f10x_lib/libstm32.a(stm32f10x_usart.o)
                                                  APP/src/main.o
USART_ReceiverWakeUpCmd                           stm32f10x_lib/libstm32.a(stm32f10x_usart.o)
USART_SendBreak                                   stm32f10x_lib/libstm32.a(stm32f10x_usart.o)
USART_SendData                                    stm32f10x_lib/libstm32.a(stm32f10x_usart.o)
                                                  APP/src/main.o
USART_SetAddress                                  stm32f10x_lib/libstm32.a(stm32f10x_usart.o)
USART_SetGuardTime                                stm32f10x_lib/libstm32.a(stm32f10x_usart.o)
USART_SetPrescaler                                stm32f10x_lib/libstm32.a(stm32f10x_usart.o)
USART_SmartCardCmd                                stm32f10x_lib/libstm32.a(stm32f10x_usart.o)
USART_SmartCardNACKCmd                            stm32f10x_lib/libstm32.a(stm32f10x_usart.o)
USART_StructInit                                  stm32f10x_lib/libstm32.a(stm32f10x_usart.o)
                                                  APP/src/main.o
USART_WakeUpConfig                                stm32f10x_lib/libstm32.a(stm32f10x_usart.o)
USBWakeUp_IRQHandler                              APP/src/stm32f10x_it.o
                                                  stm32f10x_lib/libstm32.a(stm32f10x_vector.o)
USB_HP_CAN_TX_IRQHandler                          APP/src/stm32f10x_it.o
                                                  stm32f10x_lib/libstm32.a(stm32f10x_vector.o)
USB_LP_CAN_RX0_IRQHandler                         APP/src/stm32f10x_it.o
                                                  stm32f10x_lib/libstm32.a(stm32f10x_vector.o)
UsageFaultException                               APP/src/stm32f10x_it.o
                                                  stm32f10x_lib/libstm32.a(stm32f10x_vector.o)
Voltage                                           APP/src/main.o
WWDG_IRQHandler                                   APP/src/stm32f10x_it.o
                                                  stm32f10x_lib/libstm32.a(stm32f10x_vector.o)
_Jv_RegisterClasses                               /home/clement/tools/gcc-arm-none-eabi-4_9-2015q3/bin/../lib/gcc/arm-none-eabi/4.9.3/crtbegin.o
__BASEPRICONFIG                                   stm32f10x_lib/libstm32.a(cortexm3_macro.o)
                                                  stm32f10x_lib/libstm32.a(stm32f10x_nvic.o)
__DMB                                             stm32f10x_lib/libstm32.a(cortexm3_macro.o)
__DSB                                             stm32f10x_lib/libstm32.a(cortexm3_macro.o)
__GetBASEPRI                                      stm32f10x_lib/libstm32.a(cortexm3_macro.o)
                                                  stm32f10x_lib/libstm32.a(stm32f10x_nvic.o)
__ISB                                             stm32f10x_lib/libstm32.a(cortexm3_macro.o)
__ISR_DELAY                                       APP/src/main.o
                                                  APP/src/stm32f10x_it.o
__MRS_CONTROL                                     stm32f10x_lib/libstm32.a(cortexm3_macro.o)
__MRS_MSP                                         stm32f10x_lib/libstm32.a(cortexm3_macro.o)
__MRS_PSP                                         stm32f10x_lib/libstm32.a(cortexm3_macro.o)
__MSR_CONTROL                                     stm32f10x_lib/libstm32.a(cortexm3_macro.o)
__MSR_MSP                                         stm32f10x_lib/libstm32.a(cortexm3_macro.o)
__MSR_PSP                                         stm32f10x_lib/libstm32.a(cortexm3_macro.o)
__RESETFAULTMASK                                  stm32f10x_lib/libstm32.a(cortexm3_macro.o)
                                                  stm32f10x_lib/libstm32.a(stm32f10x_nvic.o)
__RESETPRIMASK                                    stm32f10x_lib/libstm32.a(cortexm3_macro.o)
                                                  stm32f10x_lib/libstm32.a(stm32f10x_nvic.o)
__REV_HalfWord                                    stm32f10x_lib/libstm32.a(cortexm3_macro.o)
__REV_Word                                        stm32f10x_lib/libstm32.a(cortexm3_macro.o)
__SETFAULTMASK                                    stm32f10x_lib/libstm32.a(cortexm3_macro.o)
                                                  stm32f10x_lib/libstm32.a(stm32f10x_nvic.o)
__SETPRIMASK                                      stm32f10x_lib/libstm32.a(cortexm3_macro.o)
                                                  stm32f10x_lib/libstm32.a(stm32f10x_nvic.o)
__SEV                                             stm32f10x_lib/libstm32.a(cortexm3_macro.o)
__SVC                                             stm32f10x_lib/libstm32.a(cortexm3_macro.o)
__WFE                                             stm32f10x_lib/libstm32.a(cortexm3_macro.o)
                                                  stm32f10x_lib/libstm32.a(stm32f10x_pwr.o)
__WFI                                             stm32f10x_lib/libstm32.a(cortexm3_macro.o)
                                                  stm32f10x_lib/libstm32.a(stm32f10x_pwr.o)
__bss_end__                                       /home/clement/tools/gcc-arm-none-eabi-4_9-2015q3/bin/../lib/gcc/arm-none-eabi/4.9.3/../../../../arm-none-eabi/lib/crt0.o
__bss_start__                                     /home/clement/tools/gcc-arm-none-eabi-4_9-2015q3/bin/../lib/gcc/arm-none-eabi/4.9.3/../../../../arm-none-eabi/lib/crt0.o
__call_exitprocs                                  /home/clement/tools/gcc-arm-none-eabi-4_9-2015q3/bin/../lib/gcc/arm-none-eabi/4.9.3/../../../../arm-none-eabi/lib/libc.a(lib_a-__call_atexit.o)
                                                  /home/clement/tools/gcc-arm-none-eabi-4_9-2015q3/bin/../lib/gcc/arm-none-eabi/4.9.3/../../../../arm-none-eabi/lib/libc.a(lib_a-exit.o)
__deregister_frame_info                           /home/clement/tools/gcc-arm-none-eabi-4_9-2015q3/bin/../lib/gcc/arm-none-eabi/4.9.3/crtbegin.o
__dso_handle                                      /home/clement/tools/gcc-arm-none-eabi-4_9-2015q3/bin/../lib/gcc/arm-none-eabi/4.9.3/crtbegin.o
__fini_array_end                                  /home/clement/tools/gcc-arm-none-eabi-4_9-2015q3/bin/../lib/gcc/arm-none-eabi/4.9.3/../../../../arm-none-eabi/lib/libc.a(lib_a-fini.o)