Archive member included because of file (symbol)

stm32f10x_lib/libstm32.a(stm32f10x_flash.o)
                              APP/src/main.o (FLASH_SetLatency)
stm32f10x_lib/libstm32.a(stm32f10x_gpio.o)
                              APP/src/main.o (GPIO_Init)
stm32f10x_lib/libstm32.a(stm32f10x_nvic.o)
                              APP/src/main.o (NVIC_PriorityGroupConfig)
stm32f10x_lib/libstm32.a(stm32f10x_pwr.o)
                              APP/src/main.o (PWR_BackupAccessCmd)
stm32f10x_lib/libstm32.a(stm32f10x_rcc.o)
                              APP/src/main.o (RCC_DeInit)
stm32f10x_lib/libstm32.a(stm32f10x_systick.o)
                              APP/src/main.o (SysTick_SetReload)
stm32f10x_lib/libstm32.a(stm32f10x_tim.o)
                              APP/src/main.o (TIM_DeInit)
stm32f10x_lib/libstm32.a(stm32f10x_usart.o)
                              APP/src/main.o (USART_DeInit)
stm32f10x_lib/libstm32.a(cortexm3_macro.o)
                              stm32f10x_lib/libstm32.a(stm32f10x_pwr.o) (__WFI)
stm32f10x_lib/libstm32.a(stm32f10x_vector.o)
                              (Reset_Handler)
/home/clement/tools/gcc-arm-none-eabi-4_9-2015q3/bin/../lib/gcc/arm-none-eabi/4.9.3/../../../../arm-none-eabi/lib/libc.a(lib_a-exit.o)
                              /home/clement/tools/gcc-arm-none-eabi-4_9-2015q3/bin/../lib/gcc/arm-none-eabi/4.9.3/../../../../arm-none-eabi/lib/crt0.o (exit)
/home/clement/tools/gcc-arm-none-eabi-4_9-2015q3/bin/../lib/gcc/arm-none-eabi/4.9.3/../../../../arm-none-eabi/lib/libc.a(lib_a-impure.o)
                              /home/clement/tools/gcc-arm-none-eabi-4_9-2015q3/bin/../lib/gcc/arm-none-eabi/4.9.3/../../../../arm-none-eabi/lib/libc.a(lib_a-exit.o) (_global_impure_ptr)
/home/clement/tools/gcc-arm-none-eabi-4_9-2015q3/bin/../lib/gcc/arm-none-eabi/4.9.3/../../../../arm-none-eabi/lib/libc.a(lib_a-init.o)
                              /home/clement/tools/gcc-arm-none-eabi-4_9-2015q3/bin/../lib/gcc/arm-none-eabi/4.9.3/../../../../arm-none-eabi/lib/crt0.o (__libc_init_array)
/home/clement/tools/gcc-arm-none-eabi-4_9-2015q3/bin/../lib/gcc/arm-none-eabi/4.9.3/../../../../arm-none-eabi/lib/libc.a(lib_a-memset.o)
                              /home/clement/tools/gcc-arm-none-eabi-4_9-2015q3/bin/../lib/gcc/arm-none-eabi/4.9.3/../../../../arm-none-eabi/lib/crt0.o (memset)
/home/clement/tools/gcc-arm-none-eabi-4_9-2015q3/bin/../lib/gcc/arm-none-eabi/4.9.3/../../../../arm-none-eabi/lib/libc.a(lib_a-__call_atexit.o)
                              /home/clement/tools/gcc-arm-none-eabi-4_9-2015q3/bin/../lib/gcc/arm-none-eabi/4.9.3/../../../../arm-none-eabi/lib/libc.a(lib_a-exit.o) (__call_exitprocs)
/home/clement/tools/gcc-arm-none-eabi-4_9-2015q3/bin/../lib/gcc/arm-none-eabi/4.9.3/../../../../arm-none-eabi/lib/libc.a(lib_a-atexit.o)
                              /home/clement/tools/gcc-arm-none-eabi-4_9-2015q3/bin/../lib/gcc/arm-none-eabi/4.9.3/../../../../arm-none-eabi/lib/libc.a(lib_a-__call_atexit.o) (atexit)
/home/clement/tools/gcc-arm-none-eabi-4_9-2015q3/bin/../lib/gcc/arm-none-eabi/4.9.3/../../../../arm-none-eabi/lib/libc.a(lib_a-fini.o)
                              /home/clement/tools/gcc-arm-none-eabi-4_9-2015q3/bin/../lib/gcc/arm-none-eabi/4.9.3/../../../../arm-none-eabi/lib/libc.a(lib_a-__call_atexit.o) (__libc_fini_array)
/home/clement/tools/gcc-arm-none-eabi-4_9-2015q3/bin/../lib/gcc/arm-none-eabi/4.9.3/../../../../arm-none-eabi/lib/libc.a(lib_a-__atexit.o)
                              /home/clement/tools/gcc-arm-none-eabi-4_9-2015q3/bin/../lib/gcc/arm-none-eabi/4.9.3/../../../../arm-none-eabi/lib/libc.a(lib_a-atexit.o) (__register_exitproc)

Discarded input sections

 .text          0x00000000        0x0 /home/clement/tools/gcc-arm-none-eabi-4_9-2015q3/bin/../lib/gcc/arm-none-eabi/4.9.3/crti.o
 .data          0x00000000        0x0 /home/clement/tools/gcc-arm-none-eabi-4_9-2015q3/bin/../lib/gcc/arm-none-eabi/4.9.3/crti.o
 .bss           0x00000000        0x0 /home/clement/tools/gcc-arm-none-eabi-4_9-2015q3/bin/../lib/gcc/arm-none-eabi/4.9.3/crti.o
 .init          0x00000000        0xc /home/clement/tools/gcc-arm-none-eabi-4_9-2015q3/bin/../lib/gcc/arm-none-eabi/4.9.3/crti.o
 .fini          0x00000000        0xc /home/clement/tools/gcc-arm-none-eabi-4_9-2015q3/bin/../lib/gcc/arm-none-eabi/4.9.3/crti.o
 .ARM.attributes
                0x00000000       0x16 /home/clement/tools/gcc-arm-none-eabi-4_9-2015q3/bin/../lib/gcc/arm-none-eabi/4.9.3/crti.o
 .text          0x00000000       0x98 /home/clement/tools/gcc-arm-none-eabi-4_9-2015q3/bin/../lib/gcc/arm-none-eabi/4.9.3/crtbegin.o
 .data          0x00000000        0x4 /home/clement/tools/gcc-arm-none-eabi-4_9-2015q3/bin/../lib/gcc/arm-none-eabi/4.9.3/crtbegin.o
 .bss           0x00000000       0x1c /home/clement/tools/gcc-arm-none-eabi-4_9-2015q3/bin/../lib/gcc/arm-none-eabi/4.9.3/crtbegin.o
 .init_array    0x00000000        0x4 /home/clement/tools/gcc-arm-none-eabi-4_9-2015q3/bin/../lib/gcc/arm-none-eabi/4.9.3/crtbegin.o
[...]
Memory Configuration

Name             Origin             Length             Attributes
RAM              0x20000000         0x00010000         xrw
FLASH            0x08003000         0x0007d000         xr
FLASHB1          0x00000000         0x00000000         xr
EXTMEMB0         0x00000000         0x00000000         xr
EXTMEMB1         0x00000000         0x00000000         xr
EXTMEMB2         0x00000000         0x00000000         xr
EXTMEMB3         0x00000000         0x00000000         xr
*default*        0x00000000         0xffffffff

Linker script and memory map

LOAD /home/clement/tools/gcc-arm-none-eabi-4_9-2015q3/bin/../lib/gcc/arm-none-eabi/4.9.3/crti.o
LOAD /home/clement/tools/gcc-arm-none-eabi-4_9-2015q3/bin/../lib/gcc/arm-none-eabi/4.9.3/crtbegin.o
LOAD /home/clement/tools/gcc-arm-none-eabi-4_9-2015q3/bin/../lib/gcc/arm-none-eabi/4.9.3/../../../../arm-none-eabi/lib/crt0.o
LOAD APP/src/main.o
LOAD APP/src/stm32f10x_it.o
LOAD APP/src/dxl_hal.o
LOAD APP/src/dynamixel.o
LOAD stm32f10x_lib/libstm32.a
START GROUP
LOAD /home/clement/tools/gcc-arm-none-eabi-4_9-2015q3/bin/../lib/gcc/arm-none-eabi/4.9.3/libgcc.a
LOAD /home/clement/tools/gcc-arm-none-eabi-4_9-2015q3/bin/../lib/gcc/arm-none-eabi/4.9.3/../../../../arm-none-eabi/lib/libc.a
END GROUP
LOAD /home/clement/tools/gcc-arm-none-eabi-4_9-2015q3/bin/../lib/gcc/arm-none-eabi/4.9.3/crtend.o
LOAD /home/clement/tools/gcc-arm-none-eabi-4_9-2015q3/bin/../lib/gcc/arm-none-eabi/4.9.3/crtn.o
                0x00000400                __Stack_Size = 0x400
                0x00000400                PROVIDE (_Stack_Size, __Stack_Size)
                0x2000fc00                __Stack_Init = (_estack - __Stack_Size)
                0x2000fc00                PROVIDE (_Stack_Init, __Stack_Init)
                0x00000100                _Minimum_Stack_Size = 0x100
                0x00000000                PROVIDE (Undefined_Handler, 0x0)
                0x00000000                PROVIDE (SWI_Handler, 0x0)
                0x00000000                PROVIDE (IRQ_Handler, 0x0)
                0x00000000                PROVIDE (Prefetch_Handler, 0x0)
                0x00000000                PROVIDE (Abort_Handler, 0x0)
                0x00000000                PROVIDE (FIQ_Handler, 0x0)
                0x00000000                PROVIDE (NMIException, 0x0)
                0x00000000                PROVIDE (HardFaultException, 0x0)
                0x00000000                PROVIDE (MemManageException, 0x0)
                0x00000000                PROVIDE (BusFaultException, 0x0)
                0x00000000                PROVIDE (UsageFaultException, 0x0)
                0x00000000                PROVIDE (SVCHandler, 0x0)
                0x00000000                PROVIDE (DebugMonitor, 0x0)
                0x00000000                PROVIDE (PendSVC, 0x0)
                0x00000000                PROVIDE (SysTickHandler, 0x0)
                0x00000000                PROVIDE (WWDG_IRQHandler, 0x0)
                0x00000000                PROVIDE (PVD_IRQHandler, 0x0)
                0x00000000                PROVIDE (TAMPER_IRQHandler, 0x0)
                0x00000000                PROVIDE (RTC_IRQHandler, 0x0)
                0x00000000                PROVIDE (FLASH_IRQHandler, 0x0)
                0x00000000                PROVIDE (RCC_IRQHandler, 0x0)
                0x00000000                PROVIDE (EXTI0_IRQHandler, 0x0)
                0x00000000                PROVIDE (EXTI1_IRQHandler, 0x0)
                0x00000000                PROVIDE (EXTI2_IRQHandler, 0x0)
                0x00000000                PROVIDE (EXTI3_IRQHandler, 0x0)
                0x00000000                PROVIDE (EXTI4_IRQHandler, 0x0)
                0x00000000                PROVIDE (DMAChannel1_IRQHandler, 0x0)
                0x00000000                PROVIDE (DMAChannel2_IRQHandler, 0x0)
                0x00000000                PROVIDE (DMAChannel3_IRQHandler, 0x0)
                0x00000000                PROVIDE (DMAChannel4_IRQHandler, 0x0)
                0x00000000                PROVIDE (DMAChannel5_IRQHandler, 0x0)
                0x00000000                PROVIDE (DMAChannel6_IRQHandler, 0x0)
                0x00000000                PROVIDE (DMAChannel7_IRQHandler, 0x0)
                0x00000000                PROVIDE (ADC_IRQHandler, 0x0)
                0x00000000                PROVIDE (USB_HP_CAN_TX_IRQHandler, 0x0)
                0x00000000                PROVIDE (USB_LP_CAN_RX0_IRQHandler, 0x0)
                0x00000000                PROVIDE (CAN_RX1_IRQHandler, 0x0)
                0x00000000                PROVIDE (CAN_SCE_IRQHandler, 0x0)
                0x00000000                PROVIDE (EXTI9_5_IRQHandler, 0x0)
                0x00000000                PROVIDE (TIM1_BRK_IRQHandler, 0x0)
                0x00000000                PROVIDE (TIM1_UP_IRQHandler, 0x0)
                0x00000000                PROVIDE (TIM1_TRG_COM_IRQHandler, 0x0)
                0x00000000                PROVIDE (TIM1_CC_IRQHandler, 0x0)
                0x00000000                PROVIDE (TIM2_IRQHandler, 0x0)
                0x00000000                PROVIDE (TIM3_IRQHandler, 0x0)
                0x00000000                PROVIDE (TIM4_IRQHandler, 0x0)
                0x00000000                PROVIDE (I2C1_EV_IRQHandler, 0x0)
                0x00000000                PROVIDE (I2C1_ER_IRQHandler, 0x0)
                0x00000000                PROVIDE (I2C2_EV_IRQHandler, 0x0)
                0x00000000                PROVIDE (I2C2_ER_IRQHandler, 0x0)
                0x00000000                PROVIDE (SPI1_IRQHandler, 0x0)
                0x00000000                PROVIDE (SPI2_IRQHandler, 0x0)
                0x00000000                PROVIDE (USART1_IRQHandler, 0x0)
                0x00000000                PROVIDE (USART2_IRQHandler, 0x0)
                0x00000000                PROVIDE (USART3_IRQHandler, 0x0)
                0x00000000                PROVIDE (EXTI15_10_IRQHandler, 0x0)
                0x00000000                PROVIDE (RTCAlarm_IRQHandler, 0x0)
                0x00000000                PROVIDE (USBWakeUp_IRQHandler, 0x0)
                0x42000000                PERIPH_BB_BASE = 0x42000000
                0x22000000                SRAM_BB_BASE = 0x22000000
                0x20000000                SRAM_BASE = 0x20000000
                0x40000000                PERIPH_BASE = 0x40000000
                0x40022000                PROVIDE (FLASH_BASE, 0x40022000)
                0x1ffff800                PROVIDE (OB_BASE, 0x1ffff800)
                0x40000000                APB1PERIPH_BASE = PERIPH_BASE
                0x40010000                APB2PERIPH_BASE = (PERIPH_BASE + 0x10000)
                0x40020000                AHBPERIPH_BASE = (PERIPH_BASE + 0x20000)
                0x40000000                PROVIDE (TIM2, (APB1PERIPH_BASE + 0x0))
                0x40000400                PROVIDE (TIM3, (APB1PERIPH_BASE + 0x400))
                0x40000800                PROVIDE (TIM4, (APB1PERIPH_BASE + 0x800))
                0x40002800                PROVIDE (RTC, (APB1PERIPH_BASE + 0x2800))
                0x40002c00                PROVIDE (WWDG, (APB1PERIPH_BASE + 0x2c00))
                0x40003000                PROVIDE (IWDG, (APB1PERIPH_BASE + 0x3000))
                0x40003800                PROVIDE (SPI2, (APB1PERIPH_BASE + 0x3800))
                0x40004400                PROVIDE (USART2, (APB1PERIPH_BASE + 0x4400))
                0x40004800                PROVIDE (USART3, (APB1PERIPH_BASE + 0x4800))
                0x40005400                PROVIDE (I2C1, (APB1PERIPH_BASE + 0x5400))
                0x40005800                PROVIDE (I2C2, (APB1PERIPH_BASE + 0x5800))
                0x40006400                PROVIDE (CAN, (APB1PERIPH_BASE + 0x6400))
                0x40006c00                PROVIDE (BKP, (APB1PERIPH_BASE + 0x6c00))
                0x40007000                PROVIDE (PWR, (APB1PERIPH_BASE + 0x7000))
                0x40010000                PROVIDE (AFIO, (APB2PERIPH_BASE + 0x0))
                0x40010400                PROVIDE (EXTI, (APB2PERIPH_BASE + 0x400))
                0x40010800                PROVIDE (GPIOA, (APB2PERIPH_BASE + 0x800))
                0x40010c00                PROVIDE (GPIOB, (APB2PERIPH_BASE + 0xc00))
                0x40011000                PROVIDE (GPIOC, (APB2PERIPH_BASE + 0x1000))
                0x40011400                PROVIDE (GPIOD, (APB2PERIPH_BASE + 0x1400))
                0x40011800                PROVIDE (GPIOE, (APB2PERIPH_BASE + 0x1800))
                0x40012400                PROVIDE (ADC1, (APB2PERIPH_BASE + 0x2400))
                0x40012800                PROVIDE (ADC2, (APB2PERIPH_BASE + 0x2800))
                0x40012c00                PROVIDE (TIM1, (APB2PERIPH_BASE + 0x2c00))
                0x40013000                PROVIDE (SPI1, (APB2PERIPH_BASE + 0x3000))
                0x40013800                PROVIDE (USART1, (APB2PERIPH_BASE + 0x3800))
                0x40020000                PROVIDE (DMA, (AHBPERIPH_BASE + 0x0))
                0x40020008                PROVIDE (DMA_Channel1, (AHBPERIPH_BASE + 0x8))
                0x4002001c                PROVIDE (DMA_Channel2, (AHBPERIPH_BASE + 0x1c))
                0x40020030                PROVIDE (DMA_Channel3, (AHBPERIPH_BASE + 0x30))
                0x40020044                PROVIDE (DMA_Channel4, (AHBPERIPH_BASE + 0x44))
                0x40020058                PROVIDE (DMA_Channel5, (AHBPERIPH_BASE + 0x58))
                0x4002006c                PROVIDE (DMA_Channel6, (AHBPERIPH_BASE + 0x6c))
                0x40020080                PROVIDE (DMA_Channel7, (AHBPERIPH_BASE + 0x80))
                0x40021000                PROVIDE (RCC, (AHBPERIPH_BASE + 0x1000))
                0xe000e000                SCS_BASE = 0xe000e000
                0xe000e010                PROVIDE (SysTick, (SCS_BASE + 0x10))
                0xe000e100                PROVIDE (NVIC, (SCS_BASE + 0x100))
                0xe000ed00                PROVIDE (SCB, (SCS_BASE + 0xd00))
                0x20010000                _estack = 0x20010000

.isr_vector     0x08003000      0x134
                0x08003000                . = ALIGN (0x4)
 *(.isr_vector)
 .isr_vector    0x08003000      0x134 stm32f10x_lib/libstm32.a(stm32f10x_vector.o)
                0x08003000                g_pfnVectors
                0x08003134                . = ALIGN (0x4)

.flashtext      0x08003134        0x0
                0x08003134                . = ALIGN (0x4)
 *(.flashtext)
                0x08003134                . = ALIGN (0x4)

.text           0x08003134     0x329c
                0x08003134                . = ALIGN (0x4)
 *(.text)
 .text          0x08003134      0xd5c APP/src/main.o
                0x08003134                RCC_Configuration
                0x080031b8                NVIC_Configuration
                0x08003206                GPIO_Configuration
                0x0800328c                DisableUSART1
                0x08003298                ClearBuffer256
                0x080032a8                CheckNewArrive
                0x080032bc                TxDByte_DXL
                0x08003300                RxDByte_DXL
                0x08003320                TxDByte_PC
                0x0800333c                TxDString
                0x0800334e                infiniteTurn
                0x0800337c                normalTurn
                0x080033ac                PrintCommStatus
                0x080033f8                PrintErrorCode
                0x0800348c                TxDByte16
                0x080034ba                TxDWord16
                0x080034ce                setSpeed
                0x08003508                move_forward
                0x08003520                move_backward
                0x08003526                turn_right
                0x08003540                turn_left
                0x0800355c                setAngle
                0x080035a4                lifting
                0x080035c2                down_to_upping
                0x080035d4                lightOn
                0x08003608                lightOff
                0x0800363c                switch_off_lights
                0x080036a0                getSpeed
                0x080036d8                getAngle
                0x08003710                upping_to_up
                0x08003744                lowering_to_low
                0x08003780                checkObstacle
                0x080037b8                checkLuminosity
                0x080037f0                leftInfraRed
                0x0800383c                centerInfraRed
                0x08003874                rightInfraRed
                0x080038ac                leftLuminosity
                0x080038e4                centerLuminosity
                0x0800391c                rightLuminosity
                0x08003954                dataSound
                0x0800398c                noteBuzz
                0x080039c0                timeBuzz
                0x080039da                Timer_Configuration
                0x08003a68                TimerInterrupt_1ms
                0x08003abc                RxD0Interrupt
                0x08003aec                SysTick_Configuration
                0x08003b00                __ISR_DELAY
                0x08003b18                mDelay
                0x08003b48                buzzWithDelay
                0x08003b7a                init_music
                0x08003bbe                init_music2
                0x08003c3c                init_lights
                0x08003d40                up_to_lowering
                0x08003d74                detectlb
                0x08003dbc                USART_Configuration
                0x08003e38                init_config
                0x08003e68                USART1_Configuration
                0x08003e70                StartDiscount
                0x08003e7c                CheckTimeOut
 .text          0x08003e90       0x90 APP/src/stm32f10x_it.o
                0x08003e90                NMIException
                0x08003e92                HardFaultException
                0x08003e94                MemManageException
                0x08003e96                BusFaultException
                0x08003e98                UsageFaultException
                0x08003e9a                DebugMonitor
                0x08003e9c                SVCHandler
                0x08003e9e                PendSVC
                0x08003ea0                SysTickHandler
                0x08003ea4                WWDG_IRQHandler
                0x08003ea6                PVD_IRQHandler
                0x08003ea8                TAMPER_IRQHandler
                0x08003eaa                RTC_IRQHandler
                0x08003eac                FLASH_IRQHandler
                0x08003eae                RCC_IRQHandler
                0x08003eb0                EXTI0_IRQHandler
                0x08003eb2                EXTI1_IRQHandler
                0x08003eb4                EXTI2_IRQHandler
                0x08003eb6                EXTI3_IRQHandler
                0x08003eb8                EXTI4_IRQHandler
                0x08003eba                DMA1_Channel1_IRQHandler
                0x08003ebc                DMA1_Channel2_IRQHandler
                0x08003ebe                DMA1_Channel3_IRQHandler
                0x08003ec0                DMA1_Channel4_IRQHandler
                0x08003ec2                DMA1_Channel5_IRQHandler
                0x08003ec4                DMA1_Channel6_IRQHandler
                0x08003ec6                DMA1_Channel7_IRQHandler
                0x08003ec8                ADC1_2_IRQHandler
                0x08003eca                USB_HP_CAN_TX_IRQHandler
                0x08003ecc                USB_LP_CAN_RX0_IRQHandler
                0x08003ece                CAN_RX1_IRQHandler
                0x08003ed0                CAN_SCE_IRQHandler
                0x08003ed2                EXTI9_5_IRQHandler
                0x08003ed4                TIM1_BRK_IRQHandler
                0x08003ed6                TIM1_UP_IRQHandler
                0x08003ed8                TIM1_TRG_COM_IRQHandler
                0x08003eda                TIM1_CC_IRQHandler
                0x08003edc                TIM2_IRQHandler
                0x08003ee0                TIM3_IRQHandler
                0x08003ee2                TIM4_IRQHandler
                0x08003ee4                I2C1_EV_IRQHandler
                0x08003ee6                I2C1_ER_IRQHandler
                0x08003ee8                I2C2_EV_IRQHandler
                0x08003eea                I2C2_ER_IRQHandler
                0x08003eec                SPI1_IRQHandler
                0x08003eee                SPI2_IRQHandler
                0x08003ef0                USART1_IRQHandler
                0x08003ef4                USART2_IRQHandler
                0x08003ef6                USART3_IRQHandler
                0x08003ef8                EXTI15_10_IRQHandler
                0x08003efa                RTCAlarm_IRQHandler
                0x08003efc                USBWakeUp_IRQHandler
                0x08003efe                TIM8_BRK_IRQHandler
                0x08003f00                TIM8_UP_IRQHandler
                0x08003f02                TIM8_TRG_COM_IRQHandler
                0x08003f04                TIM8_CC_IRQHandler
                0x08003f06                ADC3_IRQHandler
                0x08003f08                FSMC_IRQHandler
                0x08003f0a                SDIO_IRQHandler
                0x08003f0c                TIM5_IRQHandler
                0x08003f0e                SPI3_IRQHandler
                0x08003f10                UART4_IRQHandler
                0x08003f12                UART5_IRQHandler
                0x08003f14                TIM6_IRQHandler
                0x08003f16                TIM7_IRQHandler
                0x08003f18                DMA2_Channel1_IRQHandler
                0x08003f1a                DMA2_Channel2_IRQHandler
                0x08003f1c                DMA2_Channel3_IRQHandler
                0x08003f1e                DMA2_Channel4_5_IRQHandler
 .text          0x08003f20       0x62 APP/src/dxl_hal.o
                0x08003f20                dxl_hal_open
                0x08003f2c                dxl_hal_close
                0x08003f30                dxl_hal_clear
                0x08003f34                dxl_hal_tx
                0x08003f52                dxl_hal_rx
                0x08003f76                dxl_hal_set_timeout
                0x08003f7e                dxl_hal_timeout
 *fill*         0x08003f82        0x2 
 .text          0x08003f84      0x37c APP/src/dynamixel.o
                0x08003f84                dxl_initialize
                0x08003fb0                dxl_terminate
                0x08003fb4                dxl_tx_packet
                0x08004050                dxl_rx_packet
                0x080041a0                dxl_txrx_packet
                0x080041c0                dxl_get_result
                0x080041cc                dxl_set_txpacket_id
                0x080041d8                dxl_set_txpacket_instruction
                0x080041e4                dxl_set_txpacket_parameter
                0x080041f0                dxl_set_txpacket_length
                0x080041fc                dxl_get_rxpacket_error
                0x08004210                dxl_get_rxpacket_length
                0x0800421c                dxl_get_rxpacket_parameter
                0x0800422c                dxl_makeword
                0x08004234                dxl_get_lowbyte
                0x08004238                dxl_get_highbyte
                0x0800423e                dxl_ping
                0x08004258                dxl_read_byte
                0x08004280                dxl_write_byte
                0x080042a4                dxl_read_word
                0x080042d4                dxl_write_word
 .text          0x08004300      0x480 stm32f10x_lib/libstm32.a(stm32f10x_flash.o)
                0x08004300                FLASH_SetLatency
                0x08004318                FLASH_HalfCycleAccessCmd
                0x08004330                FLASH_PrefetchBufferCmd
                0x08004348                FLASH_Unlock
                0x08004360                FLASH_Lock
                0x08004370                FLASH_GetUserOptionByte
                0x0800437c                FLASH_GetWriteProtectionOptionByte
                0x08004388                FLASH_GetReadOutProtectionStatus
                0x08004398                FLASH_GetPrefetchBufferStatus
                0x080043a8                FLASH_ITConfig
                0x080043c0                FLASH_GetFlagStatus
                0x080043e0                FLASH_ClearFlag
                0x080043ec                FLASH_GetStatus
                0x08004414                FLASH_WaitForLastOperation
                0x0800444a                FLASH_ErasePage
                0x0800448c                FLASH_EraseAllPages
                0x080044c8                FLASH_EraseOptionBytes
                0x08004538                FLASH_ProgramWord
                0x08004580                FLASH_ProgramHalfWord
                0x080045b8                FLASH_ProgramOptionByteData
                0x08004600                FLASH_EnableWriteProtection
                0x080046a0                FLASH_ReadOutProtection
                0x0800472c                FLASH_UserOptionByteConfig
 .text          0x08004780      0x258 stm32f10x_lib/libstm32.a(stm32f10x_gpio.o)
                0x08004780                GPIO_DeInit
                0x08004824                GPIO_AFIODeInit
                0x0800483a                GPIO_Init
                0x080048d6                GPIO_StructInit
                0x080048e6                GPIO_ReadInputDataBit
                0x080048f2                GPIO_ReadInputData
                0x080048f8                GPIO_ReadOutputDataBit
                0x08004904                GPIO_ReadOutputData
                0x0800490a                GPIO_SetBits
                0x0800490e                GPIO_ResetBits
                0x08004912                GPIO_WriteBit
                0x0800491c                GPIO_Write
                0x08004920                GPIO_PinLockConfig
                0x08004930                GPIO_EventOutputConfig
                0x0800494c                GPIO_EventOutputCmd
                0x08004958                GPIO_PinRemapConfig
                0x080049ac                GPIO_EXTILineConfig
 .text          0x080049d8      0x314 stm32f10x_lib/libstm32.a(stm32f10x_nvic.o)
                0x080049d8                NVIC_DeInit
                0x08004a0c                NVIC_SCBDeInit
                0x08004a3c                NVIC_PriorityGroupConfig
                0x08004a50                NVIC_Init
                0x08004ad4                NVIC_StructInit
                0x08004ae0                NVIC_SETPRIMASK
                0x08004ae4                NVIC_RESETPRIMASK
                0x08004ae8                NVIC_SETFAULTMASK
                0x08004aec                NVIC_RESETFAULTMASK
                0x08004af0                NVIC_BASEPRICONFIG
                0x08004af6                NVIC_GetBASEPRI
                0x08004afa                NVIC_GetCurrentPendingIRQChannel
                0x08004b08                NVIC_GetIRQChannelPendingBitStatus
                0x08004b28                NVIC_SetIRQChannelPendingBit
                0x08004b34                NVIC_ClearIRQChannelPendingBit
                0x08004b4c                NVIC_GetCurrentActiveHandler
                0x08004b5c                NVIC_GetIRQChannelActiveBitStatus
                0x08004b7c                NVIC_GetCPUID
                0x08004b88                NVIC_SetVectorTable
                0x08004b9c                NVIC_GenerateSystemReset
                0x08004bac                NVIC_GenerateCoreReset
                0x08004bbc                NVIC_SystemLPConfig
                0x08004bd4                NVIC_SystemHandlerConfig
                0x08004bf4                NVIC_SystemHandlerPriorityConfig
                0x08004c40                NVIC_GetSystemHandlerPendingBitStatus
                0x08004c5c                NVIC_SetSystemHandlerPendingBit
                0x08004c74                NVIC_ClearSystemHandlerPendingBit
                0x08004c8c                NVIC_GetSystemHandlerActiveBitStatus
                0x08004ca8                NVIC_GetFaultHandlerSources
                0x08004cd8                NVIC_GetFaultAddress
 .text          0x08004cec       0xc8 stm32f10x_lib/libstm32.a(stm32f10x_pwr.o)
                0x08004cec                PWR_DeInit
                0x08004d06                PWR_BackupAccessCmd
                0x08004d10                PWR_PVDCmd
                0x08004d1c                PWR_PVDLevelConfig
                0x08004d30                PWR_WakeUpPinCmd
                0x08004d3c                PWR_EnterSTOPMode
                0x08004d68                PWR_EnterSTANDBYMode
                0x08004d90                PWR_GetFlagStatus
                0x08004da4                PWR_ClearFlag
 .text          0x08004db4      0x33c stm32f10x_lib/libstm32.a(stm32f10x_rcc.o)
                0x08004db4                RCC_DeInit
                0x08004df0                RCC_HSEConfig
                0x08004e28                RCC_AdjustHSICalibrationValue
                0x08004e3c                RCC_HSICmd
                0x08004e48                RCC_PLLConfig
                0x08004e5c                RCC_PLLCmd
                0x08004e68                RCC_SYSCLKConfig
                0x08004e7c                RCC_GetSYSCLKSource
                0x08004e8c                RCC_HCLKConfig
                0x08004ea0                RCC_PCLK1Config
                0x08004eb4                RCC_PCLK2Config
                0x08004ec8                RCC_ITConfig
                0x08004ee0                RCC_USBCLKConfig
                0x08004eec                RCC_ADCCLKConfig
                0x08004f00                RCC_LSEConfig
                0x08004f20                RCC_LSICmd
                0x08004f2c                RCC_RTCCLKConfig
                0x08004f3c                RCC_RTCCLKCmd
                0x08004f48                RCC_GetClocksFreq
                0x08004fcc                RCC_AHBPeriphClockCmd
                0x08004fe4                RCC_APB2PeriphClockCmd
                0x08004ffc                RCC_APB1PeriphClockCmd
                0x08005014                RCC_APB2PeriphResetCmd
                0x0800502c                RCC_APB1PeriphResetCmd
                0x08005044                RCC_BackupResetCmd
                0x08005050                RCC_ClockSecuritySystemCmd
                0x0800505c                RCC_MCOConfig
                0x08005068                RCC_GetFlagStatus
                0x08005090                RCC_WaitForHSEStartUp
                0x080050be                RCC_ClearFlag
                0x080050d0                RCC_GetITStatus
                0x080050e4                RCC_ClearITPendingBit
 .text          0x080050f0       0x8c stm32f10x_lib/libstm32.a(stm32f10x_systick.o)
                0x080050f0                SysTick_CLKSourceConfig
                0x08005108                SysTick_SetReload
                0x08005114                SysTick_CounterCmd
                0x0800513c                SysTick_ITConfig
                0x08005154                SysTick_GetCounter
                0x08005160                SysTick_GetFlagStatus
 .text          0x0800517c      0xa44 stm32f10x_lib/libstm32.a(stm32f10x_tim.o)
                0x080051e8                TIM_DeInit
                0x080052b0                TIM_TimeBaseInit
                0x080052ec                TIM_OC1Init
                0x08005360                TIM_OC2Init
                0x080053e8                TIM_OC3Init
                0x0800546c                TIM_OC4Init
                0x080054d4                TIM_BDTRConfig
                0x080054f6                TIM_TimeBaseStructInit
                0x08005508                TIM_OCStructInit
                0x0800551c                TIM_ICStructInit
                0x0800552c                TIM_BDTRStructInit
                0x0800553e                TIM_Cmd
                0x08005556                TIM_CtrlPWMOutputs
                0x08005572                TIM_ITConfig
                0x08005584                TIM_GenerateEvent
                0x08005588                TIM_DMAConfig
                0x08005590                TIM_DMACmd
                0x080055a2                TIM_InternalClockConfig
                0x080055b0                TIM_ITRxExternalClockConfig
                0x080055ca                TIM_TIxExternalClockConfig
                0x080055fe                TIM_ETRConfig
                0x08005612                TIM_ETRClockMode1Config
                0x0800562c                TIM_ETRClockMode2Config
                0x08005640                TIM_PrescalerConfig
                0x08005646                TIM_CounterModeConfig
                0x08005656                TIM_SelectInputTrigger
                0x08005666                TIM_EncoderInterfaceConfig
                0x080056a2                TIM_ForcedOC1Config
                0x080056b2                TIM_ForcedOC2Config
                0x080056c6                TIM_ForcedOC3Config
                0x080056d6                TIM_ForcedOC4Config
                0x080056ea                TIM_ARRPreloadConfig
                0x08005702                TIM_SelectCOM
                0x0800571a                TIM_SelectCCDMA
                0x08005732                TIM_CCPreloadControl
                0x0800574a                TIM_OC1PreloadConfig
                0x0800575a                TIM_OC2PreloadConfig
                0x0800576e                TIM_OC3PreloadConfig
                0x0800577e                TIM_OC4PreloadConfig
                0x08005792                TIM_OC1FastConfig
                0x080057a2                TIM_OC2FastConfig
                0x080057b6                TIM_OC3FastConfig
                0x080057c6                TIM_OC4FastConfig
                0x080057da                TIM_ClearOC1Ref
                0x080057ea                TIM_ClearOC2Ref
                0x080057fa                TIM_ClearOC3Ref
                0x0800580a                TIM_ClearOC4Ref
                0x0800581a                TIM_OC1PolarityConfig
                0x0800582a                TIM_OC1NPolarityConfig
                0x0800583a                TIM_OC2PolarityConfig
                0x0800584e                TIM_OC2NPolarityConfig
                0x08005862                TIM_OC3PolarityConfig
                0x08005876                TIM_OC3NPolarityConfig
                0x0800588a                TIM_OC4PolarityConfig
                0x0800589e                TIM_CCxCmd
                0x080058ba                TIM_CCxNCmd
                0x080058d6                TIM_SelectOCxM
                0x0800591a                TIM_UpdateDisableConfig
                0x08005932                TIM_UpdateRequestConfig
                0x0800594a                TIM_SelectHallSensor
                0x08005962                TIM_SelectOnePulseMode
                0x08005978                TIM_SelectOutputTrigger
                0x0800598e                TIM_SelectSlaveMode
                0x080059a4                TIM_SelectMasterSlaveMode
                0x080059ba                TIM_SetCounter
                0x080059be                TIM_SetAutoreload
                0x080059c2                TIM_SetCompare1
                0x080059c6                TIM_SetCompare2
                0x080059ca                TIM_SetCompare3
                0x080059ce                TIM_SetCompare4
                0x080059d4                TIM_SetIC1Prescaler
                0x080059ea                TIM_SetIC2Prescaler
                0x08005a04                TIM_PWMIConfig
                0x08005a72                TIM_SetIC3Prescaler
                0x08005a88                TIM_SetIC4Prescaler
                0x08005aa2                TIM_ICInit
                0x08005b58                TIM_SetClockDivision
                0x08005b68                TIM_GetCapture1
                0x08005b6e                TIM_GetCapture2
                0x08005b74                TIM_GetCapture3
                0x08005b7a                TIM_GetCapture4
                0x08005b82                TIM_GetCounter
                0x08005b88                TIM_GetPrescaler
                0x08005b8e                TIM_GetFlagStatus
                0x08005b9a                TIM_ClearFlag
                0x08005ba2                TIM_GetITStatus
                0x08005bb8                TIM_ClearITPendingBit
 .text          0x08005bc0      0x344 stm32f10x_lib/libstm32.a(stm32f10x_usart.o)
                0x08005bc0                USART_DeInit
                0x08005c54                USART_Init
                0x08005cdc                USART_StructInit
                0x08005cf2                USART_ClockInit
                0x08005d12                USART_ClockStructInit
                0x08005d1e                USART_Cmd
                0x08005d36                USART_ITConfig
                0x08005d68                USART_DMACmd
                0x08005d7a                USART_SetAddress
                0x08005d90                USART_WakeUpConfig
                0x08005da6                USART_ReceiverWakeUpCmd
                0x08005dbe                USART_LINBreakDetectLengthConfig
                0x08005dd4                USART_LINCmd
                0x08005dec                USART_SendData
                0x08005df4                USART_ReceiveData
                0x08005dfc                USART_SendBreak
                0x08005e08                USART_SetGuardTime
                0x08005e1a                USART_SetPrescaler
                0x08005e2c                USART_SmartCardCmd
                0x08005e44                USART_SmartCardNACKCmd
                0x08005e5c                USART_HalfDuplexCmd
                0x08005e74                USART_IrDAConfig
                0x08005e8a                USART_IrDACmd
                0x08005ea2                USART_GetFlagStatus
                0x08005eae                USART_ClearFlag
                0x08005eb6                USART_GetITStatus
                0x08005ef4                USART_ClearITPendingBit
 .text          0x08005f04       0x6e stm32f10x_lib/libstm32.a(cortexm3_macro.o)
                0x08005f04                __WFI
                0x08005f08                __WFE
                0x08005f0c                __SEV
                0x08005f10                __ISB
                0x08005f16                __DSB
                0x08005f1c                __DMB
                0x08005f22                __SVC
                0x08005f26                __MRS_CONTROL
                0x08005f2c                __MSR_CONTROL
                0x08005f36                __MRS_PSP
                0x08005f3c                __MSR_PSP
                0x08005f42                __MRS_MSP
                0x08005f48                __MSR_MSP
                0x08005f4e                __SETPRIMASK
                0x08005f52                __RESETPRIMASK
                0x08005f56                __SETFAULTMASK
                0x08005f5a                __RESETFAULTMASK
                0x08005f5e                __BASEPRICONFIG
                0x08005f64                __GetBASEPRI
                0x08005f6a                __REV_HalfWord
                0x08005f6e                __REV_Word
 *fill*         0x08005f72        0x2 
 .text          0x08005f74       0x50 stm32f10x_lib/libstm32.a(stm32f10x_vector.o)
                0x08005f74                Reset_Handler
 *(.text.*)
 .text.startup  0x08005fc4      0x194 APP/src/main.o
                0x08005fc4                main
 *(.rodata)
 .rodata        0x08006158       0x14 stm32f10x_lib/libstm32.a(stm32f10x_rcc.o)
 *(.rodata*)
 .rodata.str1.1
                0x0800616c      0x262 APP/src/main.o
                                0x271 (size before relaxing)
 *(.glue_7)
 .glue_7        0x00000000        0x0 linker stubs
 *(.glue_7t)
 .glue_7t       0x00000000        0x0 linker stubs
                0x080063d0                . = ALIGN (0x4)
 *fill*         0x080063ce        0x2 
                0x080063d0                _etext = .
                0x080063d0                _sidata = _etext

.vfp11_veneer   0x080063d0        0x0
 .vfp11_veneer  0x00000000        0x0 linker stubs

.v4_bx          0x080063d0        0x0
 .v4_bx         0x00000000        0x0 linker stubs

.iplt           0x080063d0        0x0
 .iplt          0x00000000        0x0 /home/clement/tools/gcc-arm-none-eabi-4_9-2015q3/bin/../lib/gcc/arm-none-eabi/4.9.3/crtbegin.o

.rel.dyn        0x080063d0        0x0
 .rel.iplt      0x00000000        0x0 /home/clement/tools/gcc-arm-none-eabi-4_9-2015q3/bin/../lib/gcc/arm-none-eabi/4.9.3/crtbegin.o

.data           0x20000000       0x18 load address 0x080063d0
                0x20000000                . = ALIGN (0x4)
                0x20000000                _sdata = .
 *(.data)
 .data          0x20000000       0x14 APP/src/main.o
                0x20000000                CCR1_Val
                0x20000004                Baudrate_PC
                0x20000008                id
                0x2000000a                GoalPos
                0x20000010                Baudrate_DXL
 .data          0x20000014        0x4 APP/src/dynamixel.o
                0x20000014                gbCommStatus
 *(.data.*)
                0x20000018                . = ALIGN (0x4)
                0x20000018                _edata = .

.igot.plt       0x20000018        0x0 load address 0x080063e8
 .igot.plt      0x00000000        0x0 /home/clement/tools/gcc-arm-none-eabi-4_9-2015q3/bin/../lib/gcc/arm-none-eabi/4.9.3/crtbegin.o

.bss            0x20000018      0x204 load address 0x080063e8
                0x20000018                . = ALIGN (0x4)
                0x20000018                _sbss = .
 *(.bss)
 .bss           0x20000018      0x118 APP/src/main.o
                0x20000018                gbRxBufferWritePointer
                0x20000019                gbRxBufferReadPointer
                0x2000001a                gbpRxInterruptBuffer
                0x2000011c                capture
                0x20000120                gw1msCounter
                0x20000124                gwTimingDelay
                0x20000128                CommStatus
                0x20000129                bMoving
                0x2000012a                Voltage
                0x2000012b                INDEX
                0x2000012c                wPresentPos
                0x2000012e                Position
 .bss           0x20000130       0xec APP/src/dynamixel.o
                0x20000130                giBusUsing
                0x20000134                gbInstructionPacket
                0x200001d4                gbRxGetLength
                0x200001d5                gbRxPacketLength
                0x200001d6                gbStatusPacket
 *(COMMON)
                0x2000021c                . = ALIGN (0x4)
                0x2000021c                _ebss = .
                0x2000021c                PROVIDE (end, _ebss)
                0x2000021c                PROVIDE (_end, _ebss)

._usrstack      0x2000021c      0x100 load address 0x080065ec
                0x2000021c                . = ALIGN (0x4)
                0x2000021c                _susrstack = .
                0x2000031c                . = (. + _Minimum_Stack_Size)
 *fill*         0x2000021c      0x100 
                0x2000031c                . = ALIGN (0x4)
                0x2000031c                _eusrstack = .

.b1text
 *(.b1text)
 *(.b1rodata)
 *(.b1rodata*)

.eb0text
 *(.eb0text)
 *(.eb0rodata)
 *(.eb0rodata*)

.eb1text
 *(.eb1text)
 *(.eb1rodata)
 *(.eb1rodata*)

.eb2text
 *(.eb2text)
 *(.eb2rodata)
 *(.eb2rodata*)

.eb3text
 *(.eb3text)
 *(.eb3rodata)
 *(.eb3rodata*)
                0x2000031c                __exidx_start = .
                0x2000031c                __exidx_end = .

/DISCARD/
 libc.a(*)
 libm.a(*)
 libgcc.a(*)

.stab
 *(.stab)

.stabstr
 *(.stabstr)

.stab.excl
 *(.stab.excl)

.stab.exclstr
 *(.stab.exclstr)

.stab.index
 *(.stab.index)

.stab.indexstr
 *(.stab.indexstr)

.comment        0x00000000       0x70
 *(.comment)
 .comment       0x00000000       0x70 APP/src/main.o
                                 0x71 (size before relaxing)
 .comment       0x00000000       0x71 APP/src/stm32f10x_it.o
 .comment       0x00000000       0x71 APP/src/dxl_hal.o
 .comment       0x00000000       0x71 APP/src/dynamixel.o
 .comment       0x00000000       0x71 stm32f10x_lib/libstm32.a(stm32f10x_flash.o)
 .comment       0x00000000       0x71 stm32f10x_lib/libstm32.a(stm32f10x_gpio.o)
 .comment       0x00000000       0x71 stm32f10x_lib/libstm32.a(stm32f10x_nvic.o)
 .comment       0x00000000       0x71 stm32f10x_lib/libstm32.a(stm32f10x_pwr.o)
 .comment       0x00000000       0x71 stm32f10x_lib/libstm32.a(stm32f10x_rcc.o)
 .comment       0x00000000       0x71 stm32f10x_lib/libstm32.a(stm32f10x_systick.o)
 .comment       0x00000000       0x71 stm32f10x_lib/libstm32.a(stm32f10x_tim.o)
 .comment       0x00000000       0x71 stm32f10x_lib/libstm32.a(stm32f10x_usart.o)
 .comment       0x00000000       0x71 stm32f10x_lib/libstm32.a(stm32f10x_vector.o)

.ARM.attributes
                0x00000000       0x31
 .ARM.attributes
                0x00000000       0x33 APP/src/main.o
 .ARM.attributes
                0x00000033       0x33 APP/src/stm32f10x_it.o
 .ARM.attributes
                0x00000066       0x33 APP/src/dxl_hal.o
 .ARM.attributes
                0x00000099       0x33 APP/src/dynamixel.o
 .ARM.attributes
                0x000000cc       0x33 stm32f10x_lib/libstm32.a(stm32f10x_flash.o)
 .ARM.attributes
                0x000000ff       0x33 stm32f10x_lib/libstm32.a(stm32f10x_gpio.o)
 .ARM.attributes
                0x00000132       0x33 stm32f10x_lib/libstm32.a(stm32f10x_nvic.o)
 .ARM.attributes
                0x00000165       0x33 stm32f10x_lib/libstm32.a(stm32f10x_pwr.o)
 .ARM.attributes
                0x00000198       0x33 stm32f10x_lib/libstm32.a(stm32f10x_rcc.o)
 .ARM.attributes
                0x000001cb       0x33 stm32f10x_lib/libstm32.a(stm32f10x_systick.o)
 .ARM.attributes
                0x000001fe       0x33 stm32f10x_lib/libstm32.a(stm32f10x_tim.o)
 .ARM.attributes
                0x00000231       0x33 stm32f10x_lib/libstm32.a(stm32f10x_usart.o)
 .ARM.attributes
                0x00000264       0x21 stm32f10x_lib/libstm32.a(cortexm3_macro.o)
 .ARM.attributes
                0x00000285       0x33 stm32f10x_lib/libstm32.a(stm32f10x_vector.o)

.debug
 *(.debug)

.line
 *(.line)

.debug_srcinfo
 *(.debug_srcinfo)

.debug_sfnames
 *(.debug_sfnames)

.debug_aranges  0x00000000      0x1c8
 *(.debug_aranges)
 .debug_aranges
                0x00000000       0x28 APP/src/main.o
 .debug_aranges
                0x00000028       0x20 APP/src/stm32f10x_it.o
 .debug_aranges
                0x00000048       0x20 APP/src/dxl_hal.o
 .debug_aranges
                0x00000068       0x20 APP/src/dynamixel.o
 .debug_aranges
                0x00000088       0x20 stm32f10x_lib/libstm32.a(stm32f10x_flash.o)
 .debug_aranges
                0x000000a8       0x20 stm32f10x_lib/libstm32.a(stm32f10x_gpio.o)
 .debug_aranges
                0x000000c8       0x20 stm32f10x_lib/libstm32.a(stm32f10x_nvic.o)
 .debug_aranges
                0x000000e8       0x20 stm32f10x_lib/libstm32.a(stm32f10x_pwr.o)
 .debug_aranges
                0x00000108       0x20 stm32f10x_lib/libstm32.a(stm32f10x_rcc.o)
 .debug_aranges
                0x00000128       0x20 stm32f10x_lib/libstm32.a(stm32f10x_systick.o)
 .debug_aranges
                0x00000148       0x20 stm32f10x_lib/libstm32.a(stm32f10x_tim.o)
 .debug_aranges
                0x00000168       0x20 stm32f10x_lib/libstm32.a(stm32f10x_usart.o)
 .debug_aranges
                0x00000188       0x20 stm32f10x_lib/libstm32.a(cortexm3_macro.o)
 .debug_aranges
                0x000001a8       0x20 stm32f10x_lib/libstm32.a(stm32f10x_vector.o)

.debug_pubnames
 *(.debug_pubnames)

.debug_info     0x00000000     0x96ba
 *(.debug_info .gnu.linkonce.wi.*)
 .debug_info    0x00000000     0x3598 APP/src/main.o
 .debug_info    0x00003598      0x584 APP/src/stm32f10x_it.o
 .debug_info    0x00003b1c      0x2d8 APP/src/dxl_hal.o
 .debug_info    0x00003df4      0x734 APP/src/dynamixel.o
 .debug_info    0x00004528      0x8bb stm32f10x_lib/libstm32.a(stm32f10x_flash.o)
 .debug_info    0x00004de3      0x747 stm32f10x_lib/libstm32.a(stm32f10x_gpio.o)
 .debug_info    0x0000552a      0x968 stm32f10x_lib/libstm32.a(stm32f10x_nvic.o)
 .debug_info    0x00005e92      0x2c6 stm32f10x_lib/libstm32.a(stm32f10x_pwr.o)
 .debug_info    0x00006158      0x871 stm32f10x_lib/libstm32.a(stm32f10x_rcc.o)
 .debug_info    0x000069c9      0x20b stm32f10x_lib/libstm32.a(stm32f10x_systick.o)
 .debug_info    0x00006bd4     0x1f42 stm32f10x_lib/libstm32.a(stm32f10x_tim.o)
 .debug_info    0x00008b16      0xa2c stm32f10x_lib/libstm32.a(stm32f10x_usart.o)
 .debug_info    0x00009542       0x65 stm32f10x_lib/libstm32.a(cortexm3_macro.o)
 .debug_info    0x000095a7      0x113 stm32f10x_lib/libstm32.a(stm32f10x_vector.o)

.debug_abbrev   0x00000000     0x194e
 *(.debug_abbrev)
 .debug_abbrev  0x00000000      0x3ce APP/src/main.o
 .debug_abbrev  0x000003ce       0xcd APP/src/stm32f10x_it.o
 .debug_abbrev  0x0000049b       0xf7 APP/src/dxl_hal.o
 .debug_abbrev  0x00000592      0x2bf APP/src/dynamixel.o
 .debug_abbrev  0x00000851      0x24e stm32f10x_lib/libstm32.a(stm32f10x_flash.o)
 .debug_abbrev  0x00000a9f      0x1e8 stm32f10x_lib/libstm32.a(stm32f10x_gpio.o)
 .debug_abbrev  0x00000c87      0x26d stm32f10x_lib/libstm32.a(stm32f10x_nvic.o)
 .debug_abbrev  0x00000ef4      0x174 stm32f10x_lib/libstm32.a(stm32f10x_pwr.o)
 .debug_abbrev  0x00001068      0x227 stm32f10x_lib/libstm32.a(stm32f10x_rcc.o)
 .debug_abbrev  0x0000128f      0x128 stm32f10x_lib/libstm32.a(stm32f10x_systick.o)
 .debug_abbrev  0x000013b7      0x2be stm32f10x_lib/libstm32.a(stm32f10x_tim.o)
 .debug_abbrev  0x00001675      0x1ed stm32f10x_lib/libstm32.a(stm32f10x_usart.o)
 .debug_abbrev  0x00001862       0x14 stm32f10x_lib/libstm32.a(cortexm3_macro.o)
 .debug_abbrev  0x00001876       0xd8 stm32f10x_lib/libstm32.a(stm32f10x_vector.o)

.debug_line     0x00000000     0x1843
 *(.debug_line)
 .debug_line    0x00000000      0x502 APP/src/main.o
 .debug_line    0x00000502      0x129 APP/src/stm32f10x_it.o
 .debug_line    0x0000062b       0x66 APP/src/dxl_hal.o
 .debug_line    0x00000691      0x158 APP/src/dynamixel.o
 .debug_line    0x000007e9      0x20a stm32f10x_lib/libstm32.a(stm32f10x_flash.o)
 .debug_line    0x000009f3      0x182 stm32f10x_lib/libstm32.a(stm32f10x_gpio.o)
 .debug_line    0x00000b75      0x1d2 stm32f10x_lib/libstm32.a(stm32f10x_nvic.o)
 .debug_line    0x00000d47       0xeb stm32f10x_lib/libstm32.a(stm32f10x_pwr.o)
 .debug_line    0x00000e32      0x1a0 stm32f10x_lib/libstm32.a(stm32f10x_rcc.o)
 .debug_line    0x00000fd2       0xb5 stm32f10x_lib/libstm32.a(stm32f10x_systick.o)
 .debug_line    0x00001087      0x4db stm32f10x_lib/libstm32.a(stm32f10x_tim.o)
 .debug_line    0x00001562      0x1da stm32f10x_lib/libstm32.a(stm32f10x_usart.o)
 .debug_line    0x0000173c       0xa4 stm32f10x_lib/libstm32.a(cortexm3_macro.o)
 .debug_line    0x000017e0       0x63 stm32f10x_lib/libstm32.a(stm32f10x_vector.o)

.debug_frame    0x00000000     0x1ebc
 *(.debug_frame)
 .debug_frame   0x00000000      0x69c APP/src/main.o
 .debug_frame   0x0000069c      0x460 APP/src/stm32f10x_it.o
 .debug_frame   0x00000afc       0xa4 APP/src/dxl_hal.o
 .debug_frame   0x00000ba0      0x1b4 APP/src/dynamixel.o
 .debug_frame   0x00000d54      0x1f0 stm32f10x_lib/libstm32.a(stm32f10x_flash.o)
 .debug_frame   0x00000f44      0x160 stm32f10x_lib/libstm32.a(stm32f10x_gpio.o)
 .debug_frame   0x000010a4      0x204 stm32f10x_lib/libstm32.a(stm32f10x_nvic.o)
 .debug_frame   0x000012a8       0xac stm32f10x_lib/libstm32.a(stm32f10x_pwr.o)
 .debug_frame   0x00001354      0x220 stm32f10x_lib/libstm32.a(stm32f10x_rcc.o)
 .debug_frame   0x00001574       0x70 stm32f10x_lib/libstm32.a(stm32f10x_systick.o)
 .debug_frame   0x000015e4      0x6a8 stm32f10x_lib/libstm32.a(stm32f10x_tim.o)
 .debug_frame   0x00001c8c      0x200 stm32f10x_lib/libstm32.a(stm32f10x_usart.o)
 .debug_frame   0x00001e8c       0x30 stm32f10x_lib/libstm32.a(stm32f10x_vector.o)

.debug_str      0x00000000     0x30bc
 *(.debug_str)
 .debug_str     0x00000000      0xe50 APP/src/main.o
                                0xea1 (size before relaxing)
 .debug_str     0x00000e50      0x52d APP/src/stm32f10x_it.o
                                0x5e8 (size before relaxing)
 .debug_str     0x0000137d       0x9b APP/src/dxl_hal.o
                                0x1b4 (size before relaxing)
 .debug_str     0x00001418      0x1b3 APP/src/dynamixel.o
                                0x38a (size before relaxing)
 .debug_str     0x000015cb      0x385 stm32f10x_lib/libstm32.a(stm32f10x_flash.o)
                                0x4ea (size before relaxing)
 .debug_str     0x00001950      0x1d8 stm32f10x_lib/libstm32.a(stm32f10x_gpio.o)
                                0x45f (size before relaxing)
 .debug_str     0x00001b28      0x49a stm32f10x_lib/libstm32.a(stm32f10x_nvic.o)
                                0x6b9 (size before relaxing)
 .debug_str     0x00001fc2      0x104 stm32f10x_lib/libstm32.a(stm32f10x_pwr.o)
                                0x250 (size before relaxing)
 .debug_str     0x000020c6      0x30f stm32f10x_lib/libstm32.a(stm32f10x_rcc.o)
                                0x58f (size before relaxing)
 .debug_str     0x000023d5       0xb6 stm32f10x_lib/libstm32.a(stm32f10x_systick.o)
                                0x234 (size before relaxing)
 .debug_str     0x0000248b      0x8e4 stm32f10x_lib/libstm32.a(stm32f10x_tim.o)
                                0xd80 (size before relaxing)
 .debug_str     0x00002d6f      0x2d4 stm32f10x_lib/libstm32.a(stm32f10x_usart.o)
                                0x62a (size before relaxing)
 .debug_str     0x00003043       0x79 stm32f10x_lib/libstm32.a(stm32f10x_vector.o)
                                0x167 (size before relaxing)

.debug_loc      0x00000000     0x55c5
 *(.debug_loc)
 .debug_loc     0x00000000      0xf0a APP/src/main.o
 .debug_loc     0x00000f0a      0x150 APP/src/dxl_hal.o
 .debug_loc     0x0000105a      0x5a2 APP/src/dynamixel.o
 .debug_loc     0x000015fc      0x6ad stm32f10x_lib/libstm32.a(stm32f10x_flash.o)
 .debug_loc     0x00001ca9      0x527 stm32f10x_lib/libstm32.a(stm32f10x_gpio.o)
 .debug_loc     0x000021d0      0x91a stm32f10x_lib/libstm32.a(stm32f10x_nvic.o)
 .debug_loc     0x00002aea      0x156 stm32f10x_lib/libstm32.a(stm32f10x_pwr.o)
 .debug_loc     0x00002c40      0x69d stm32f10x_lib/libstm32.a(stm32f10x_rcc.o)
 .debug_loc     0x000032dd       0xe7 stm32f10x_lib/libstm32.a(stm32f10x_systick.o)
 .debug_loc     0x000033c4     0x1962 stm32f10x_lib/libstm32.a(stm32f10x_tim.o)
 .debug_loc     0x00004d26      0x85c stm32f10x_lib/libstm32.a(stm32f10x_usart.o)
 .debug_loc     0x00005582       0x43 stm32f10x_lib/libstm32.a(stm32f10x_vector.o)

.debug_macinfo
 *(.debug_macinfo)

.debug_weaknames
 *(.debug_weaknames)

.debug_funcnames
 *(.debug_funcnames)

.debug_typenames
 *(.debug_typenames)

.debug_varnames
 *(.debug_varnames)
OUTPUT(CM530.elf elf32-littlearm)

.debug_ranges   0x00000000       0xb0
 .debug_ranges  0x00000000       0x60 APP/src/main.o
 .debug_ranges  0x00000060       0x18 APP/src/dynamixel.o
 .debug_ranges  0x00000078       0x38 stm32f10x_lib/libstm32.a(stm32f10x_tim.o)

Cross Reference Table

Symbol                                            File
ADC1_2_IRQHandler                                 APP/src/stm32f10x_it.o
                                                  stm32f10x_lib/libstm32.a(stm32f10x_vector.o)
ADC3_IRQHandler                                   APP/src/stm32f10x_it.o
                                                  stm32f10x_lib/libstm32.a(stm32f10x_vector.o)
Baudrate_DXL                                      APP/src/main.o
Baudrate_PC                                       APP/src/main.o
BusFaultException                                 APP/src/stm32f10x_it.o
                                                  stm32f10x_lib/libstm32.a(stm32f10x_vector.o)
CAN_RX1_IRQHandler                                APP/src/stm32f10x_it.o
                                                  stm32f10x_lib/libstm32.a(stm32f10x_vector.o)
CAN_SCE_IRQHandler                                APP/src/stm32f10x_it.o
                                                  stm32f10x_lib/libstm32.a(stm32f10x_vector.o)
CCR1_Val                                          APP/src/main.o
CheckNewArrive                                    APP/src/main.o
                                                  APP/src/dxl_hal.o
CheckTimeOut                                      APP/src/main.o
                                                  APP/src/dxl_hal.o
ClearBuffer256                                    APP/src/main.o
                                                  APP/src/dxl_hal.o
CommStatus                                        APP/src/main.o
DMA1_Channel1_IRQHandler                          APP/src/stm32f10x_it.o
DMA1_Channel2_IRQHandler                          APP/src/stm32f10x_it.o
DMA1_Channel3_IRQHandler                          APP/src/stm32f10x_it.o
DMA1_Channel4_IRQHandler                          APP/src/stm32f10x_it.o
DMA1_Channel5_IRQHandler                          APP/src/stm32f10x_it.o
DMA1_Channel6_IRQHandler                          APP/src/stm32f10x_it.o
DMA1_Channel7_IRQHandler                          APP/src/stm32f10x_it.o
DMA2_Channel1_IRQHandler                          APP/src/stm32f10x_it.o
                                                  stm32f10x_lib/libstm32.a(stm32f10x_vector.o)
DMA2_Channel2_IRQHandler                          APP/src/stm32f10x_it.o
                                                  stm32f10x_lib/libstm32.a(stm32f10x_vector.o)
DMA2_Channel3_IRQHandler                          APP/src/stm32f10x_it.o
                                                  stm32f10x_lib/libstm32.a(stm32f10x_vector.o)
DMA2_Channel4_5_IRQHandler                        APP/src/stm32f10x_it.o
                                                  stm32f10x_lib/libstm32.a(stm32f10x_vector.o)
DebugMonitor                                      APP/src/stm32f10x_it.o
                                                  stm32f10x_lib/libstm32.a(stm32f10x_vector.o)
DisableUSART1                                     APP/src/main.o
                                                  APP/src/dxl_hal.o
EXTI0_IRQHandler                                  APP/src/stm32f10x_it.o
                                                  stm32f10x_lib/libstm32.a(stm32f10x_vector.o)
EXTI15_10_IRQHandler                              APP/src/stm32f10x_it.o
                                                  stm32f10x_lib/libstm32.a(stm32f10x_vector.o)
EXTI1_IRQHandler                                  APP/src/stm32f10x_it.o
                                                  stm32f10x_lib/libstm32.a(stm32f10x_vector.o)
EXTI2_IRQHandler                                  APP/src/stm32f10x_it.o
                                                  stm32f10x_lib/libstm32.a(stm32f10x_vector.o)
EXTI3_IRQHandler                                  APP/src/stm32f10x_it.o
                                                  stm32f10x_lib/libstm32.a(stm32f10x_vector.o)
EXTI4_IRQHandler                                  APP/src/stm32f10x_it.o
                                                  stm32f10x_lib/libstm32.a(stm32f10x_vector.o)
EXTI9_5_IRQHandler                                APP/src/stm32f10x_it.o
                                                  stm32f10x_lib/libstm32.a(stm32f10x_vector.o)
FLASH_ClearFlag                                   stm32f10x_lib/libstm32.a(stm32f10x_flash.o)
FLASH_EnableWriteProtection                       stm32f10x_lib/libstm32.a(stm32f10x_flash.o)
FLASH_EraseAllPages                               stm32f10x_lib/libstm32.a(stm32f10x_flash.o)
FLASH_EraseOptionBytes                            stm32f10x_lib/libstm32.a(stm32f10x_flash.o)
FLASH_ErasePage                                   stm32f10x_lib/libstm32.a(stm32f10x_flash.o)
FLASH_GetFlagStatus                               stm32f10x_lib/libstm32.a(stm32f10x_flash.o)
FLASH_GetPrefetchBufferStatus                     stm32f10x_lib/libstm32.a(stm32f10x_flash.o)
FLASH_GetReadOutProtectionStatus                  stm32f10x_lib/libstm32.a(stm32f10x_flash.o)
FLASH_GetStatus                                   stm32f10x_lib/libstm32.a(stm32f10x_flash.o)
FLASH_GetUserOptionByte                           stm32f10x_lib/libstm32.a(stm32f10x_flash.o)
FLASH_GetWriteProtectionOptionByte                stm32f10x_lib/libstm32.a(stm32f10x_flash.o)
FLASH_HalfCycleAccessCmd                          stm32f10x_lib/libstm32.a(stm32f10x_flash.o)
FLASH_IRQHandler                                  APP/src/stm32f10x_it.o
                                                  stm32f10x_lib/libstm32.a(stm32f10x_vector.o)
FLASH_ITConfig                                    stm32f10x_lib/libstm32.a(stm32f10x_flash.o)
FLASH_Lock                                        stm32f10x_lib/libstm32.a(stm32f10x_flash.o)
FLASH_PrefetchBufferCmd                           stm32f10x_lib/libstm32.a(stm32f10x_flash.o)
                                                  APP/src/main.o
FLASH_ProgramHalfWord                             stm32f10x_lib/libstm32.a(stm32f10x_flash.o)
FLASH_ProgramOptionByteData                       stm32f10x_lib/libstm32.a(stm32f10x_flash.o)
FLASH_ProgramWord                                 stm32f10x_lib/libstm32.a(stm32f10x_flash.o)
FLASH_ReadOutProtection                           stm32f10x_lib/libstm32.a(stm32f10x_flash.o)
FLASH_SetLatency                                  stm32f10x_lib/libstm32.a(stm32f10x_flash.o)
                                                  APP/src/main.o
FLASH_Unlock                                      stm32f10x_lib/libstm32.a(stm32f10x_flash.o)
FLASH_UserOptionByteConfig                        stm32f10x_lib/libstm32.a(stm32f10x_flash.o)
FLASH_WaitForLastOperation                        stm32f10x_lib/libstm32.a(stm32f10x_flash.o)
FSMC_IRQHandler                                   APP/src/stm32f10x_it.o
                                                  stm32f10x_lib/libstm32.a(stm32f10x_vector.o)
GPIO_AFIODeInit                                   stm32f10x_lib/libstm32.a(stm32f10x_gpio.o)
GPIO_Configuration                                APP/src/main.o
GPIO_DeInit                                       stm32f10x_lib/libstm32.a(stm32f10x_gpio.o)
GPIO_EXTILineConfig                               stm32f10x_lib/libstm32.a(stm32f10x_gpio.o)
GPIO_EventOutputCmd                               stm32f10x_lib/libstm32.a(stm32f10x_gpio.o)
GPIO_EventOutputConfig                            stm32f10x_lib/libstm32.a(stm32f10x_gpio.o)
GPIO_Init                                         stm32f10x_lib/libstm32.a(stm32f10x_gpio.o)
                                                  APP/src/main.o
GPIO_PinLockConfig                                stm32f10x_lib/libstm32.a(stm32f10x_gpio.o)
GPIO_PinRemapConfig                               stm32f10x_lib/libstm32.a(stm32f10x_gpio.o)
                                                  APP/src/main.o
GPIO_ReadInputData                                stm32f10x_lib/libstm32.a(stm32f10x_gpio.o)
GPIO_ReadInputDataBit                             stm32f10x_lib/libstm32.a(stm32f10x_gpio.o)
GPIO_ReadOutputData                               stm32f10x_lib/libstm32.a(stm32f10x_gpio.o)
GPIO_ReadOutputDataBit                            stm32f10x_lib/libstm32.a(stm32f10x_gpio.o)
GPIO_ResetBits                                    stm32f10x_lib/libstm32.a(stm32f10x_gpio.o)
                                                  APP/src/main.o
GPIO_SetBits                                      stm32f10x_lib/libstm32.a(stm32f10x_gpio.o)
                                                  APP/src/main.o
GPIO_StructInit                                   stm32f10x_lib/libstm32.a(stm32f10x_gpio.o)
                                                  APP/src/main.o
GPIO_Write                                        stm32f10x_lib/libstm32.a(stm32f10x_gpio.o)
GPIO_WriteBit                                     stm32f10x_lib/libstm32.a(stm32f10x_gpio.o)
GoalPos                                           APP/src/main.o
HardFaultException                                APP/src/stm32f10x_it.o
                                                  stm32f10x_lib/libstm32.a(stm32f10x_vector.o)
I2C1_ER_IRQHandler                                APP/src/stm32f10x_it.o
                                                  stm32f10x_lib/libstm32.a(stm32f10x_vector.o)
I2C1_EV_IRQHandler                                APP/src/stm32f10x_it.o
                                                  stm32f10x_lib/libstm32.a(stm32f10x_vector.o)
I2C2_ER_IRQHandler                                APP/src/stm32f10x_it.o
                                                  stm32f10x_lib/libstm32.a(stm32f10x_vector.o)
I2C2_EV_IRQHandler                                APP/src/stm32f10x_it.o
                                                  stm32f10x_lib/libstm32.a(stm32f10x_vector.o)
INDEX                                             APP/src/main.o
MemManageException                                APP/src/stm32f10x_it.o
                                                  stm32f10x_lib/libstm32.a(stm32f10x_vector.o)
NMIException                                      APP/src/stm32f10x_it.o
                                                  stm32f10x_lib/libstm32.a(stm32f10x_vector.o)
NVIC_BASEPRICONFIG                                stm32f10x_lib/libstm32.a(stm32f10x_nvic.o)
NVIC_ClearIRQChannelPendingBit                    stm32f10x_lib/libstm32.a(stm32f10x_nvic.o)
NVIC_ClearSystemHandlerPendingBit                 stm32f10x_lib/libstm32.a(stm32f10x_nvic.o)
NVIC_Configuration                                APP/src/main.o
NVIC_DeInit                                       stm32f10x_lib/libstm32.a(stm32f10x_nvic.o)
NVIC_GenerateCoreReset                            stm32f10x_lib/libstm32.a(stm32f10x_nvic.o)
NVIC_GenerateSystemReset                          stm32f10x_lib/libstm32.a(stm32f10x_nvic.o)
NVIC_GetBASEPRI                                   stm32f10x_lib/libstm32.a(stm32f10x_nvic.o)
NVIC_GetCPUID                                     stm32f10x_lib/libstm32.a(stm32f10x_nvic.o)
NVIC_GetCurrentActiveHandler                      stm32f10x_lib/libstm32.a(stm32f10x_nvic.o)
NVIC_GetCurrentPendingIRQChannel                  stm32f10x_lib/libstm32.a(stm32f10x_nvic.o)
NVIC_GetFaultAddress                              stm32f10x_lib/libstm32.a(stm32f10x_nvic.o)
NVIC_GetFaultHandlerSources                       stm32f10x_lib/libstm32.a(stm32f10x_nvic.o)
NVIC_GetIRQChannelActiveBitStatus                 stm32f10x_lib/libstm32.a(stm32f10x_nvic.o)
NVIC_GetIRQChannelPendingBitStatus                stm32f10x_lib/libstm32.a(stm32f10x_nvic.o)
NVIC_GetSystemHandlerActiveBitStatus              stm32f10x_lib/libstm32.a(stm32f10x_nvic.o)
NVIC_GetSystemHandlerPendingBitStatus             stm32f10x_lib/libstm32.a(stm32f10x_nvic.o)
NVIC_Init                                         stm32f10x_lib/libstm32.a(stm32f10x_nvic.o)
                                                  APP/src/main.o
NVIC_PriorityGroupConfig                          stm32f10x_lib/libstm32.a(stm32f10x_nvic.o)
                                                  APP/src/main.o
NVIC_RESETFAULTMASK                               stm32f10x_lib/libstm32.a(stm32f10x_nvic.o)
NVIC_RESETPRIMASK                                 stm32f10x_lib/libstm32.a(stm32f10x_nvic.o)
NVIC_SCBDeInit                                    stm32f10x_lib/libstm32.a(stm32f10x_nvic.o)
NVIC_SETFAULTMASK                                 stm32f10x_lib/libstm32.a(stm32f10x_nvic.o)
NVIC_SETPRIMASK                                   stm32f10x_lib/libstm32.a(stm32f10x_nvic.o)
NVIC_SetIRQChannelPendingBit                      stm32f10x_lib/libstm32.a(stm32f10x_nvic.o)
NVIC_SetSystemHandlerPendingBit                   stm32f10x_lib/libstm32.a(stm32f10x_nvic.o)
NVIC_SetVectorTable                               stm32f10x_lib/libstm32.a(stm32f10x_nvic.o)
                                                  APP/src/main.o
NVIC_StructInit                                   stm32f10x_lib/libstm32.a(stm32f10x_nvic.o)
NVIC_SystemHandlerConfig                          stm32f10x_lib/libstm32.a(stm32f10x_nvic.o)
NVIC_SystemHandlerPriorityConfig                  stm32f10x_lib/libstm32.a(stm32f10x_nvic.o)
NVIC_SystemLPConfig                               stm32f10x_lib/libstm32.a(stm32f10x_nvic.o)
PVD_IRQHandler                                    APP/src/stm32f10x_it.o
                                                  stm32f10x_lib/libstm32.a(stm32f10x_vector.o)
PWR_BackupAccessCmd                               stm32f10x_lib/libstm32.a(stm32f10x_pwr.o)
                                                  APP/src/main.o
PWR_ClearFlag                                     stm32f10x_lib/libstm32.a(stm32f10x_pwr.o)
PWR_DeInit                                        stm32f10x_lib/libstm32.a(stm32f10x_pwr.o)
PWR_EnterSTANDBYMode                              stm32f10x_lib/libstm32.a(stm32f10x_pwr.o)
PWR_EnterSTOPMode                                 stm32f10x_lib/libstm32.a(stm32f10x_pwr.o)
PWR_GetFlagStatus                                 stm32f10x_lib/libstm32.a(stm32f10x_pwr.o)
PWR_PVDCmd                                        stm32f10x_lib/libstm32.a(stm32f10x_pwr.o)
PWR_PVDLevelConfig                                stm32f10x_lib/libstm32.a(stm32f10x_pwr.o)
PWR_WakeUpPinCmd                                  stm32f10x_lib/libstm32.a(stm32f10x_pwr.o)
PendSVC                                           APP/src/stm32f10x_it.o
                                                  stm32f10x_lib/libstm32.a(stm32f10x_vector.o)
Position                                          APP/src/main.o
PrintCommStatus                                   APP/src/main.o
PrintErrorCode                                    APP/src/main.o
RCC_ADCCLKConfig                                  stm32f10x_lib/libstm32.a(stm32f10x_rcc.o)
RCC_AHBPeriphClockCmd                             stm32f10x_lib/libstm32.a(stm32f10x_rcc.o)
RCC_APB1PeriphClockCmd                            stm32f10x_lib/libstm32.a(stm32f10x_rcc.o)
                                                  APP/src/main.o
RCC_APB1PeriphResetCmd                            stm32f10x_lib/libstm32.a(stm32f10x_rcc.o)
                                                  stm32f10x_lib/libstm32.a(stm32f10x_usart.o)
                                                  stm32f10x_lib/libstm32.a(stm32f10x_tim.o)
                                                  stm32f10x_lib/libstm32.a(stm32f10x_pwr.o)
RCC_APB2PeriphClockCmd                            stm32f10x_lib/libstm32.a(stm32f10x_rcc.o)
                                                  APP/src/main.o
RCC_APB2PeriphResetCmd                            stm32f10x_lib/libstm32.a(stm32f10x_rcc.o)
                                                  stm32f10x_lib/libstm32.a(stm32f10x_usart.o)
                                                  stm32f10x_lib/libstm32.a(stm32f10x_tim.o)
                                                  stm32f10x_lib/libstm32.a(stm32f10x_gpio.o)
RCC_AdjustHSICalibrationValue                     stm32f10x_lib/libstm32.a(stm32f10x_rcc.o)
RCC_BackupResetCmd                                stm32f10x_lib/libstm32.a(stm32f10x_rcc.o)
RCC_ClearFlag                                     stm32f10x_lib/libstm32.a(stm32f10x_rcc.o)
RCC_ClearITPendingBit                             stm32f10x_lib/libstm32.a(stm32f10x_rcc.o)
RCC_ClockSecuritySystemCmd                        stm32f10x_lib/libstm32.a(stm32f10x_rcc.o)
RCC_Configuration                                 APP/src/main.o
RCC_DeInit                                        stm32f10x_lib/libstm32.a(stm32f10x_rcc.o)
                                                  APP/src/main.o
RCC_GetClocksFreq                                 stm32f10x_lib/libstm32.a(stm32f10x_rcc.o)
                                                  stm32f10x_lib/libstm32.a(stm32f10x_usart.o)
RCC_GetFlagStatus                                 stm32f10x_lib/libstm32.a(stm32f10x_rcc.o)
                                                  APP/src/main.o
RCC_GetITStatus                                   stm32f10x_lib/libstm32.a(stm32f10x_rcc.o)
RCC_GetSYSCLKSource                               stm32f10x_lib/libstm32.a(stm32f10x_rcc.o)
                                                  APP/src/main.o
RCC_HCLKConfig                                    stm32f10x_lib/libstm32.a(stm32f10x_rcc.o)
                                                  APP/src/main.o
RCC_HSEConfig                                     stm32f10x_lib/libstm32.a(stm32f10x_rcc.o)
                                                  APP/src/main.o
RCC_HSICmd                                        stm32f10x_lib/libstm32.a(stm32f10x_rcc.o)
RCC_IRQHandler                                    APP/src/stm32f10x_it.o
                                                  stm32f10x_lib/libstm32.a(stm32f10x_vector.o)
RCC_ITConfig                                      stm32f10x_lib/libstm32.a(stm32f10x_rcc.o)
RCC_LSEConfig                                     stm32f10x_lib/libstm32.a(stm32f10x_rcc.o)
RCC_LSICmd                                        stm32f10x_lib/libstm32.a(stm32f10x_rcc.o)
RCC_MCOConfig                                     stm32f10x_lib/libstm32.a(stm32f10x_rcc.o)
RCC_PCLK1Config                                   stm32f10x_lib/libstm32.a(stm32f10x_rcc.o)
                                                  APP/src/main.o
RCC_PCLK2Config                                   stm32f10x_lib/libstm32.a(stm32f10x_rcc.o)
                                                  APP/src/main.o
RCC_PLLCmd                                        stm32f10x_lib/libstm32.a(stm32f10x_rcc.o)
                                                  APP/src/main.o
RCC_PLLConfig                                     stm32f10x_lib/libstm32.a(stm32f10x_rcc.o)
                                                  APP/src/main.o
RCC_RTCCLKCmd                                     stm32f10x_lib/libstm32.a(stm32f10x_rcc.o)
RCC_RTCCLKConfig                                  stm32f10x_lib/libstm32.a(stm32f10x_rcc.o)
RCC_SYSCLKConfig                                  stm32f10x_lib/libstm32.a(stm32f10x_rcc.o)
                                                  APP/src/main.o
RCC_USBCLKConfig                                  stm32f10x_lib/libstm32.a(stm32f10x_rcc.o)
RCC_WaitForHSEStartUp                             stm32f10x_lib/libstm32.a(stm32f10x_rcc.o)
                                                  APP/src/main.o
RTCAlarm_IRQHandler                               APP/src/stm32f10x_it.o
                                                  stm32f10x_lib/libstm32.a(stm32f10x_vector.o)
RTC_IRQHandler                                    APP/src/stm32f10x_it.o
                                                  stm32f10x_lib/libstm32.a(stm32f10x_vector.o)
Reset_Handler                                     stm32f10x_lib/libstm32.a(stm32f10x_vector.o)
RxD0Interrupt                                     APP/src/main.o
                                                  APP/src/stm32f10x_it.o
RxDByte_DXL                                       APP/src/main.o
                                                  APP/src/dxl_hal.o
SDIO_IRQHandler                                   APP/src/stm32f10x_it.o
                                                  stm32f10x_lib/libstm32.a(stm32f10x_vector.o)
SPI1_IRQHandler                                   APP/src/stm32f10x_it.o
                                                  stm32f10x_lib/libstm32.a(stm32f10x_vector.o)
SPI2_IRQHandler                                   APP/src/stm32f10x_it.o
                                                  stm32f10x_lib/libstm32.a(stm32f10x_vector.o)
SPI3_IRQHandler                                   APP/src/stm32f10x_it.o
                                                  stm32f10x_lib/libstm32.a(stm32f10x_vector.o)
SVCHandler                                        APP/src/stm32f10x_it.o
                                                  stm32f10x_lib/libstm32.a(stm32f10x_vector.o)
StartDiscount                                     APP/src/main.o
                                                  APP/src/dxl_hal.o
SysTickHandler                                    APP/src/stm32f10x_it.o
                                                  stm32f10x_lib/libstm32.a(stm32f10x_vector.o)
SysTick_CLKSourceConfig                           stm32f10x_lib/libstm32.a(stm32f10x_systick.o)
SysTick_Configuration                             APP/src/main.o
SysTick_CounterCmd                                stm32f10x_lib/libstm32.a(stm32f10x_systick.o)
                                                  APP/src/main.o
SysTick_GetCounter                                stm32f10x_lib/libstm32.a(stm32f10x_systick.o)
SysTick_GetFlagStatus                             stm32f10x_lib/libstm32.a(stm32f10x_systick.o)
SysTick_ITConfig                                  stm32f10x_lib/libstm32.a(stm32f10x_systick.o)
                                                  APP/src/main.o
SysTick_SetReload                                 stm32f10x_lib/libstm32.a(stm32f10x_systick.o)
                                                  APP/src/main.o
TAMPER_IRQHandler                                 APP/src/stm32f10x_it.o
                                                  stm32f10x_lib/libstm32.a(stm32f10x_vector.o)
TIM1_BRK_IRQHandler                               APP/src/stm32f10x_it.o
                                                  stm32f10x_lib/libstm32.a(stm32f10x_vector.o)
TIM1_CC_IRQHandler                                APP/src/stm32f10x_it.o
                                                  stm32f10x_lib/libstm32.a(stm32f10x_vector.o)
TIM1_TRG_COM_IRQHandler                           APP/src/stm32f10x_it.o
                                                  stm32f10x_lib/libstm32.a(stm32f10x_vector.o)
TIM1_UP_IRQHandler                                APP/src/stm32f10x_it.o
                                                  stm32f10x_lib/libstm32.a(stm32f10x_vector.o)
TIM2_IRQHandler                                   APP/src/stm32f10x_it.o
                                                  stm32f10x_lib/libstm32.a(stm32f10x_vector.o)
TIM3_IRQHandler                                   APP/src/stm32f10x_it.o
                                                  stm32f10x_lib/libstm32.a(stm32f10x_vector.o)
TIM4_IRQHandler                                   APP/src/stm32f10x_it.o
                                                  stm32f10x_lib/libstm32.a(stm32f10x_vector.o)
TIM5_IRQHandler                                   APP/src/stm32f10x_it.o
                                                  stm32f10x_lib/libstm32.a(stm32f10x_vector.o)
TIM6_IRQHandler                                   APP/src/stm32f10x_it.o
                                                  stm32f10x_lib/libstm32.a(stm32f10x_vector.o)
TIM7_IRQHandler                                   APP/src/stm32f10x_it.o
                                                  stm32f10x_lib/libstm32.a(stm32f10x_vector.o)
TIM8_BRK_IRQHandler                               APP/src/stm32f10x_it.o
                                                  stm32f10x_lib/libstm32.a(stm32f10x_vector.o)
TIM8_CC_IRQHandler                                APP/src/stm32f10x_it.o
                                                  stm32f10x_lib/libstm32.a(stm32f10x_vector.o)
TIM8_TRG_COM_IRQHandler                           APP/src/stm32f10x_it.o
                                                  stm32f10x_lib/libstm32.a(stm32f10x_vector.o)
TIM8_UP_IRQHandler                                APP/src/stm32f10x_it.o
                                                  stm32f10x_lib/libstm32.a(stm32f10x_vector.o)
TIM_ARRPreloadConfig                              stm32f10x_lib/libstm32.a(stm32f10x_tim.o)
TIM_BDTRConfig                                    stm32f10x_lib/libstm32.a(stm32f10x_tim.o)
TIM_BDTRStructInit                                stm32f10x_lib/libstm32.a(stm32f10x_tim.o)
TIM_CCPreloadControl                              stm32f10x_lib/libstm32.a(stm32f10x_tim.o)
TIM_CCxCmd                                        stm32f10x_lib/libstm32.a(stm32f10x_tim.o)
TIM_CCxNCmd                                       stm32f10x_lib/libstm32.a(stm32f10x_tim.o)
TIM_ClearFlag                                     stm32f10x_lib/libstm32.a(stm32f10x_tim.o)
TIM_ClearITPendingBit                             stm32f10x_lib/libstm32.a(stm32f10x_tim.o)
                                                  APP/src/main.o
TIM_ClearOC1Ref                                   stm32f10x_lib/libstm32.a(stm32f10x_tim.o)
TIM_ClearOC2Ref                                   stm32f10x_lib/libstm32.a(stm32f10x_tim.o)
TIM_ClearOC3Ref                                   stm32f10x_lib/libstm32.a(stm32f10x_tim.o)
TIM_ClearOC4Ref                                   stm32f10x_lib/libstm32.a(stm32f10x_tim.o)
TIM_Cmd                                           stm32f10x_lib/libstm32.a(stm32f10x_tim.o)
                                                  APP/src/main.o
TIM_CounterModeConfig                             stm32f10x_lib/libstm32.a(stm32f10x_tim.o)
TIM_CtrlPWMOutputs                                stm32f10x_lib/libstm32.a(stm32f10x_tim.o)
TIM_DMACmd                                        stm32f10x_lib/libstm32.a(stm32f10x_tim.o)
TIM_DMAConfig                                     stm32f10x_lib/libstm32.a(stm32f10x_tim.o)
TIM_DeInit                                        stm32f10x_lib/libstm32.a(stm32f10x_tim.o)
                                                  APP/src/main.o
TIM_ETRClockMode1Config                           stm32f10x_lib/libstm32.a(stm32f10x_tim.o)
TIM_ETRClockMode2Config                           stm32f10x_lib/libstm32.a(stm32f10x_tim.o)
TIM_ETRConfig                                     stm32f10x_lib/libstm32.a(stm32f10x_tim.o)
TIM_EncoderInterfaceConfig                        stm32f10x_lib/libstm32.a(stm32f10x_tim.o)
TIM_ForcedOC1Config                               stm32f10x_lib/libstm32.a(stm32f10x_tim.o)
TIM_ForcedOC2Config                               stm32f10x_lib/libstm32.a(stm32f10x_tim.o)
TIM_ForcedOC3Config                               stm32f10x_lib/libstm32.a(stm32f10x_tim.o)
TIM_ForcedOC4Config                               stm32f10x_lib/libstm32.a(stm32f10x_tim.o)
TIM_GenerateEvent                                 stm32f10x_lib/libstm32.a(stm32f10x_tim.o)
TIM_GetCapture1                                   stm32f10x_lib/libstm32.a(stm32f10x_tim.o)
                                                  APP/src/main.o
TIM_GetCapture2                                   stm32f10x_lib/libstm32.a(stm32f10x_tim.o)
TIM_GetCapture3                                   stm32f10x_lib/libstm32.a(stm32f10x_tim.o)
TIM_GetCapture4                                   stm32f10x_lib/libstm32.a(stm32f10x_tim.o)
TIM_GetCounter                                    stm32f10x_lib/libstm32.a(stm32f10x_tim.o)
TIM_GetFlagStatus                                 stm32f10x_lib/libstm32.a(stm32f10x_tim.o)
TIM_GetITStatus                                   stm32f10x_lib/libstm32.a(stm32f10x_tim.o)
                                                  APP/src/main.o
TIM_GetPrescaler                                  stm32f10x_lib/libstm32.a(stm32f10x_tim.o)
TIM_ICInit                                        stm32f10x_lib/libstm32.a(stm32f10x_tim.o)
TIM_ICStructInit                                  stm32f10x_lib/libstm32.a(stm32f10x_tim.o)
TIM_ITConfig                                      stm32f10x_lib/libstm32.a(stm32f10x_tim.o)
                                                  APP/src/main.o
TIM_ITRxExternalClockConfig                       stm32f10x_lib/libstm32.a(stm32f10x_tim.o)
TIM_InternalClockConfig                           stm32f10x_lib/libstm32.a(stm32f10x_tim.o)
TIM_OC1FastConfig                                 stm32f10x_lib/libstm32.a(stm32f10x_tim.o)
TIM_OC1Init                                       stm32f10x_lib/libstm32.a(stm32f10x_tim.o)
                                                  APP/src/main.o
TIM_OC1NPolarityConfig                            stm32f10x_lib/libstm32.a(stm32f10x_tim.o)
TIM_OC1PolarityConfig                             stm32f10x_lib/libstm32.a(stm32f10x_tim.o)
TIM_OC1PreloadConfig                              stm32f10x_lib/libstm32.a(stm32f10x_tim.o)
                                                  APP/src/main.o
TIM_OC2FastConfig                                 stm32f10x_lib/libstm32.a(stm32f10x_tim.o)
TIM_OC2Init                                       stm32f10x_lib/libstm32.a(stm32f10x_tim.o)
TIM_OC2NPolarityConfig                            stm32f10x_lib/libstm32.a(stm32f10x_tim.o)
TIM_OC2PolarityConfig                             stm32f10x_lib/libstm32.a(stm32f10x_tim.o)
TIM_OC2PreloadConfig                              stm32f10x_lib/libstm32.a(stm32f10x_tim.o)
TIM_OC3FastConfig                                 stm32f10x_lib/libstm32.a(stm32f10x_tim.o)
TIM_OC3Init                                       stm32f10x_lib/libstm32.a(stm32f10x_tim.o)
TIM_OC3NPolarityConfig                            stm32f10x_lib/libstm32.a(stm32f10x_tim.o)
TIM_OC3PolarityConfig                             stm32f10x_lib/libstm32.a(stm32f10x_tim.o)
TIM_OC3PreloadConfig                              stm32f10x_lib/libstm32.a(stm32f10x_tim.o)
TIM_OC4FastConfig                                 stm32f10x_lib/libstm32.a(stm32f10x_tim.o)
TIM_OC4Init                                       stm32f10x_lib/libstm32.a(stm32f10x_tim.o)
TIM_OC4PolarityConfig                             stm32f10x_lib/libstm32.a(stm32f10x_tim.o)
TIM_OC4PreloadConfig                              stm32f10x_lib/libstm32.a(stm32f10x_tim.o)
TIM_OCStructInit                                  stm32f10x_lib/libstm32.a(stm32f10x_tim.o)
                                                  APP/src/main.o
TIM_PWMIConfig                                    stm32f10x_lib/libstm32.a(stm32f10x_tim.o)
TIM_PrescalerConfig                               stm32f10x_lib/libstm32.a(stm32f10x_tim.o)
                                                  APP/src/main.o
TIM_SelectCCDMA                                   stm32f10x_lib/libstm32.a(stm32f10x_tim.o)
TIM_SelectCOM                                     stm32f10x_lib/libstm32.a(stm32f10x_tim.o)
TIM_SelectHallSensor                              stm32f10x_lib/libstm32.a(stm32f10x_tim.o)
TIM_SelectInputTrigger                            stm32f10x_lib/libstm32.a(stm32f10x_tim.o)
TIM_SelectMasterSlaveMode                         stm32f10x_lib/libstm32.a(stm32f10x_tim.o)
TIM_SelectOCxM                                    stm32f10x_lib/libstm32.a(stm32f10x_tim.o)
TIM_SelectOnePulseMode                            stm32f10x_lib/libstm32.a(stm32f10x_tim.o)
TIM_SelectOutputTrigger                           stm32f10x_lib/libstm32.a(stm32f10x_tim.o)
TIM_SelectSlaveMode                               stm32f10x_lib/libstm32.a(stm32f10x_tim.o)
TIM_SetAutoreload                                 stm32f10x_lib/libstm32.a(stm32f10x_tim.o)
TIM_SetClockDivision                              stm32f10x_lib/libstm32.a(stm32f10x_tim.o)
TIM_SetCompare1                                   stm32f10x_lib/libstm32.a(stm32f10x_tim.o)
                                                  APP/src/main.o
TIM_SetCompare2                                   stm32f10x_lib/libstm32.a(stm32f10x_tim.o)
TIM_SetCompare3                                   stm32f10x_lib/libstm32.a(stm32f10x_tim.o)
TIM_SetCompare4                                   stm32f10x_lib/libstm32.a(stm32f10x_tim.o)
TIM_SetCounter                                    stm32f10x_lib/libstm32.a(stm32f10x_tim.o)
TIM_SetIC1Prescaler                               stm32f10x_lib/libstm32.a(stm32f10x_tim.o)
TIM_SetIC2Prescaler                               stm32f10x_lib/libstm32.a(stm32f10x_tim.o)
TIM_SetIC3Prescaler                               stm32f10x_lib/libstm32.a(stm32f10x_tim.o)
TIM_SetIC4Prescaler                               stm32f10x_lib/libstm32.a(stm32f10x_tim.o)
TIM_TIxExternalClockConfig                        stm32f10x_lib/libstm32.a(stm32f10x_tim.o)
TIM_TimeBaseInit                                  stm32f10x_lib/libstm32.a(stm32f10x_tim.o)
                                                  APP/src/main.o
TIM_TimeBaseStructInit                            stm32f10x_lib/libstm32.a(stm32f10x_tim.o)
                                                  APP/src/main.o
TIM_UpdateDisableConfig                           stm32f10x_lib/libstm32.a(stm32f10x_tim.o)
TIM_UpdateRequestConfig                           stm32f10x_lib/libstm32.a(stm32f10x_tim.o)
TimerInterrupt_1ms                                APP/src/main.o
                                                  APP/src/stm32f10x_it.o
Timer_Configuration                               APP/src/main.o
TxDByte16                                         APP/src/main.o
TxDByte_DXL                                       APP/src/main.o
                                                  APP/src/dxl_hal.o
TxDByte_PC                                        APP/src/main.o
TxDString                                         APP/src/main.o
TxDWord16                                         APP/src/main.o
UART4_IRQHandler                                  APP/src/stm32f10x_it.o
                                                  stm32f10x_lib/libstm32.a(stm32f10x_vector.o)
UART5_IRQHandler                                  APP/src/stm32f10x_it.o
                                                  stm32f10x_lib/libstm32.a(stm32f10x_vector.o)
USART1_Configuration                              APP/src/main.o
                                                  APP/src/dxl_hal.o
USART1_IRQHandler                                 APP/src/stm32f10x_it.o
                                                  stm32f10x_lib/libstm32.a(stm32f10x_vector.o)
USART2_IRQHandler                                 APP/src/stm32f10x_it.o
                                                  stm32f10x_lib/libstm32.a(stm32f10x_vector.o)
USART3_IRQHandler                                 APP/src/stm32f10x_it.o
                                                  stm32f10x_lib/libstm32.a(stm32f10x_vector.o)
USART_ClearFlag                                   stm32f10x_lib/libstm32.a(stm32f10x_usart.o)
USART_ClearITPendingBit                           stm32f10x_lib/libstm32.a(stm32f10x_usart.o)
USART_ClockInit                                   stm32f10x_lib/libstm32.a(stm32f10x_usart.o)
USART_ClockStructInit                             stm32f10x_lib/libstm32.a(stm32f10x_usart.o)
USART_Cmd                                         stm32f10x_lib/libstm32.a(stm32f10x_usart.o)
                                                  APP/src/main.o
USART_Configuration                               APP/src/main.o
USART_DMACmd                                      stm32f10x_lib/libstm32.a(stm32f10x_usart.o)
USART_DeInit                                      stm32f10x_lib/libstm32.a(stm32f10x_usart.o)
                                                  APP/src/main.o
USART_GetFlagStatus                               stm32f10x_lib/libstm32.a(stm32f10x_usart.o)
                                                  APP/src/main.o
USART_GetITStatus                                 stm32f10x_lib/libstm32.a(stm32f10x_usart.o)
                                                  APP/src/main.o
USART_HalfDuplexCmd                               stm32f10x_lib/libstm32.a(stm32f10x_usart.o)
USART_ITConfig                                    stm32f10x_lib/libstm32.a(stm32f10x_usart.o)
                                                  APP/src/main.o
USART_Init                                        stm32f10x_lib/libstm32.a(stm32f10x_usart.o)
                                                  APP/src/main.o
USART_IrDACmd                                     stm32f10x_lib/libstm32.a(stm32f10x_usart.o)
USART_IrDAConfig                                  stm32f10x_lib/libstm32.a(stm32f10x_usart.o)
USART_LINBreakDetectLengthConfig                  stm32f10x_lib/libstm32.a(stm32f10x_usart.o)
USART_LINCmd                                      stm32f10x_lib/libstm32.a(stm32f10x_usart.o)
USART_ReceiveData                                 stm32f10x_lib/libstm32.a(stm32f10x_usart.o)
                                                  APP/src/main.o
USART_ReceiverWakeUpCmd                           stm32f10x_lib/libstm32.a(stm32f10x_usart.o)
USART_SendBreak                                   stm32f10x_lib/libstm32.a(stm32f10x_usart.o)
USART_SendData                                    stm32f10x_lib/libstm32.a(stm32f10x_usart.o)
                                                  APP/src/main.o
USART_SetAddress                                  stm32f10x_lib/libstm32.a(stm32f10x_usart.o)
USART_SetGuardTime                                stm32f10x_lib/libstm32.a(stm32f10x_usart.o)
USART_SetPrescaler                                stm32f10x_lib/libstm32.a(stm32f10x_usart.o)
USART_SmartCardCmd                                stm32f10x_lib/libstm32.a(stm32f10x_usart.o)
USART_SmartCardNACKCmd                            stm32f10x_lib/libstm32.a(stm32f10x_usart.o)
USART_StructInit                                  stm32f10x_lib/libstm32.a(stm32f10x_usart.o)
                                                  APP/src/main.o
USART_WakeUpConfig                                stm32f10x_lib/libstm32.a(stm32f10x_usart.o)
USBWakeUp_IRQHandler                              APP/src/stm32f10x_it.o
                                                  stm32f10x_lib/libstm32.a(stm32f10x_vector.o)
USB_HP_CAN_TX_IRQHandler                          APP/src/stm32f10x_it.o
                                                  stm32f10x_lib/libstm32.a(stm32f10x_vector.o)
USB_LP_CAN_RX0_IRQHandler                         APP/src/stm32f10x_it.o
                                                  stm32f10x_lib/libstm32.a(stm32f10x_vector.o)
UsageFaultException                               APP/src/stm32f10x_it.o
                                                  stm32f10x_lib/libstm32.a(stm32f10x_vector.o)
Voltage                                           APP/src/main.o
WWDG_IRQHandler                                   APP/src/stm32f10x_it.o
                                                  stm32f10x_lib/libstm32.a(stm32f10x_vector.o)
_Jv_RegisterClasses                               /home/clement/tools/gcc-arm-none-eabi-4_9-2015q3/bin/../lib/gcc/arm-none-eabi/4.9.3/crtbegin.o
__BASEPRICONFIG                                   stm32f10x_lib/libstm32.a(cortexm3_macro.o)
                                                  stm32f10x_lib/libstm32.a(stm32f10x_nvic.o)
__DMB                                             stm32f10x_lib/libstm32.a(cortexm3_macro.o)
__DSB                                             stm32f10x_lib/libstm32.a(cortexm3_macro.o)
__GetBASEPRI                                      stm32f10x_lib/libstm32.a(cortexm3_macro.o)
                                                  stm32f10x_lib/libstm32.a(stm32f10x_nvic.o)
__ISB                                             stm32f10x_lib/libstm32.a(cortexm3_macro.o)
__ISR_DELAY                                       APP/src/main.o
                                                  APP/src/stm32f10x_it.o
__MRS_CONTROL                                     stm32f10x_lib/libstm32.a(cortexm3_macro.o)
__MRS_MSP                                         stm32f10x_lib/libstm32.a(cortexm3_macro.o)
__MRS_PSP                                         stm32f10x_lib/libstm32.a(cortexm3_macro.o)
__MSR_CONTROL                                     stm32f10x_lib/libstm32.a(cortexm3_macro.o)
__MSR_MSP                                         stm32f10x_lib/libstm32.a(cortexm3_macro.o)
__MSR_PSP                                         stm32f10x_lib/libstm32.a(cortexm3_macro.o)
__RESETFAULTMASK                                  stm32f10x_lib/libstm32.a(cortexm3_macro.o)
                                                  stm32f10x_lib/libstm32.a(stm32f10x_nvic.o)
__RESETPRIMASK                                    stm32f10x_lib/libstm32.a(cortexm3_macro.o)
                                                  stm32f10x_lib/libstm32.a(stm32f10x_nvic.o)
__REV_HalfWord                                    stm32f10x_lib/libstm32.a(cortexm3_macro.o)
__REV_Word                                        stm32f10x_lib/libstm32.a(cortexm3_macro.o)
__SETFAULTMASK                                    stm32f10x_lib/libstm32.a(cortexm3_macro.o)
                                                  stm32f10x_lib/libstm32.a(stm32f10x_nvic.o)
__SETPRIMASK                                      stm32f10x_lib/libstm32.a(cortexm3_macro.o)
                                                  stm32f10x_lib/libstm32.a(stm32f10x_nvic.o)
__SEV                                             stm32f10x_lib/libstm32.a(cortexm3_macro.o)
__SVC                                             stm32f10x_lib/libstm32.a(cortexm3_macro.o)
__WFE                                             stm32f10x_lib/libstm32.a(cortexm3_macro.o)
                                                  stm32f10x_lib/libstm32.a(stm32f10x_pwr.o)
__WFI                                             stm32f10x_lib/libstm32.a(cortexm3_macro.o)
                                                  stm32f10x_lib/libstm32.a(stm32f10x_pwr.o)
__bss_end__                                       /home/clement/tools/gcc-arm-none-eabi-4_9-2015q3/bin/../lib/gcc/arm-none-eabi/4.9.3/../../../../arm-none-eabi/lib/crt0.o
__bss_start__                                     /home/clement/tools/gcc-arm-none-eabi-4_9-2015q3/bin/../lib/gcc/arm-none-eabi/4.9.3/../../../../arm-none-eabi/lib/crt0.o
__call_exitprocs                                  /home/clement/tools/gcc-arm-none-eabi-4_9-2015q3/bin/../lib/gcc/arm-none-eabi/4.9.3/../../../../arm-none-eabi/lib/libc.a(lib_a-__call_atexit.o)